Archive member included to satisfy reference by file (symbol)

.\CortexM3\ARM_GCC_541\Debug\Design01.a(CyDmac.o)
                              .\CortexM3\ARM_GCC_541\Debug\Cm3Start.o (CyDmacConfigure)
.\CortexM3\ARM_GCC_541\Debug\Design01.a(CyLib.o)
                              .\CortexM3\ARM_GCC_541\Debug\Cm3Start.o (CyHalt)
.\CortexM3\ARM_GCC_541\Debug\Design01.a(cyPm.o)
                              .\CortexM3\ARM_GCC_541\Debug\Design01.a(CyLib.o) (CyPmReadStatus)
.\CortexM3\ARM_GCC_541\Debug\Design01.a(Control_Reg_1.o)
                              .\CortexM3\ARM_GCC_541\Debug\main.o (Control_Reg_1_Write)
.\CortexM3\ARM_GCC_541\Debug\Design01.a(USBUART_1.o)
                              .\CortexM3\ARM_GCC_541\Debug\main.o (USBUART_1_Start)
.\CortexM3\ARM_GCC_541\Debug\Design01.a(USBUART_1_cdc.o)
                              .\CortexM3\ARM_GCC_541\Debug\main.o (USBUART_1_CDC_Init)
.\CortexM3\ARM_GCC_541\Debug\Design01.a(USBUART_1_drv.o)
                              .\CortexM3\ARM_GCC_541\Debug\Design01.a(USBUART_1.o) (USBUART_1_lastPacketSize)
.\CortexM3\ARM_GCC_541\Debug\Design01.a(USBUART_1_episr.o)
                              .\CortexM3\ARM_GCC_541\Debug\Design01.a(USBUART_1.o) (USBUART_1_EP_1_ISR)
.\CortexM3\ARM_GCC_541\Debug\Design01.a(USBUART_1_pm.o)
                              .\CortexM3\ARM_GCC_541\Debug\Design01.a(USBUART_1.o) (USBUART_1_DP_ISR)
.\CortexM3\ARM_GCC_541\Debug\Design01.a(USBUART_1_std.o)
                              .\CortexM3\ARM_GCC_541\Debug\Design01.a(USBUART_1_pm.o) (USBUART_1_ConfigReg)
.\CortexM3\ARM_GCC_541\Debug\Design01.a(USBUART_1_vnd.o)
                              .\CortexM3\ARM_GCC_541\Debug\Design01.a(USBUART_1_drv.o) (USBUART_1_HandleVendorRqst)
.\CortexM3\ARM_GCC_541\Debug\Design01.a(USBUART_1_Dp.o)
                              .\CortexM3\ARM_GCC_541\Debug\Design01.a(USBUART_1.o) (USBUART_1_Dp_ClearInterrupt)
.\CortexM3\ARM_GCC_541\Debug\Design01.a(USB_isr.o)
                              .\CortexM3\ARM_GCC_541\Debug\main.o (USB_isr_SetVector)
.\CortexM3\ARM_GCC_541\Debug\Design01.a(USBUART_1_ep3_dma.o)
                              .\CortexM3\ARM_GCC_541\Debug\Design01.a(USBUART_1.o) (USBUART_1_ep3_DmaInitialize)
.\CortexM3\ARM_GCC_541\Debug\Design01.a(USBUART_1_ep2_dma.o)
                              .\CortexM3\ARM_GCC_541\Debug\Design01.a(USBUART_1.o) (USBUART_1_ep2_DmaInitialize)
.\CortexM3\ARM_GCC_541\Debug\Design01.a(USBUART_1_ep1_dma.o)
                              .\CortexM3\ARM_GCC_541\Debug\Design01.a(USBUART_1.o) (USBUART_1_ep1_DmaInitialize)
.\CortexM3\ARM_GCC_541\Debug\Design01.a(ShiftReg_5.o)
                              .\CortexM3\ARM_GCC_541\Debug\main.o (ShiftReg_5_Stop)
.\CortexM3\ARM_GCC_541\Debug\Design01.a(ShiftReg_6.o)
                              .\CortexM3\ARM_GCC_541\Debug\main.o (ShiftReg_6_Stop)
.\CortexM3\ARM_GCC_541\Debug\Design01.a(ShiftReg_7.o)
                              .\CortexM3\ARM_GCC_541\Debug\main.o (ShiftReg_7_Init)
.\CortexM3\ARM_GCC_541\Debug\Design01.a(ShiftReg_8.o)
                              .\CortexM3\ARM_GCC_541\Debug\main.o (ShiftReg_8_Init)
.\CortexM3\ARM_GCC_541\Debug\Design01.a(Count7_1.o)
                              .\CortexM3\ARM_GCC_541\Debug\main.o (Count7_1_Init)
.\CortexM3\ARM_GCC_541\Debug\Design01.a(CyBootAsmGnu.o)
                              .\CortexM3\ARM_GCC_541\Debug\cyfitter_cfg.o (CyDelayCycles)
.\CortexM3\ARM_GCC_541\Debug\Design01.a(CyFlash.o)
                              .\CortexM3\ARM_GCC_541\Debug\Design01.a(cyPm.o) (CyFlash_SetWaitCycles)
.\CortexM3\ARM_GCC_541\Debug\Design01.a(CySpc.o)
                              .\CortexM3\ARM_GCC_541\Debug\Design01.a(CyFlash.o) (CySpcStart)
.\CortexM3\ARM_GCC_541\Debug\Design01.a(cyutils.o)
                              .\CortexM3\ARM_GCC_541\Debug\Design01.a(ShiftReg_5.o) (CySetReg24)
.\CortexM3\ARM_GCC_541\Debug\Design01.a(USBUART_1_cls.o)
                              .\CortexM3\ARM_GCC_541\Debug\Design01.a(USBUART_1_drv.o) (USBUART_1_DispatchClassRqst)
.\CortexM3\ARM_GCC_541\Debug\Design01.a(USBUART_1_descr.o)
                              .\CortexM3\ARM_GCC_541\Debug\Design01.a(USBUART_1_std.o) (USBUART_1_idSerialNumberStringDescriptor)
c:/program files (x86)/cypress/psoc creator/4.2/psoc creator/import/gnu/arm/5.4.1/bin/../lib/gcc/arm-none-eabi/5.4.1/../../../../arm-none-eabi/lib/armv7-m\libg_nano.a(lib_a-errno.o)
                              .\CortexM3\ARM_GCC_541\Debug\Cm3Start.o (__errno)
c:/program files (x86)/cypress/psoc creator/4.2/psoc creator/import/gnu/arm/5.4.1/bin/../lib/gcc/arm-none-eabi/5.4.1/../../../../arm-none-eabi/lib/armv7-m\libg_nano.a(lib_a-exit.o)
                              c:/program files (x86)/cypress/psoc creator/4.2/psoc creator/import/gnu/arm/5.4.1/bin/../lib/gcc/arm-none-eabi/5.4.1/../../../../arm-none-eabi/lib/armv7-m/crt0.o (exit)
[...]
Memory Configuration

Name             Origin             Length             Attributes
rom              0x00000000         0x00040000         xr
ram              0x1fff8000         0x00010000         xrw
*default*        0x00000000         0xffffffff

Linker script and memory map

LOAD c:/program files (x86)/cypress/psoc creator/4.2/psoc creator/import/gnu/arm/5.4.1/bin/../lib/gcc/arm-none-eabi/5.4.1/armv7-m/crti.o
LOAD c:/program files (x86)/cypress/psoc creator/4.2/psoc creator/import/gnu/arm/5.4.1/bin/../lib/gcc/arm-none-eabi/5.4.1/armv7-m/crtbegin.o
LOAD c:/program files (x86)/cypress/psoc creator/4.2/psoc creator/import/gnu/arm/5.4.1/bin/../lib/gcc/arm-none-eabi/5.4.1/../../../../arm-none-eabi/lib/armv7-m/crt0.o
START GROUP
LOAD .\CortexM3\ARM_GCC_541\Debug\main.o
LOAD .\CortexM3\ARM_GCC_541\Debug\DSP.o
LOAD .\CortexM3\ARM_GCC_541\Debug\cyfitter_cfg.o
LOAD .\CortexM3\ARM_GCC_541\Debug\cymetadata.o
LOAD .\CortexM3\ARM_GCC_541\Debug\Cm3Start.o
LOAD .\CortexM3\ARM_GCC_541\Debug\Design01.a
LOAD C:\Program Files (x86)\Cypress\PSoC Creator\4.2\PSoC Creator\psoc\content\cycomponentlibrary\CyComponentLibrary.cylib\CortexM3\ARM_GCC_541\Debug\CyComponentLibrary.a
LOAD c:/program files (x86)/cypress/psoc creator/4.2/psoc creator/import/gnu/arm/5.4.1/bin/../lib/gcc/arm-none-eabi/5.4.1/../../../../arm-none-eabi/lib/armv7-m\libm.a
END GROUP
START GROUP
LOAD c:/program files (x86)/cypress/psoc creator/4.2/psoc creator/import/gnu/arm/5.4.1/bin/../lib/gcc/arm-none-eabi/5.4.1/armv7-m\libgcc.a
LOAD c:/program files (x86)/cypress/psoc creator/4.2/psoc creator/import/gnu/arm/5.4.1/bin/../lib/gcc/arm-none-eabi/5.4.1/../../../../arm-none-eabi/lib/armv7-m\libg_nano.a
LOAD c:/program files (x86)/cypress/psoc creator/4.2/psoc creator/import/gnu/arm/5.4.1/bin/../lib/gcc/arm-none-eabi/5.4.1/../../../../arm-none-eabi/lib/armv7-m\libc_nano.a
END GROUP
START GROUP
LOAD c:/program files (x86)/cypress/psoc creator/4.2/psoc creator/import/gnu/arm/5.4.1/bin/../lib/gcc/arm-none-eabi/5.4.1/armv7-m\libgcc.a
LOAD c:/program files (x86)/cypress/psoc creator/4.2/psoc creator/import/gnu/arm/5.4.1/bin/../lib/gcc/arm-none-eabi/5.4.1/../../../../arm-none-eabi/lib/armv7-m\libc_nano.a
END GROUP
LOAD c:/program files (x86)/cypress/psoc creator/4.2/psoc creator/import/gnu/arm/5.4.1/bin/../lib/gcc/arm-none-eabi/5.4.1/armv7-m/crtend.o
LOAD c:/program files (x86)/cypress/psoc creator/4.2/psoc creator/import/gnu/arm/5.4.1/bin/../lib/gcc/arm-none-eabi/5.4.1/armv7-m/crtn.o
START GROUP
LOAD c:/program files (x86)/cypress/psoc creator/4.2/psoc creator/import/gnu/arm/5.4.1/bin/../lib/gcc/arm-none-eabi/5.4.1/armv7-m\libgcc.a
LOAD c:/program files (x86)/cypress/psoc creator/4.2/psoc creator/import/gnu/arm/5.4.1/bin/../lib/gcc/arm-none-eabi/5.4.1/../../../../arm-none-eabi/lib/armv7-m\libc.a
LOAD c:/program files (x86)/cypress/psoc creator/4.2/psoc creator/import/gnu/arm/5.4.1/bin/../lib/gcc/arm-none-eabi/5.4.1/../../../../arm-none-eabi/lib/armv7-m\libnosys.a
END GROUP
                0x00000000                CY_APPL_ORIGIN = 0x0
                0x00000100                CY_FLASH_ROW_SIZE = 0x100
                0x00000020                CY_ECC_ROW_SIZE = 0x20
                0x00000000                CY_EE_IN_BTLDR = 0x0
                0x00000000                CY_APPL_LOADABLE = 0x0
                0x00000800                CY_EE_SIZE = 0x800
                0x00000001                CY_APPL_NUM = 0x1
                0x00000001                CY_APPL_MAX = 0x1
                0x00000040                CY_METADATA_SIZE = 0x40
                0x00000000                CY_APPL_LOADABLE = 0x0
                0x00000000                CY_CHECKSUM_EXCLUDE_SIZE = ALIGN (0x0, CY_FLASH_ROW_SIZE)
                [!provide]                PROVIDE (__cy_heap_start, _end)
                0x00000001                PROVIDE (__cy_region_num, ((__cy_regions_end - __cy_regions) / 0x10))
                0x20008000                PROVIDE (__cy_stack, (ORIGIN (ram) + LENGTH (ram)))
                [!provide]                PROVIDE (__cy_heap_end, (__cy_stack - 0x800))

.cybootloader   0x00000000        0x0
 *(.cybootloader)
                0x00000000                appl1_start = CY_APPL_ORIGIN?CY_APPL_ORIGIN:ALIGN (CY_FLASH_ROW_SIZE)
                0x0001ff00                appl2_start = (appl1_start + ALIGN ((((LENGTH (rom) - appl1_start) - (0x2 * CY_FLASH_ROW_SIZE)) / 0x2), CY_FLASH_ROW_SIZE))
                0x00000000                appl_start = (CY_APPL_NUM == 0x1)?appl1_start:appl2_start
                0x00000000                ecc_offset = ((appl_start / CY_FLASH_ROW_SIZE) * CY_ECC_ROW_SIZE)
                0x00000000                ee_offset = (CY_APPL_LOADABLE && ! (CY_EE_IN_BTLDR))?((CY_EE_SIZE / CY_APPL_MAX) * (CY_APPL_NUM - 0x1)):0x0
                0x00000800                ee_size = (CY_APPL_LOADABLE && ! (CY_EE_IN_BTLDR))?(CY_EE_SIZE / CY_APPL_MAX):CY_EE_SIZE
                [!provide]                PROVIDE (CY_ECC_OFFSET, ecc_offset)

.text           0x00000000     0x23e2
 CREATE_OBJECT_SYMBOLS
                0x00000000                PROVIDE (__cy_interrupt_vector, RomVectors)
 *(.romvectors)
 .romvectors    0x00000000       0x10 .\CortexM3\ARM_GCC_541\Debug\Cm3Start.o
                0x00000000                RomVectors
                0x00000001                ASSERT ((. != __cy_interrupt_vector), No interrupt vector)
                0x00000001                ASSERT (CY_APPL_ORIGIN?(SIZEOF (.cybootloader) <= CY_APPL_ORIGIN):0x1, Wrong image location)
                0x00000010                PROVIDE (__cy_reset, Reset)
 *(.text.Reset)
 .text.Reset    0x00000010       0x18 .\CortexM3\ARM_GCC_541\Debug\Cm3Start.o
                0x00000010                Reset
                0x00000001                ASSERT ((. != __cy_reset), No reset code)
 *(.dma_init)
                0x00000001                ASSERT ((((appl_start + .) <= 0x10000) || 0x1), DMA Init must be within the first 64k of flash)
 *(.text .text.* .gnu.linkonce.t.*)
 .text          0x00000028       0x5c c:/program files (x86)/cypress/psoc creator/4.2/psoc creator/import/gnu/arm/5.4.1/bin/../lib/gcc/arm-none-eabi/5.4.1/armv7-m/crtbegin.o
 .text.USB_NeWk
                0x00000084       0xb0 .\CortexM3\ARM_GCC_541\Debug\main.o
                0x00000084                USB_NeWk
 .text.init_usb_my
                0x00000134       0x18 .\CortexM3\ARM_GCC_541\Debug\main.o
                0x00000134                init_usb_my
 .text.main     0x0000014c       0x84 .\CortexM3\ARM_GCC_541\Debug\main.o
                0x0000014c                main
 .text.CyClockStartupError
                0x000001d0        0x4 .\CortexM3\ARM_GCC_541\Debug\cyfitter_cfg.o
 .text.cfg_write_bytes32
                0x000001d4       0x34 .\CortexM3\ARM_GCC_541\Debug\cyfitter_cfg.o
 .text.AnalogSetDefault
                0x00000208       0x28 .\CortexM3\ARM_GCC_541\Debug\cyfitter_cfg.o
 .text.CYMEMZERO
                0x00000230        0xc .\CortexM3\ARM_GCC_541\Debug\cyfitter_cfg.o
 .text.ClockSetup
                0x0000023c       0xa0 .\CortexM3\ARM_GCC_541\Debug\cyfitter_cfg.o
 .text.CYCONFIGCPY
                0x000002dc        0x8 .\CortexM3\ARM_GCC_541\Debug\cyfitter_cfg.o
 .text.cyfitter_cfg
                0x000002e4      0x11c .\CortexM3\ARM_GCC_541\Debug\cyfitter_cfg.o
                0x000002e4                cyfitter_cfg
 .text.IntDefaultHandler
                0x00000400       0x10 .\CortexM3\ARM_GCC_541\Debug\Cm3Start.o
                0x00000400                IntDefaultHandler
 .text.Start_c  0x00000410       0x4c .\CortexM3\ARM_GCC_541\Debug\Cm3Start.o
                0x00000410                Start_c
 .text.initialize_psoc
                0x0000045c       0x6c .\CortexM3\ARM_GCC_541\Debug\Cm3Start.o
                0x0000045c                initialize_psoc
 .text.CyDmacConfigure
                0x000004c8       0x34 .\CortexM3\ARM_GCC_541\Debug\Design01.a(CyDmac.o)
                0x000004c8                CyDmacConfigure
 .text.CyDmaChEnable
                0x000004fc       0x38 .\CortexM3\ARM_GCC_541\Debug\Design01.a(CyDmac.o)
                0x000004fc                CyDmaChEnable
 .text.CyDmaChDisable
                0x00000534       0x24 .\CortexM3\ARM_GCC_541\Debug\Design01.a(CyDmac.o)
                0x00000534                CyDmaChDisable
 .text.CyDmaChPriority
                0x00000558       0x24 .\CortexM3\ARM_GCC_541\Debug\Design01.a(CyDmac.o)
                0x00000558                CyDmaChPriority
 .text.CyDmaChSetExtendedAddress
                0x0000057c       0x34 .\CortexM3\ARM_GCC_541\Debug\Design01.a(CyDmac.o)
                0x0000057c                CyDmaChSetExtendedAddress
 .text.CyDmaChSetInitialTd
                0x000005b0       0x18 .\CortexM3\ARM_GCC_541\Debug\Design01.a(CyDmac.o)
                0x000005b0                CyDmaChSetInitialTd
 .text.CyDmaChSetConfiguration
                0x000005c8       0x44 .\CortexM3\ARM_GCC_541\Debug\Design01.a(CyDmac.o)
                0x000005c8                CyDmaChSetConfiguration
 .text.CyDmaTdAllocate
                0x0000060c       0x34 .\CortexM3\ARM_GCC_541\Debug\Design01.a(CyDmac.o)
                0x0000060c                CyDmaTdAllocate
 .text.CyDmaTdSetConfiguration
                0x00000640       0x28 .\CortexM3\ARM_GCC_541\Debug\Design01.a(CyDmac.o)
                0x00000640                CyDmaTdSetConfiguration
 .text.CyDmaTdSetAddress
                0x00000668       0x1c .\CortexM3\ARM_GCC_541\Debug\Design01.a(CyDmac.o)
                0x00000668                CyDmaTdSetAddress
 .text.CyHalt   0x00000684        0x4 .\CortexM3\ARM_GCC_541\Debug\Design01.a(CyLib.o)
                0x00000684                CyHalt
 .text.CyDelayUs
                0x00000688       0x14 .\CortexM3\ARM_GCC_541\Debug\Design01.a(CyLib.o)
                0x00000688                CyDelayUs
 .text.CyIntSetVector
                0x0000069c       0x28 .\CortexM3\ARM_GCC_541\Debug\Design01.a(CyLib.o)
                0x0000069c                CyIntSetVector
 .text.CyIntSetPriority
                0x000006c4       0x30 .\CortexM3\ARM_GCC_541\Debug\Design01.a(CyLib.o)
                0x000006c4                CyIntSetPriority
 .text.CyGetUniqueId
                0x000006f4       0x70 .\CortexM3\ARM_GCC_541\Debug\Design01.a(CyLib.o)
                0x000006f4                CyGetUniqueId
 .text.Control_Reg_1_Write
                0x00000764        0xc .\CortexM3\ARM_GCC_541\Debug\Design01.a(Control_Reg_1.o)
                0x00000764                Control_Reg_1_Write
 .text.USBUART_1_Init
                0x00000770      0x168 .\CortexM3\ARM_GCC_541\Debug\Design01.a(USBUART_1.o)
                0x00000770                USBUART_1_Init
 .text.USBUART_1_InitComponent
                0x000008d8       0xd0 .\CortexM3\ARM_GCC_541\Debug\Design01.a(USBUART_1.o)
                0x000008d8                USBUART_1_InitComponent
 .text.USBUART_1_Start
                0x000009a8       0x24 .\CortexM3\ARM_GCC_541\Debug\Design01.a(USBUART_1.o)
                0x000009a8                USBUART_1_Start
 .text.USBUART_1_ReInitComponent
                0x000009cc       0x4c .\CortexM3\ARM_GCC_541\Debug\Design01.a(USBUART_1.o)
                0x000009cc                USBUART_1_ReInitComponent
 .text.USBUART_1_GetConfiguration
                0x00000a18        0xc .\CortexM3\ARM_GCC_541\Debug\Design01.a(USBUART_1.o)
                0x00000a18                USBUART_1_GetConfiguration
 .text.USBUART_1_GetEPState
                0x00000a24       0x14 .\CortexM3\ARM_GCC_541\Debug\Design01.a(USBUART_1.o)
                0x00000a24                USBUART_1_GetEPState
 .text.USBUART_1_GetEPCount
                0x00000a38       0x28 .\CortexM3\ARM_GCC_541\Debug\Design01.a(USBUART_1.o)
                0x00000a38                USBUART_1_GetEPCount
 .text.USBUART_1_InitEP_DMA
                0x00000a60       0x78 .\CortexM3\ARM_GCC_541\Debug\Design01.a(USBUART_1.o)
                0x00000a60                USBUART_1_InitEP_DMA
 .text.USBUART_1_LoadInEP
                0x00000ad8      0x104 .\CortexM3\ARM_GCC_541\Debug\Design01.a(USBUART_1.o)
                0x00000ad8                USBUART_1_LoadInEP
 .text.USBUART_1_ReadOutEP
                0x00000bdc       0xb0 .\CortexM3\ARM_GCC_541\Debug\Design01.a(USBUART_1.o)
                0x00000bdc                USBUART_1_ReadOutEP
 .text.USBUART_1_EnableOutEP
                0x00000c8c       0x2c .\CortexM3\ARM_GCC_541\Debug\Design01.a(USBUART_1.o)
                0x00000c8c                USBUART_1_EnableOutEP
 .text.USBUART_1_GetInterfaceComPort
                0x00000cb8       0x38 .\CortexM3\ARM_GCC_541\Debug\Design01.a(USBUART_1_cdc.o)
                0x00000cb8                USBUART_1_GetInterfaceComPort
 .text.USBUART_1_DispatchCDCClassRqst
                0x00000cf0       0x98 .\CortexM3\ARM_GCC_541\Debug\Design01.a(USBUART_1_cdc.o)
                0x00000cf0                USBUART_1_DispatchCDCClassRqst
 .text.USBUART_1_CDC_Init
                0x00000d88       0x98 .\CortexM3\ARM_GCC_541\Debug\Design01.a(USBUART_1_cdc.o)
                0x00000d88                USBUART_1_CDC_Init
 .text.USBUART_1_PutData
                0x00000e20       0x50 .\CortexM3\ARM_GCC_541\Debug\Design01.a(USBUART_1_cdc.o)
                0x00000e20                USBUART_1_PutData
 .text.USBUART_1_DataIsReady
                0x00000e70       0x18 .\CortexM3\ARM_GCC_541\Debug\Design01.a(USBUART_1_cdc.o)
                0x00000e70                USBUART_1_DataIsReady
 .text.USBUART_1_CDCIsReady
                0x00000e88       0x18 .\CortexM3\ARM_GCC_541\Debug\Design01.a(USBUART_1_cdc.o)
                0x00000e88                USBUART_1_CDCIsReady
 .text.USBUART_1_GetAll
                0x00000ea0       0x44 .\CortexM3\ARM_GCC_541\Debug\Design01.a(USBUART_1_cdc.o)
                0x00000ea0                USBUART_1_GetAll
 .text.USBUART_1_Cdc_EpInit
                0x00000ee4       0x50 .\CortexM3\ARM_GCC_541\Debug\Design01.a(USBUART_1_cdc.o)
                0x00000ee4                USBUART_1_Cdc_EpInit
 .text.USBUART_1_LoadEP0
                0x00000f34       0x98 .\CortexM3\ARM_GCC_541\Debug\Design01.a(USBUART_1_drv.o)
                0x00000f34                USBUART_1_LoadEP0
 .text.USBUART_1_InitZeroLengthControlTransfer
                0x00000fcc       0x34 .\CortexM3\ARM_GCC_541\Debug\Design01.a(USBUART_1_drv.o)
                0x00000fcc                USBUART_1_InitZeroLengthControlTransfer
 .text.USBUART_1_ControlReadDataStage
                0x00001000        0x8 .\CortexM3\ARM_GCC_541\Debug\Design01.a(USBUART_1_drv.o)
                0x00001000                USBUART_1_ControlReadDataStage
 .text.USBUART_1_ControlWriteDataStage
                0x00001008       0x84 .\CortexM3\ARM_GCC_541\Debug\Design01.a(USBUART_1_drv.o)
                0x00001008                USBUART_1_ControlWriteDataStage
 .text.USBUART_1_InitNoDataControlTransfer
                0x0000108c       0x2c .\CortexM3\ARM_GCC_541\Debug\Design01.a(USBUART_1_drv.o)
                0x0000108c                USBUART_1_InitNoDataControlTransfer
 .text.USBUART_1_UpdateStatusBlock
                0x000010b8       0x24 .\CortexM3\ARM_GCC_541\Debug\Design01.a(USBUART_1_drv.o)
                0x000010b8                USBUART_1_UpdateStatusBlock
 .text.USBUART_1_HandleSetup
                0x000010dc       0x5c .\CortexM3\ARM_GCC_541\Debug\Design01.a(USBUART_1_drv.o)
                0x000010dc                USBUART_1_HandleSetup
 .text.USBUART_1_ControlReadStatusStage
                0x00001138       0x38 .\CortexM3\ARM_GCC_541\Debug\Design01.a(USBUART_1_drv.o)
                0x00001138                USBUART_1_ControlReadStatusStage
 .text.USBUART_1_HandleOUT
                0x00001170       0x38 .\CortexM3\ARM_GCC_541\Debug\Design01.a(USBUART_1_drv.o)
                0x00001170                USBUART_1_HandleOUT
 .text.USBUART_1_ControlWriteStatusStage
                0x000011a8       0x20 .\CortexM3\ARM_GCC_541\Debug\Design01.a(USBUART_1_drv.o)
                0x000011a8                USBUART_1_ControlWriteStatusStage
 .text.USBUART_1_NoDataControlStatusStage
                0x000011c8       0x40 .\CortexM3\ARM_GCC_541\Debug\Design01.a(USBUART_1_drv.o)
                0x000011c8                USBUART_1_NoDataControlStatusStage
 .text.USBUART_1_HandleIN
                0x00001208       0x2c .\CortexM3\ARM_GCC_541\Debug\Design01.a(USBUART_1_drv.o)
                0x00001208                USBUART_1_HandleIN
 .text.USBUART_1_EP_0_ISR
                0x00001234       0xb8 .\CortexM3\ARM_GCC_541\Debug\Design01.a(USBUART_1_drv.o)
                0x00001234                USBUART_1_EP_0_ISR
 .text.USBUART_1_InitializeStatusBlock
                0x000012ec       0x24 .\CortexM3\ARM_GCC_541\Debug\Design01.a(USBUART_1_drv.o)
                0x000012ec                USBUART_1_InitializeStatusBlock
 .text.USBUART_1_InitControlRead
                0x00001310       0x50 .\CortexM3\ARM_GCC_541\Debug\Design01.a(USBUART_1_drv.o)
                0x00001310                USBUART_1_InitControlRead
 .text.USBUART_1_InitControlWrite
                0x00001360       0x48 .\CortexM3\ARM_GCC_541\Debug\Design01.a(USBUART_1_drv.o)
                0x00001360                USBUART_1_InitControlWrite
 .text.USBUART_1_EP_1_ISR
                0x000013a8       0x30 .\CortexM3\ARM_GCC_541\Debug\Design01.a(USBUART_1_episr.o)
                0x000013a8                USBUART_1_EP_1_ISR
 .text.USBUART_1_EP_2_ISR
                0x000013d8       0x34 .\CortexM3\ARM_GCC_541\Debug\Design01.a(USBUART_1_episr.o)
                0x000013d8                USBUART_1_EP_2_ISR
 .text.USBUART_1_EP_3_ISR
                0x0000140c       0x3c .\CortexM3\ARM_GCC_541\Debug\Design01.a(USBUART_1_episr.o)
                0x0000140c                USBUART_1_EP_3_ISR
 .text.USBUART_1_SOF_ISR
                0x00001448        0x4 .\CortexM3\ARM_GCC_541\Debug\Design01.a(USBUART_1_episr.o)
                0x00001448                USBUART_1_SOF_ISR
 .text.USBUART_1_BUS_RESET_ISR
                0x0000144c        0x8 .\CortexM3\ARM_GCC_541\Debug\Design01.a(USBUART_1_episr.o)
                0x0000144c                USBUART_1_BUS_RESET_ISR
 .text.USBUART_1_ARB_ISR
                0x00001454       0xa4 .\CortexM3\ARM_GCC_541\Debug\Design01.a(USBUART_1_episr.o)
                0x00001454                USBUART_1_ARB_ISR
 .text.USBUART_1_DP_ISR
                0x000014f8        0x8 .\CortexM3\ARM_GCC_541\Debug\Design01.a(USBUART_1_pm.o)
                0x000014f8                USBUART_1_DP_ISR
 .text.USBUART_1_ReadDieID
                0x00001500       0x6c .\CortexM3\ARM_GCC_541\Debug\Design01.a(USBUART_1_std.o)
                0x00001500                USBUART_1_ReadDieID
 .text.USBUART_1_ConfigReg
                0x0000156c       0xa8 .\CortexM3\ARM_GCC_541\Debug\Design01.a(USBUART_1_std.o)
                0x0000156c                USBUART_1_ConfigReg
 .text.USBUART_1_GetConfigTablePtr
                0x00001614       0x28 .\CortexM3\ARM_GCC_541\Debug\Design01.a(USBUART_1_std.o)
                0x00001614                USBUART_1_GetConfigTablePtr
 .text.USBUART_1_ConfigAltChanged
                0x0000163c      0x11c .\CortexM3\ARM_GCC_541\Debug\Design01.a(USBUART_1_std.o)
                0x0000163c                USBUART_1_ConfigAltChanged
 .text.USBUART_1_GetDeviceTablePtr
                0x00001758       0x18 .\CortexM3\ARM_GCC_541\Debug\Design01.a(USBUART_1_std.o)
                0x00001758                USBUART_1_GetDeviceTablePtr
 .text.USBUART_1_GetInterfaceClassTablePtr
                0x00001770       0x28 .\CortexM3\ARM_GCC_541\Debug\Design01.a(USBUART_1_std.o)
                0x00001770                USBUART_1_GetInterfaceClassTablePtr
 .text.USBUART_1_Config
                0x00001798      0x1ec .\CortexM3\ARM_GCC_541\Debug\Design01.a(USBUART_1_std.o)
                0x00001798                USBUART_1_Config
 .text.USBUART_1_SetEndpointHalt
                0x00001984       0x64 .\CortexM3\ARM_GCC_541\Debug\Design01.a(USBUART_1_std.o)
                0x00001984                USBUART_1_SetEndpointHalt
 .text.USBUART_1_ClearEndpointHalt
                0x000019e8       0xac .\CortexM3\ARM_GCC_541\Debug\Design01.a(USBUART_1_std.o)
                0x000019e8                USBUART_1_ClearEndpointHalt
 .text.USBUART_1_ValidateAlternateSetting
                0x00001a94       0x4c .\CortexM3\ARM_GCC_541\Debug\Design01.a(USBUART_1_std.o)
                0x00001a94                USBUART_1_ValidateAlternateSetting
 .text.USBUART_1_HandleStandardRqst
                0x00001ae0      0x354 .\CortexM3\ARM_GCC_541\Debug\Design01.a(USBUART_1_std.o)
                0x00001ae0                USBUART_1_HandleStandardRqst
 .text.USBUART_1_HandleVendorRqst
                0x00001e34       0x18 .\CortexM3\ARM_GCC_541\Debug\Design01.a(USBUART_1_vnd.o)
                0x00001e34                USBUART_1_HandleVendorRqst
 .text.USBUART_1_Dp_ClearInterrupt
                0x00001e4c       0x10 .\CortexM3\ARM_GCC_541\Debug\Design01.a(USBUART_1_Dp.o)
                0x00001e4c                USBUART_1_Dp_ClearInterrupt
 .text.USB_isr_Interrupt
                0x00001e5c        0x4 .\CortexM3\ARM_GCC_541\Debug\Design01.a(USB_isr.o)
                0x00001e5c                USB_isr_Interrupt
 .text.USB_isr_SetVector
                0x00001e60       0x10 .\CortexM3\ARM_GCC_541\Debug\Design01.a(USB_isr.o)
                0x00001e60                USB_isr_SetVector
 .text.USB_isr_SetPriority
                0x00001e70       0x10 .\CortexM3\ARM_GCC_541\Debug\Design01.a(USB_isr.o)
                0x00001e70                USB_isr_SetPriority
 .text.USB_isr_Enable
                0x00001e80       0x10 .\CortexM3\ARM_GCC_541\Debug\Design01.a(USB_isr.o)
                0x00001e80                USB_isr_Enable
 .text.USB_isr_Disable
                0x00001e90       0x10 .\CortexM3\ARM_GCC_541\Debug\Design01.a(USB_isr.o)
                0x00001e90                USB_isr_Disable
 .text.USB_isr_Start
                0x00001ea0       0x1c .\CortexM3\ARM_GCC_541\Debug\Design01.a(USB_isr.o)
                0x00001ea0                USB_isr_Start
 .text.USBUART_1_ep3_DmaInitialize
                0x00001ebc       0x3c .\CortexM3\ARM_GCC_541\Debug\Design01.a(USBUART_1_ep3_dma.o)
                0x00001ebc                USBUART_1_ep3_DmaInitialize
 .text.USBUART_1_ep2_DmaInitialize
                0x00001ef8       0x3c .\CortexM3\ARM_GCC_541\Debug\Design01.a(USBUART_1_ep2_dma.o)
                0x00001ef8                USBUART_1_ep2_DmaInitialize
 .text.USBUART_1_ep1_DmaInitialize
                0x00001f34       0x3c .\CortexM3\ARM_GCC_541\Debug\Design01.a(USBUART_1_ep1_dma.o)
                0x00001f34                USBUART_1_ep1_DmaInitialize
 .text.ShiftReg_5_EnableInt
                0x00001f70       0x1c .\CortexM3\ARM_GCC_541\Debug\Design01.a(ShiftReg_5.o)
                0x00001f70                ShiftReg_5_EnableInt
 .text.ShiftReg_5_Enable
                0x00001f8c       0x18 .\CortexM3\ARM_GCC_541\Debug\Design01.a(ShiftReg_5.o)
                0x00001f8c                ShiftReg_5_Enable
 .text.ShiftReg_5_DisableInt
                0x00001fa4       0x1c .\CortexM3\ARM_GCC_541\Debug\Design01.a(ShiftReg_5.o)
                0x00001fa4                ShiftReg_5_DisableInt
 .text.ShiftReg_5_Stop
                0x00001fc0       0x18 .\CortexM3\ARM_GCC_541\Debug\Design01.a(ShiftReg_5.o)
                0x00001fc0                ShiftReg_5_Stop
 .text.ShiftReg_5_GetFIFOStatus
                0x00001fd8       0x48 .\CortexM3\ARM_GCC_541\Debug\Design01.a(ShiftReg_5.o)
                0x00001fd8                ShiftReg_5_GetFIFOStatus
 .text.ShiftReg_5_SetIntMode
                0x00002020       0x1c .\CortexM3\ARM_GCC_541\Debug\Design01.a(ShiftReg_5.o)
                0x00002020                ShiftReg_5_SetIntMode
 .text.ShiftReg_5_Init
                0x0000203c        0xc .\CortexM3\ARM_GCC_541\Debug\Design01.a(ShiftReg_5.o)
                0x0000203c                ShiftReg_5_Init
 .text.ShiftReg_5_Start
                0x00002048       0x1c .\CortexM3\ARM_GCC_541\Debug\Design01.a(ShiftReg_5.o)
                0x00002048                ShiftReg_5_Start
 .text.ShiftReg_5_WriteData
                0x00002064       0x20 .\CortexM3\ARM_GCC_541\Debug\Design01.a(ShiftReg_5.o)
                0x00002064                ShiftReg_5_WriteData
 .text.ShiftReg_6_EnableInt
                0x00002084       0x1c .\CortexM3\ARM_GCC_541\Debug\Design01.a(ShiftReg_6.o)
                0x00002084                ShiftReg_6_EnableInt
 .text.ShiftReg_6_Enable
                0x000020a0       0x18 .\CortexM3\ARM_GCC_541\Debug\Design01.a(ShiftReg_6.o)
                0x000020a0                ShiftReg_6_Enable
 .text.ShiftReg_6_DisableInt
                0x000020b8       0x1c .\CortexM3\ARM_GCC_541\Debug\Design01.a(ShiftReg_6.o)
                0x000020b8                ShiftReg_6_DisableInt
 .text.ShiftReg_6_Stop
                0x000020d4       0x18 .\CortexM3\ARM_GCC_541\Debug\Design01.a(ShiftReg_6.o)
                0x000020d4                ShiftReg_6_Stop
 .text.ShiftReg_6_GetFIFOStatus
                0x000020ec       0x48 .\CortexM3\ARM_GCC_541\Debug\Design01.a(ShiftReg_6.o)
                0x000020ec                ShiftReg_6_GetFIFOStatus
 .text.ShiftReg_6_SetIntMode
                0x00002134       0x1c .\CortexM3\ARM_GCC_541\Debug\Design01.a(ShiftReg_6.o)
                0x00002134                ShiftReg_6_SetIntMode
 .text.ShiftReg_6_Init
                0x00002150        0xc .\CortexM3\ARM_GCC_541\Debug\Design01.a(ShiftReg_6.o)
                0x00002150                ShiftReg_6_Init
 .text.ShiftReg_6_Start
                0x0000215c       0x1c .\CortexM3\ARM_GCC_541\Debug\Design01.a(ShiftReg_6.o)
                0x0000215c                ShiftReg_6_Start
 .text.ShiftReg_6_WriteData
                0x00002178       0x20 .\CortexM3\ARM_GCC_541\Debug\Design01.a(ShiftReg_6.o)
                0x00002178                ShiftReg_6_WriteData
 .text.ShiftReg_7_EnableInt
                0x00002198       0x1c .\CortexM3\ARM_GCC_541\Debug\Design01.a(ShiftReg_7.o)
                0x00002198                ShiftReg_7_EnableInt
 .text.ShiftReg_7_Enable
                0x000021b4       0x18 .\CortexM3\ARM_GCC_541\Debug\Design01.a(ShiftReg_7.o)
                0x000021b4                ShiftReg_7_Enable
 .text.ShiftReg_7_SetIntMode
                0x000021cc       0x1c .\CortexM3\ARM_GCC_541\Debug\Design01.a(ShiftReg_7.o)
                0x000021cc                ShiftReg_7_SetIntMode
 .text.ShiftReg_7_Init
                0x000021e8        0xc .\CortexM3\ARM_GCC_541\Debug\Design01.a(ShiftReg_7.o)
                0x000021e8                ShiftReg_7_Init
 .text.ShiftReg_7_Start
                0x000021f4       0x1c .\CortexM3\ARM_GCC_541\Debug\Design01.a(ShiftReg_7.o)
                0x000021f4                ShiftReg_7_Start
 .text.ShiftReg_8_EnableInt
                0x00002210       0x1c .\CortexM3\ARM_GCC_541\Debug\Design01.a(ShiftReg_8.o)
                0x00002210                ShiftReg_8_EnableInt
 .text.ShiftReg_8_Enable
                0x0000222c       0x18 .\CortexM3\ARM_GCC_541\Debug\Design01.a(ShiftReg_8.o)
                0x0000222c                ShiftReg_8_Enable
 .text.ShiftReg_8_SetIntMode
                0x00002244       0x1c .\CortexM3\ARM_GCC_541\Debug\Design01.a(ShiftReg_8.o)
                0x00002244                ShiftReg_8_SetIntMode
 .text.ShiftReg_8_Init
                0x00002260        0xc .\CortexM3\ARM_GCC_541\Debug\Design01.a(ShiftReg_8.o)
                0x00002260                ShiftReg_8_Init
 .text.ShiftReg_8_Start
                0x0000226c       0x1c .\CortexM3\ARM_GCC_541\Debug\Design01.a(ShiftReg_8.o)
                0x0000226c                ShiftReg_8_Start
 .text.Count7_1_Init
                0x00002288        0xc .\CortexM3\ARM_GCC_541\Debug\Design01.a(Count7_1.o)
                0x00002288                Count7_1_Init
 .text.Count7_1_Enable
                0x00002294       0x1c .\CortexM3\ARM_GCC_541\Debug\Design01.a(Count7_1.o)
                0x00002294                Count7_1_Enable
 .text.Count7_1_Start
                0x000022b0       0x1c .\CortexM3\ARM_GCC_541\Debug\Design01.a(Count7_1.o)
                0x000022b0                Count7_1_Start
 *fill*         0x000022cc        0x4 
 .text          0x000022d0       0x20 .\CortexM3\ARM_GCC_541\Debug\Design01.a(CyBootAsmGnu.o)
                0x000022d0                CyDelayCycles
                0x000022e0                CyEnterCriticalSection
                0x000022e8                CyExitCriticalSection
 .text.CySetReg24
                0x000022f0       0x14 .\CortexM3\ARM_GCC_541\Debug\Design01.a(cyutils.o)
                0x000022f0                CySetReg24
 .text.USBUART_1_DispatchClassRqst
                0x00002304       0x60 .\CortexM3\ARM_GCC_541\Debug\Design01.a(USBUART_1_cls.o)
                0x00002304                USBUART_1_DispatchClassRqst
 .text.__errno  0x00002364        0xc c:/program files (x86)/cypress/psoc creator/4.2/psoc creator/import/gnu/arm/5.4.1/bin/../lib/gcc/arm-none-eabi/5.4.1/../../../../arm-none-eabi/lib/armv7-m\libg_nano.a(lib_a-errno.o)
                0x00002364                __errno
 .text.__libc_init_array
                0x00002370       0x4c c:/program files (x86)/cypress/psoc creator/4.2/psoc creator/import/gnu/arm/5.4.1/bin/../lib/gcc/arm-none-eabi/5.4.1/../../../../arm-none-eabi/lib/armv7-m\libg_nano.a(lib_a-init.o)
                0x00002370                __libc_init_array
 .text.memcpy   0x000023bc       0x16 c:/program files (x86)/cypress/psoc creator/4.2/psoc creator/import/gnu/arm/5.4.1/bin/../lib/gcc/arm-none-eabi/5.4.1/../../../../arm-none-eabi/lib/armv7-m\libg_nano.a(lib_a-memcpy-stub.o)
                0x000023bc                memcpy
 .text.memset   0x000023d2       0x10 c:/program files (x86)/cypress/psoc creator/4.2/psoc creator/import/gnu/arm/5.4.1/bin/../lib/gcc/arm-none-eabi/5.4.1/../../../../arm-none-eabi/lib/armv7-m\libg_nano.a(lib_a-memset.o)
                0x000023d2                memset
 *(.plt)
 *(.gnu.warning)
 *(.glue_7t)
 .glue_7t       0x000023e2        0x0 linker stubs
 *(.glue_7)
 .glue_7        0x000023e2        0x0 linker stubs
 *(.vfp11_veneer)
 .vfp11_veneer  0x000023e2        0x0 linker stubs
 *(.bootloader)
 *(.ARM.extab* .gnu.linkonce.armextab.*)
 *(.gcc_except_table)

.v4_bx          0x000023e4        0x0
 .v4_bx         0x000023e4        0x0 linker stubs

.iplt           0x000023e4        0x0
 .iplt          0x000023e4        0x0 c:/program files (x86)/cypress/psoc creator/4.2/psoc creator/import/gnu/arm/5.4.1/bin/../lib/gcc/arm-none-eabi/5.4.1/armv7-m/crtbegin.o

.eh_frame_hdr
 *(.eh_frame_hdr)

.eh_frame       0x000023e4        0x4
 *(.eh_frame)
 .eh_frame      0x000023e4        0x0 c:/program files (x86)/cypress/psoc creator/4.2/psoc creator/import/gnu/arm/5.4.1/bin/../lib/gcc/arm-none-eabi/5.4.1/armv7-m/crtbegin.o
 .eh_frame      0x000023e4        0x4 c:/program files (x86)/cypress/psoc creator/4.2/psoc creator/import/gnu/arm/5.4.1/bin/../lib/gcc/arm-none-eabi/5.4.1/armv7-m/crtend.o
                [!provide]                PROVIDE (__exidx_start, .)

.ARM.exidx
 *(.ARM.exidx* .gnu.linkonce.armexidx.*)
                0x000023e8                __exidx_end = .

.rodata         0x000023e8      0x1d8
 *(.rodata .rodata.* .gnu.linkonce.r.*)
 .rodata        0x000023e8       0x30 .\CortexM3\ARM_GCC_541\Debug\cyfitter_cfg.o
 .rodata.str1.4
                0x00002418       0x14 .\CortexM3\ARM_GCC_541\Debug\Design01.a(USBUART_1_std.o)
                                 0x11 (size before relaxing)
 .rodata        0x0000242c      0x15e .\CortexM3\ARM_GCC_541\Debug\Design01.a(USBUART_1_descr.o)
                0x0000242c                USBUART_1_TABLE
                0x00002434                USBUART_1_DEVICE0_TABLE
                0x0000244c                USBUART_1_DEVICE0_CONFIGURATION0_TABLE
                0x00002474                USBUART_1_DEVICE0_CONFIGURATION0_INTERFACE_CLASS
                0x00002478                USBUART_1_DEVICE0_CONFIGURATION0_EP_SETTINGS_TABLE
                0x00002490                USBUART_1_SN_STRING_DESCRIPTOR
                0x00002494                USBUART_1_STRING_DESCRIPTORS
                0x00002534                USBUART_1_DEVICE0_CONFIGURATION0_DESCR
                0x00002578                USBUART_1_DEVICE0_DESCR
 .rodata.str1.1
                0x0000258a        0x2 c:/program files (x86)/cypress/psoc creator/4.2/psoc creator/import/gnu/arm/5.4.1/bin/../lib/gcc/arm-none-eabi/5.4.1/../../../../arm-none-eabi/lib/armv7-m\libg_nano.a(lib_a-impure.o)
                0x0000258c                . = ALIGN (0x4)
 *(.init)
 .init          0x0000258c        0x4 c:/program files (x86)/cypress/psoc creator/4.2/psoc creator/import/gnu/arm/5.4.1/bin/../lib/gcc/arm-none-eabi/5.4.1/armv7-m/crti.o
                0x0000258c                _init
 .init          0x00002590        0x8 c:/program files (x86)/cypress/psoc creator/4.2/psoc creator/import/gnu/arm/5.4.1/bin/../lib/gcc/arm-none-eabi/5.4.1/armv7-m/crtn.o
                0x00002598                . = ALIGN (0x4)
                0x00002598                __preinit_array_start = .
 *(.preinit_array)
                0x00002598                __preinit_array_end = .
                0x00002598                . = ALIGN (0x4)
                0x00002598                __init_array_start = .
 *(SORT(.init_array.*))
 *(.init_array)
 .init_array    0x00002598        0x4 c:/program files (x86)/cypress/psoc creator/4.2/psoc creator/import/gnu/arm/5.4.1/bin/../lib/gcc/arm-none-eabi/5.4.1/armv7-m/crtbegin.o
 .init_array    0x0000259c        0x4 .\CortexM3\ARM_GCC_541\Debug\Cm3Start.o
                0x000025a0                __init_array_end = .
                0x000025a0                . = ALIGN (0x4)
 *(.fini)
 .fini          0x000025a0        0x4 c:/program files (x86)/cypress/psoc creator/4.2/psoc creator/import/gnu/arm/5.4.1/bin/../lib/gcc/arm-none-eabi/5.4.1/armv7-m/crti.o
                0x000025a0                _fini
 .fini          0x000025a4        0x8 c:/program files (x86)/cypress/psoc creator/4.2/psoc creator/import/gnu/arm/5.4.1/bin/../lib/gcc/arm-none-eabi/5.4.1/armv7-m/crtn.o
                0x000025ac                . = ALIGN (0x4)
                0x000025ac                __fini_array_start = .
 *(.fini_array)
 .fini_array    0x000025ac        0x4 c:/program files (x86)/cypress/psoc creator/4.2/psoc creator/import/gnu/arm/5.4.1/bin/../lib/gcc/arm-none-eabi/5.4.1/armv7-m/crtbegin.o
 *(SORT(.fini_array.*))
                0x000025b0                __fini_array_end = .
                0x000025b0                . = ALIGN (0x4)
 *crtbegin.o(.ctors)
 *(EXCLUDE_FILE(*crtend.o) .ctors)
 *(SORT(.ctors.*))
 *crtend.o(.ctors)
                0x000025b0                . = ALIGN (0x4)
 *crtbegin.o(.dtors)
 *(EXCLUDE_FILE(*crtend.o) .dtors)
 *(SORT(.dtors.*))
 *crtend.o(.dtors)
                0x000025b0                . = ALIGN (0x4)
                0x000025b0                __cy_regions = .
                0x000025b0        0x4 LONG 0x25c0 __cy_region_init_ram
                0x000025b4        0x4 LONG 0x1fff80c8 __cy_region_start_data
                0x000025b8        0x4 LONG 0xa0 __cy_region_init_size_ram
                0x000025bc        0x4 LONG 0xb00 __cy_region_zero_size_ram
                0x000025c0                __cy_regions_end = .
                0x000025c0                . = ALIGN (0x8)
                0x000025c0                _etext = .

.cy_checksum_exclude
                0x000025c0        0x0
 *(.cy_checksum_exclude)

.ramvectors     0x1fff8000       0xc0
                0x1fff8000                __cy_region_start_ram = .
 *(.ramvectors)
 .ramvectors    0x1fff8000       0xc0 .\CortexM3\ARM_GCC_541\Debug\Cm3Start.o
                0x1fff8000                CyRamVectors

.noinit         0x1fff80c0        0x1
 *(.noinit)
 .noinit        0x1fff80c0        0x1 .\CortexM3\ARM_GCC_541\Debug\Design01.a(CyLib.o)
                0x1fff80c0                CyResetStatus

.data           0x1fff80c8       0xa0 load address 0x000025c0
                0x1fff80c8                __cy_region_start_data = .
 *(.jcr)
 .jcr           0x1fff80c8        0x0 c:/program files (x86)/cypress/psoc creator/4.2/psoc creator/import/gnu/arm/5.4.1/bin/../lib/gcc/arm-none-eabi/5.4.1/armv7-m/crtbegin.o
 .jcr           0x1fff80c8        0x4 c:/program files (x86)/cypress/psoc creator/4.2/psoc creator/import/gnu/arm/5.4.1/bin/../lib/gcc/arm-none-eabi/5.4.1/armv7-m/crtend.o
 *(.got.plt)
 *(.got)
 *(.shdata)
 *(.data .data.* .gnu.linkonce.d.*)
 .data          0x1fff80cc        0x8 .\CortexM3\ARM_GCC_541\Debug\Design01.a(CyDmac.o)
 .data          0x1fff80d4       0x10 .\CortexM3\ARM_GCC_541\Debug\Design01.a(CyLib.o)
                0x1fff80d4                cydelay_32k_ms
                0x1fff80d8                cydelay_freq_khz
                0x1fff80dc                cydelay_freq_mhz
                0x1fff80e0                cydelay_freq_hz
 .data          0x1fff80e4       0x1a .\CortexM3\ARM_GCC_541\Debug\Design01.a(USBUART_1_cdc.o)
                0x1fff80e4                USBUART_1_linesCoding
 .data          0x1fff80fe        0x1 .\CortexM3\ARM_GCC_541\Debug\Design01.a(USBUART_1_ep3_dma.o)
                0x1fff80fe                USBUART_1_ep3_DmaHandle
 .data          0x1fff80ff        0x1 .\CortexM3\ARM_GCC_541\Debug\Design01.a(USBUART_1_ep2_dma.o)
                0x1fff80ff                USBUART_1_ep2_DmaHandle
 .data          0x1fff8100        0x1 .\CortexM3\ARM_GCC_541\Debug\Design01.a(USBUART_1_ep1_dma.o)
                0x1fff8100                USBUART_1_ep1_DmaHandle
 *fill*         0x1fff8101        0x3 
 .data.impure_data
                0x1fff8104       0x60 c:/program files (x86)/cypress/psoc creator/4.2/psoc creator/import/gnu/arm/5.4.1/bin/../lib/gcc/arm-none-eabi/5.4.1/../../../../arm-none-eabi/lib/armv7-m\libg_nano.a(lib_a-impure.o)
 .data._impure_ptr
                0x1fff8164        0x4 c:/program files (x86)/cypress/psoc creator/4.2/psoc creator/import/gnu/arm/5.4.1/bin/../lib/gcc/arm-none-eabi/5.4.1/../../../../arm-none-eabi/lib/armv7-m\libg_nano.a(lib_a-impure.o)
                0x1fff8164                _impure_ptr
                0x1fff8168                . = ALIGN (0x8)
 *(.ram)
                0x1fff8168                _edata = .

.igot.plt       0x1fff8168        0x0 load address 0x00002660
 .igot.plt      0x1fff8168        0x0 c:/program files (x86)/cypress/psoc creator/4.2/psoc creator/import/gnu/arm/5.4.1/bin/../lib/gcc/arm-none-eabi/5.4.1/armv7-m/crtbegin.o

.bss            0x1fff8168      0xb00 load address 0x00002660
                0x1fff8168                PROVIDE (__bss_start__, .)
 *(.shbss)
 *(.bss .bss.* .gnu.linkonce.b.*)
 .bss           0x1fff8168       0x1c c:/program files (x86)/cypress/psoc creator/4.2/psoc creator/import/gnu/arm/5.4.1/bin/../lib/gcc/arm-none-eabi/5.4.1/armv7-m/crtbegin.o
 .bss           0x1fff8184        0x1 .\CortexM3\ARM_GCC_541\Debug\Design01.a(USBUART_1.o)
                0x1fff8184                USBUART_1_initVar
 .bss           0x1fff8185        0x1 .\CortexM3\ARM_GCC_541\Debug\Design01.a(USBUART_1_cdc.o)
 *fill*         0x1fff8186        0x2 
 .bss           0x1fff8188        0x2 .\CortexM3\ARM_GCC_541\Debug\Design01.a(USBUART_1_std.o)
 .bss           0x1fff818a        0x1 .\CortexM3\ARM_GCC_541\Debug\Design01.a(ShiftReg_5.o)
                0x1fff818a                ShiftReg_5_initVar
 .bss           0x1fff818b        0x1 .\CortexM3\ARM_GCC_541\Debug\Design01.a(ShiftReg_6.o)
                0x1fff818b                ShiftReg_6_initVar
 .bss           0x1fff818c        0x1 .\CortexM3\ARM_GCC_541\Debug\Design01.a(ShiftReg_7.o)
                0x1fff818c                ShiftReg_7_initVar
 .bss           0x1fff818d        0x1 .\CortexM3\ARM_GCC_541\Debug\Design01.a(ShiftReg_8.o)
                0x1fff818d                ShiftReg_8_initVar
 .bss           0x1fff818e        0x1 .\CortexM3\ARM_GCC_541\Debug\Design01.a(Count7_1.o)
                0x1fff818e                Count7_1_initVar
 *(COMMON)
 *fill*         0x1fff818f        0x1 
 COMMON         0x1fff8190      0x9ec .\CortexM3\ARM_GCC_541\Debug\main.o
                0x1fff8190                buffer_out1
                0x1fff8690                buffer
                0x1fff8710                count
                0x1fff8714                SZ
                0x1fff8afc                buffer_out
 COMMON         0x1fff8b7c       0x15 .\CortexM3\ARM_GCC_541\Debug\Design01.a(USBUART_1.o)
                0x1fff8b7c                USBUART_1_DmaChan
                0x1fff8b88                USBUART_1_DmaTd
 *fill*         0x1fff8b91        0x3 
 COMMON         0x1fff8b94       0x18 .\CortexM3\ARM_GCC_541\Debug\Design01.a(USBUART_1_cdc.o)
                0x1fff8b94                USBUART_1_cdcDataInEp
                0x1fff8b98                USBUART_1_cdcDataOutEp
                0x1fff8b9c                USBUART_1_cdcCommInInterruptEp
                0x1fff8ba0                USBUART_1_serialStateBitmap
                0x1fff8ba4                USBUART_1_linesChanged
                0x1fff8ba8                USBUART_1_linesControlBitmap
 COMMON         0x1fff8bac       0x97 .\CortexM3\ARM_GCC_541\Debug\Design01.a(USBUART_1_drv.o)
                0x1fff8bac                USBUART_1_interfaceSettingLast
                0x1fff8bae                USBUART_1_ep0Mode
                0x1fff8baf                USBUART_1_lastPacketSize
                0x1fff8bb0                USBUART_1_configurationChanged
                0x1fff8bb1                USBUART_1_configuration
                0x1fff8bb2                USBUART_1_interfaceNumber
                0x1fff8bb3                USBUART_1_deviceStatus
                0x1fff8bb4                USBUART_1_ep0Toggle
                0x1fff8bb8                USBUART_1_interfaceClass
                0x1fff8bbc                USBUART_1_interfaceSetting
                0x1fff8bc0                USBUART_1_currentTD
                0x1fff8bcc                USBUART_1_ep0Count
                0x1fff8bd0                USBUART_1_EP
                0x1fff8c3c                USBUART_1_transferByteCount
                0x1fff8c3e                USBUART_1_transferState
                0x1fff8c3f                USBUART_1_device
                0x1fff8c40                USBUART_1_interfaceStatus
                0x1fff8c42                USBUART_1_deviceAddress
 *fill*         0x1fff8c43        0x1 
 COMMON         0x1fff8c44       0x22 .\CortexM3\ARM_GCC_541\Debug\Design01.a(USBUART_1_descr.o)
                0x1fff8c44                USBUART_1_idSerialNumberStringDescriptor
                0x1fff8c68                . = ALIGN (0x8)
 *fill*         0x1fff8c66        0x2 
 *(.ram.b)
                0x1fff8c68                _end = .
                0x1fff8c68                __end = .
                0x1fff8c68                PROVIDE (end, .)
                0x1fff8c68                PROVIDE (__bss_end__, .)
                0x000025c0                __cy_region_init_ram = LOADADDR (.data)
                0x000000a0                __cy_region_init_size_ram = (_edata - ADDR (.data))
                0x00000b00                __cy_region_zero_size_ram = (_end - _edata)

.heap           0x1fff8c68       0x80 load address 0x00002660
                0x1fff8c68                . = _end
                0x1fff8ce8                . = (. + 0x80)
 *fill*         0x1fff8c68       0x80 
                0x1fff8ce8                __cy_heap_limit = .

.stack          0x20007800      0x800
                0x20007800                __cy_stack_limit = .
                0x20008000                . = (. + 0x800)
 *fill*         0x20007800      0x800 
                0x00000001                ASSERT ((__cy_stack_limit >= __cy_heap_limit), region RAM overflowed with stack)
                0x00000000                cy_checksum_exclude_size = (CY_APPL_LOADABLE == 0x1)?SIZEOF (.cy_checksum_exclude):0x0
                0x00000001                ASSERT ((cy_checksum_exclude_size <= CY_CHECKSUM_EXCLUDE_SIZE), CY_BOOT: Section .cy_checksum_exclude size exceedes specified limit.)

.cyloadermeta
 *(.cyloadermeta)

.cyloadablemeta
 *(.cyloadablemeta)

.cyconfigecc    0x80000000      0x620
 *(.cyconfigecc)
 .cyconfigecc   0x80000000      0x620 .\CortexM3\ARM_GCC_541\Debug\cymetadata.o
                0x80000000                cy_meta_configecc

.cycustnvl      0x90000000        0x4
 *(.cycustnvl)
 .cycustnvl     0x90000000        0x4 .\CortexM3\ARM_GCC_541\Debug\cymetadata.o
                0x90000000                cy_meta_custnvl

.cywolatch      0x90100000        0x4
 *(.cywolatch)
 .cywolatch     0x90100000        0x4 .\CortexM3\ARM_GCC_541\Debug\cymetadata.o
                0x90100000                cy_meta_wonvl

.cyeeprom       0x90200000        0x0
 *(.cyeeprom)
                0x00000001                ASSERT ((. <= ((0x90200000 + ee_offset) + ee_size)), .cyeeprom data will not fit in EEPROM)

.cyflashprotect
                0x90400000      0x100
 *(.cyflashprotect)
 .cyflashprotect
                0x90400000      0x100 .\CortexM3\ARM_GCC_541\Debug\cymetadata.o
                0x90400000                cy_meta_flashprotect

.cymeta         0x90500000        0xc
 *(.cymeta)
 .cymeta        0x90500000        0xc .\CortexM3\ARM_GCC_541\Debug\cymetadata.o
                0x90500000                cy_metadata

.rel.dyn        0x00002660        0x0 load address 0x9050000c
 .rel.iplt      0x00002660        0x0 c:/program files (x86)/cypress/psoc creator/4.2/psoc creator/import/gnu/arm/5.4.1/bin/../lib/gcc/arm-none-eabi/5.4.1/armv7-m/crtbegin.o

.stab
 *(.stab)

.stabstr
 *(.stabstr)

.debug
 *(.debug)

.line
 *(.line)

.debug_srcinfo
 *(.debug_srcinfo)

.debug_sfnames
 *(.debug_sfnames)

.debug_aranges  0x00000000      0xdc8
 *(.debug_aranges)
 .debug_aranges
                0x00000000       0x30 .\CortexM3\ARM_GCC_541\Debug\main.o
 .debug_aranges
                0x00000030       0x40 .\CortexM3\ARM_GCC_541\Debug\DSP.o
 .debug_aranges
                0x00000070       0x58 .\CortexM3\ARM_GCC_541\Debug\cyfitter_cfg.o
 .debug_aranges
                0x000000c8       0x18 .\CortexM3\ARM_GCC_541\Debug\cymetadata.o
 .debug_aranges
                0x000000e0       0x48 .\CortexM3\ARM_GCC_541\Debug\Cm3Start.o
 .debug_aranges
                0x00000128       0xd8 .\CortexM3\ARM_GCC_541\Debug\Design01.a(CyDmac.o)
 .debug_aranges
                0x00000200      0x2a0 .\CortexM3\ARM_GCC_541\Debug\Design01.a(CyLib.o)
 .debug_aranges
                0x000004a0       0x98 .\CortexM3\ARM_GCC_541\Debug\Design01.a(cyPm.o)
 .debug_aranges
                0x00000538       0x28 .\CortexM3\ARM_GCC_541\Debug\Design01.a(Control_Reg_1.o)
 .debug_aranges
                0x00000560       0xd8 .\CortexM3\ARM_GCC_541\Debug\Design01.a(USBUART_1.o)
 .debug_aranges
                0x00000638       0xe8 .\CortexM3\ARM_GCC_541\Debug\Design01.a(USBUART_1_cdc.o)
 .debug_aranges
                0x00000720       0x98 .\CortexM3\ARM_GCC_541\Debug\Design01.a(USBUART_1_drv.o)
 .debug_aranges
                0x000007b8       0x48 .\CortexM3\ARM_GCC_541\Debug\Design01.a(USBUART_1_episr.o)
 .debug_aranges
                0x00000800       0x40 .\CortexM3\ARM_GCC_541\Debug\Design01.a(USBUART_1_pm.o)
 .debug_aranges
                0x00000840       0x80 .\CortexM3\ARM_GCC_541\Debug\Design01.a(USBUART_1_std.o)
 .debug_aranges
                0x000008c0       0x20 .\CortexM3\ARM_GCC_541\Debug\Design01.a(USBUART_1_vnd.o)
 .debug_aranges
                0x000008e0       0x48 .\CortexM3\ARM_GCC_541\Debug\Design01.a(USBUART_1_Dp.o)
 .debug_aranges
                0x00000928       0x80 .\CortexM3\ARM_GCC_541\Debug\Design01.a(USB_isr.o)
 .debug_aranges
                0x000009a8       0x28 .\CortexM3\ARM_GCC_541\Debug\Design01.a(USBUART_1_ep3_dma.o)
 .debug_aranges
                0x000009d0       0x28 .\CortexM3\ARM_GCC_541\Debug\Design01.a(USBUART_1_ep2_dma.o)
 .debug_aranges
                0x000009f8       0x28 .\CortexM3\ARM_GCC_541\Debug\Design01.a(USBUART_1_ep1_dma.o)
 .debug_aranges
                0x00000a20       0x78 .\CortexM3\ARM_GCC_541\Debug\Design01.a(ShiftReg_5.o)
 .debug_aranges
                0x00000a98       0x78 .\CortexM3\ARM_GCC_541\Debug\Design01.a(ShiftReg_6.o)
 .debug_aranges
                0x00000b10       0x78 .\CortexM3\ARM_GCC_541\Debug\Design01.a(ShiftReg_7.o)
 .debug_aranges
                0x00000b88       0x78 .\CortexM3\ARM_GCC_541\Debug\Design01.a(ShiftReg_8.o)
 .debug_aranges
                0x00000c00       0x58 .\CortexM3\ARM_GCC_541\Debug\Design01.a(Count7_1.o)
 .debug_aranges
                0x00000c58       0x20 .\CortexM3\ARM_GCC_541\Debug\Design01.a(CyBootAsmGnu.o)
 .debug_aranges
                0x00000c78       0x80 .\CortexM3\ARM_GCC_541\Debug\Design01.a(CyFlash.o)
 .debug_aranges
                0x00000cf8       0x78 .\CortexM3\ARM_GCC_541\Debug\Design01.a(CySpc.o)
 .debug_aranges
                0x00000d70       0x20 .\CortexM3\ARM_GCC_541\Debug\Design01.a(cyutils.o)
 .debug_aranges
                0x00000d90       0x20 .\CortexM3\ARM_GCC_541\Debug\Design01.a(USBUART_1_cls.o)
 .debug_aranges
                0x00000db0       0x18 .\CortexM3\ARM_GCC_541\Debug\Design01.a(USBUART_1_descr.o)

.debug_pubnames
 *(.debug_pubnames)

.debug_info     0x00000000     0x92ba
 *(.debug_info .gnu.linkonce.wi.*)
 .debug_info    0x00000000      0x4ab .\CortexM3\ARM_GCC_541\Debug\main.o
 .debug_info    0x000004ab      0x277 .\CortexM3\ARM_GCC_541\Debug\DSP.o
 .debug_info    0x00000722      0x542 .\CortexM3\ARM_GCC_541\Debug\cyfitter_cfg.o
 .debug_info    0x00000c64      0x137 .\CortexM3\ARM_GCC_541\Debug\cymetadata.o
 .debug_info    0x00000d9b      0x3cf .\CortexM3\ARM_GCC_541\Debug\Cm3Start.o
 .debug_info    0x0000116a      0x94e .\CortexM3\ARM_GCC_541\Debug\Design01.a(CyDmac.o)
 .debug_info    0x00001ab8     0x1374 .\CortexM3\ARM_GCC_541\Debug\Design01.a(CyLib.o)
 .debug_info    0x00002e2c      0xa2a .\CortexM3\ARM_GCC_541\Debug\Design01.a(cyPm.o)
 .debug_info    0x00003856       0xd6 .\CortexM3\ARM_GCC_541\Debug\Design01.a(Control_Reg_1.o)
 .debug_info    0x0000392c      0xc25 .\CortexM3\ARM_GCC_541\Debug\Design01.a(USBUART_1.o)
 .debug_info    0x00004551      0xb83 .\CortexM3\ARM_GCC_541\Debug\Design01.a(USBUART_1_cdc.o)
 .debug_info    0x000050d4      0x655 .\CortexM3\ARM_GCC_541\Debug\Design01.a(USBUART_1_drv.o)
 .debug_info    0x00005729      0x369 .\CortexM3\ARM_GCC_541\Debug\Design01.a(USBUART_1_episr.o)
 .debug_info    0x00005a92      0x303 .\CortexM3\ARM_GCC_541\Debug\Design01.a(USBUART_1_pm.o)
 .debug_info    0x00005d95      0xb26 .\CortexM3\ARM_GCC_541\Debug\Design01.a(USBUART_1_std.o)
 .debug_info    0x000068bb       0xed .\CortexM3\ARM_GCC_541\Debug\Design01.a(USBUART_1_vnd.o)
 .debug_info    0x000069a8      0x174 .\CortexM3\ARM_GCC_541\Debug\Design01.a(USBUART_1_Dp.o)
 .debug_info    0x00006b1c      0x2d2 .\CortexM3\ARM_GCC_541\Debug\Design01.a(USB_isr.o)
 .debug_info    0x00006dee      0x1a8 .\CortexM3\ARM_GCC_541\Debug\Design01.a(USBUART_1_ep3_dma.o)
 .debug_info    0x00006f96      0x1a7 .\CortexM3\ARM_GCC_541\Debug\Design01.a(USBUART_1_ep2_dma.o)
 .debug_info    0x0000713d      0x1aa .\CortexM3\ARM_GCC_541\Debug\Design01.a(USBUART_1_ep1_dma.o)
 .debug_info    0x000072e7      0x358 .\CortexM3\ARM_GCC_541\Debug\Design01.a(ShiftReg_5.o)
 .debug_info    0x0000763f      0x358 .\CortexM3\ARM_GCC_541\Debug\Design01.a(ShiftReg_6.o)
 .debug_info    0x00007997      0x358 .\CortexM3\ARM_GCC_541\Debug\Design01.a(ShiftReg_7.o)
 .debug_info    0x00007cef      0x358 .\CortexM3\ARM_GCC_541\Debug\Design01.a(ShiftReg_8.o)
 .debug_info    0x00008047      0x1ec .\CortexM3\ARM_GCC_541\Debug\Design01.a(Count7_1.o)
 .debug_info    0x00008233       0x77 .\CortexM3\ARM_GCC_541\Debug\Design01.a(CyBootAsmGnu.o)
 .debug_info    0x000082aa      0x5b8 .\CortexM3\ARM_GCC_541\Debug\Design01.a(CyFlash.o)
 .debug_info    0x00008862      0x4e9 .\CortexM3\ARM_GCC_541\Debug\Design01.a(CySpc.o)
 .debug_info    0x00008d4b       0xee .\CortexM3\ARM_GCC_541\Debug\Design01.a(cyutils.o)
 .debug_info    0x00008e39      0x1de .\CortexM3\ARM_GCC_541\Debug\Design01.a(USBUART_1_cls.o)
 .debug_info    0x00009017      0x2a3 .\CortexM3\ARM_GCC_541\Debug\Design01.a(USBUART_1_descr.o)

.debug_abbrev   0x00000000     0x2863
 *(.debug_abbrev)
 .debug_abbrev  0x00000000      0x155 .\CortexM3\ARM_GCC_541\Debug\main.o
 .debug_abbrev  0x00000155      0x16f .\CortexM3\ARM_GCC_541\Debug\DSP.o
 .debug_abbrev  0x000002c4      0x1fe .\CortexM3\ARM_GCC_541\Debug\cyfitter_cfg.o
 .debug_abbrev  0x000004c2       0x77 .\CortexM3\ARM_GCC_541\Debug\cymetadata.o
 .debug_abbrev  0x00000539      0x1e8 .\CortexM3\ARM_GCC_541\Debug\Cm3Start.o
 .debug_abbrev  0x00000721      0x1b2 .\CortexM3\ARM_GCC_541\Debug\Design01.a(CyDmac.o)
 .debug_abbrev  0x000008d3      0x254 .\CortexM3\ARM_GCC_541\Debug\Design01.a(CyLib.o)
 .debug_abbrev  0x00000b27      0x1ab .\CortexM3\ARM_GCC_541\Debug\Design01.a(cyPm.o)
 .debug_abbrev  0x00000cd2       0x81 .\CortexM3\ARM_GCC_541\Debug\Design01.a(Control_Reg_1.o)
 .debug_abbrev  0x00000d53      0x212 .\CortexM3\ARM_GCC_541\Debug\Design01.a(USBUART_1.o)
 .debug_abbrev  0x00000f65      0x245 .\CortexM3\ARM_GCC_541\Debug\Design01.a(USBUART_1_cdc.o)
 .debug_abbrev  0x000011aa      0x189 .\CortexM3\ARM_GCC_541\Debug\Design01.a(USBUART_1_drv.o)
 .debug_abbrev  0x00001333      0x139 .\CortexM3\ARM_GCC_541\Debug\Design01.a(USBUART_1_episr.o)
 .debug_abbrev  0x0000146c      0x119 .\CortexM3\ARM_GCC_541\Debug\Design01.a(USBUART_1_pm.o)
 .debug_abbrev  0x00001585      0x20a .\CortexM3\ARM_GCC_541\Debug\Design01.a(USBUART_1_std.o)
 .debug_abbrev  0x0000178f       0x9b .\CortexM3\ARM_GCC_541\Debug\Design01.a(USBUART_1_vnd.o)
 .debug_abbrev  0x0000182a       0x90 .\CortexM3\ARM_GCC_541\Debug\Design01.a(USBUART_1_Dp.o)
 .debug_abbrev  0x000018ba      0x173 .\CortexM3\ARM_GCC_541\Debug\Design01.a(USB_isr.o)
 .debug_abbrev  0x00001a2d       0xcd .\CortexM3\ARM_GCC_541\Debug\Design01.a(USBUART_1_ep3_dma.o)
 .debug_abbrev  0x00001afa       0xcd .\CortexM3\ARM_GCC_541\Debug\Design01.a(USBUART_1_ep2_dma.o)
 .debug_abbrev  0x00001bc7       0xcd .\CortexM3\ARM_GCC_541\Debug\Design01.a(USBUART_1_ep1_dma.o)
 .debug_abbrev  0x00001c94      0x162 .\CortexM3\ARM_GCC_541\Debug\Design01.a(ShiftReg_5.o)
 .debug_abbrev  0x00001df6      0x162 .\CortexM3\ARM_GCC_541\Debug\Design01.a(ShiftReg_6.o)
 .debug_abbrev  0x00001f58      0x162 .\CortexM3\ARM_GCC_541\Debug\Design01.a(ShiftReg_7.o)
 .debug_abbrev  0x000020ba      0x162 .\CortexM3\ARM_GCC_541\Debug\Design01.a(ShiftReg_8.o)
 .debug_abbrev  0x0000221c       0xe4 .\CortexM3\ARM_GCC_541\Debug\Design01.a(Count7_1.o)
 .debug_abbrev  0x00002300       0x14 .\CortexM3\ARM_GCC_541\Debug\Design01.a(CyBootAsmGnu.o)
 .debug_abbrev  0x00002314      0x198 .\CortexM3\ARM_GCC_541\Debug\Design01.a(CyFlash.o)
 .debug_abbrev  0x000024ac      0x194 .\CortexM3\ARM_GCC_541\Debug\Design01.a(CySpc.o)
 .debug_abbrev  0x00002640       0x8e .\CortexM3\ARM_GCC_541\Debug\Design01.a(cyutils.o)
 .debug_abbrev  0x000026ce       0xe1 .\CortexM3\ARM_GCC_541\Debug\Design01.a(USBUART_1_cls.o)
 .debug_abbrev  0x000027af       0xb4 .\CortexM3\ARM_GCC_541\Debug\Design01.a(USBUART_1_descr.o)

.debug_line     0x00000000     0x3771
 *(.debug_line)
 .debug_line    0x00000000      0x26d .\CortexM3\ARM_GCC_541\Debug\main.o
 .debug_line    0x0000026d      0x1d6 .\CortexM3\ARM_GCC_541\Debug\DSP.o
 .debug_line    0x00000443      0x1d7 .\CortexM3\ARM_GCC_541\Debug\cyfitter_cfg.o
 .debug_line    0x0000061a      0x141 .\CortexM3\ARM_GCC_541\Debug\cymetadata.o
 .debug_line    0x0000075b      0x241 .\CortexM3\ARM_GCC_541\Debug\Cm3Start.o
 .debug_line    0x0000099c      0x2e4 .\CortexM3\ARM_GCC_541\Debug\Design01.a(CyDmac.o)
 .debug_line    0x00000c80      0x816 .\CortexM3\ARM_GCC_541\Debug\Design01.a(CyLib.o)
 .debug_line    0x00001496      0x367 .\CortexM3\ARM_GCC_541\Debug\Design01.a(cyPm.o)
 .debug_line    0x000017fd       0x75 .\CortexM3\ARM_GCC_541\Debug\Design01.a(Control_Reg_1.o)
 .debug_line    0x00001872      0x389 .\CortexM3\ARM_GCC_541\Debug\Design01.a(USBUART_1.o)
 .debug_line    0x00001bfb      0x304 .\CortexM3\ARM_GCC_541\Debug\Design01.a(USBUART_1_cdc.o)
 .debug_line    0x00001eff      0x227 .\CortexM3\ARM_GCC_541\Debug\Design01.a(USBUART_1_drv.o)
 .debug_line    0x00002126      0x120 .\CortexM3\ARM_GCC_541\Debug\Design01.a(USBUART_1_episr.o)
 .debug_line    0x00002246      0x117 .\CortexM3\ARM_GCC_541\Debug\Design01.a(USBUART_1_pm.o)
 .debug_line    0x0000235d      0x3e9 .\CortexM3\ARM_GCC_541\Debug\Design01.a(USBUART_1_std.o)
 .debug_line    0x00002746       0x77 .\CortexM3\ARM_GCC_541\Debug\Design01.a(USBUART_1_vnd.o)
 .debug_line    0x000027bd       0xbd .\CortexM3\ARM_GCC_541\Debug\Design01.a(USBUART_1_Dp.o)
 .debug_line    0x0000287a      0x134 .\CortexM3\ARM_GCC_541\Debug\Design01.a(USB_isr.o)
 .debug_line    0x000029ae       0x8a .\CortexM3\ARM_GCC_541\Debug\Design01.a(USBUART_1_ep3_dma.o)
 .debug_line    0x00002a38       0x8a .\CortexM3\ARM_GCC_541\Debug\Design01.a(USBUART_1_ep2_dma.o)
 .debug_line    0x00002ac2       0x8a .\CortexM3\ARM_GCC_541\Debug\Design01.a(USBUART_1_ep1_dma.o)
 .debug_line    0x00002b4c      0x154 .\CortexM3\ARM_GCC_541\Debug\Design01.a(ShiftReg_5.o)
 .debug_line    0x00002ca0      0x154 .\CortexM3\ARM_GCC_541\Debug\Design01.a(ShiftReg_6.o)
 .debug_line    0x00002df4      0x154 .\CortexM3\ARM_GCC_541\Debug\Design01.a(ShiftReg_7.o)
 .debug_line    0x00002f48      0x154 .\CortexM3\ARM_GCC_541\Debug\Design01.a(ShiftReg_8.o)
 .debug_line    0x0000309c       0xea .\CortexM3\ARM_GCC_541\Debug\Design01.a(Count7_1.o)
 .debug_line    0x00003186       0x66 .\CortexM3\ARM_GCC_541\Debug\Design01.a(CyBootAsmGnu.o)
 .debug_line    0x000031ec      0x1e9 .\CortexM3\ARM_GCC_541\Debug\Design01.a(CyFlash.o)
 .debug_line    0x000033d5      0x23c .\CortexM3\ARM_GCC_541\Debug\Design01.a(CySpc.o)
 .debug_line    0x00003611       0x60 .\CortexM3\ARM_GCC_541\Debug\Design01.a(cyutils.o)
 .debug_line    0x00003671       0x9b .\CortexM3\ARM_GCC_541\Debug\Design01.a(USBUART_1_cls.o)
 .debug_line    0x0000370c       0x65 .\CortexM3\ARM_GCC_541\Debug\Design01.a(USBUART_1_descr.o)

.debug_frame    0x00000000     0x232c
 *(.debug_frame)
 .debug_frame   0x00000000       0x64 .\CortexM3\ARM_GCC_541\Debug\main.o
 .debug_frame   0x00000064       0xc0 .\CortexM3\ARM_GCC_541\Debug\DSP.o
 .debug_frame   0x00000124       0xe4 .\CortexM3\ARM_GCC_541\Debug\cyfitter_cfg.o
 .debug_frame   0x00000208       0xb8 .\CortexM3\ARM_GCC_541\Debug\Cm3Start.o
 .debug_frame   0x000002c0      0x1f8 .\CortexM3\ARM_GCC_541\Debug\Design01.a(CyDmac.o)
 .debug_frame   0x000004b8      0x738 .\CortexM3\ARM_GCC_541\Debug\Design01.a(CyLib.o)
 .debug_frame   0x00000bf0      0x1f8 .\CortexM3\ARM_GCC_541\Debug\Design01.a(cyPm.o)
 .debug_frame   0x00000de8       0x30 .\CortexM3\ARM_GCC_541\Debug\Design01.a(Control_Reg_1.o)
 .debug_frame   0x00000e18      0x230 .\CortexM3\ARM_GCC_541\Debug\Design01.a(USBUART_1.o)
 .debug_frame   0x00001048      0x288 .\CortexM3\ARM_GCC_541\Debug\Design01.a(USBUART_1_cdc.o)
 .debug_frame   0x000012d0      0x194 .\CortexM3\ARM_GCC_541\Debug\Design01.a(USBUART_1_drv.o)
 .debug_frame   0x00001464       0x94 .\CortexM3\ARM_GCC_541\Debug\Design01.a(USBUART_1_episr.o)
 .debug_frame   0x000014f8       0xa0 .\CortexM3\ARM_GCC_541\Debug\Design01.a(USBUART_1_pm.o)
 .debug_frame   0x00001598      0x184 .\CortexM3\ARM_GCC_541\Debug\Design01.a(USBUART_1_std.o)
 .debug_frame   0x0000171c       0x20 .\CortexM3\ARM_GCC_541\Debug\Design01.a(USBUART_1_vnd.o)
 .debug_frame   0x0000173c       0x70 .\CortexM3\ARM_GCC_541\Debug\Design01.a(USBUART_1_Dp.o)
 .debug_frame   0x000017ac      0x104 .\CortexM3\ARM_GCC_541\Debug\Design01.a(USB_isr.o)
 .debug_frame   0x000018b0       0x54 .\CortexM3\ARM_GCC_541\Debug\Design01.a(USBUART_1_ep3_dma.o)
 .debug_frame   0x00001904       0x54 .\CortexM3\ARM_GCC_541\Debug\Design01.a(USBUART_1_ep2_dma.o)
 .debug_frame   0x00001958       0x54 .\CortexM3\ARM_GCC_541\Debug\Design01.a(USBUART_1_ep1_dma.o)
 .debug_frame   0x000019ac      0x13c .\CortexM3\ARM_GCC_541\Debug\Design01.a(ShiftReg_5.o)
 .debug_frame   0x00001ae8      0x13c .\CortexM3\ARM_GCC_541\Debug\Design01.a(ShiftReg_6.o)
 .debug_frame   0x00001c24      0x13c .\CortexM3\ARM_GCC_541\Debug\Design01.a(ShiftReg_7.o)
 .debug_frame   0x00001d60      0x13c .\CortexM3\ARM_GCC_541\Debug\Design01.a(ShiftReg_8.o)
 .debug_frame   0x00001e9c       0xb4 .\CortexM3\ARM_GCC_541\Debug\Design01.a(Count7_1.o)
 .debug_frame   0x00001f50      0x174 .\CortexM3\ARM_GCC_541\Debug\Design01.a(CyFlash.o)
 .debug_frame   0x000020c4      0x160 .\CortexM3\ARM_GCC_541\Debug\Design01.a(CySpc.o)
 .debug_frame   0x00002224       0x20 .\CortexM3\ARM_GCC_541\Debug\Design01.a(cyutils.o)
 .debug_frame   0x00002244       0x2c .\CortexM3\ARM_GCC_541\Debug\Design01.a(USBUART_1_cls.o)
 .debug_frame   0x00002270       0x20 c:/program files (x86)/cypress/psoc creator/4.2/psoc creator/import/gnu/arm/5.4.1/bin/../lib/gcc/arm-none-eabi/5.4.1/../../../../arm-none-eabi/lib/armv7-m\libg_nano.a(lib_a-errno.o)
 .debug_frame   0x00002290       0x28 c:/program files (x86)/cypress/psoc creator/4.2/psoc creator/import/gnu/arm/5.4.1/bin/../lib/gcc/arm-none-eabi/5.4.1/../../../../arm-none-eabi/lib/armv7-m\libg_nano.a(lib_a-exit.o)
 .debug_frame   0x000022b8       0x2c c:/program files (x86)/cypress/psoc creator/4.2/psoc creator/import/gnu/arm/5.4.1/bin/../lib/gcc/arm-none-eabi/5.4.1/../../../../arm-none-eabi/lib/armv7-m\libg_nano.a(lib_a-init.o)
 .debug_frame   0x000022e4       0x28 c:/program files (x86)/cypress/psoc creator/4.2/psoc creator/import/gnu/arm/5.4.1/bin/../lib/gcc/arm-none-eabi/5.4.1/../../../../arm-none-eabi/lib/armv7-m\libg_nano.a(lib_a-memcpy-stub.o)
 .debug_frame   0x0000230c       0x20 c:/program files (x86)/cypress/psoc creator/4.2/psoc creator/import/gnu/arm/5.4.1/bin/../lib/gcc/arm-none-eabi/5.4.1/../../../../arm-none-eabi/lib/armv7-m\libg_nano.a(lib_a-memset.o)

.debug_str      0x00000000     0x3260
 *(.debug_str)
 .debug_str     0x00000000      0x32f .\CortexM3\ARM_GCC_541\Debug\main.o
                                0x377 (size before relaxing)
 .debug_str     0x0000032f       0x4a .\CortexM3\ARM_GCC_541\Debug\DSP.o
                                0x1dc (size before relaxing)
 .debug_str     0x00000379      0x17b .\CortexM3\ARM_GCC_541\Debug\cyfitter_cfg.o
                                0x2f6 (size before relaxing)
 .debug_str     0x000004f4       0x7f .\CortexM3\ARM_GCC_541\Debug\cymetadata.o
                                0x1cb (size before relaxing)
 .debug_str     0x00000573      0x154 .\CortexM3\ARM_GCC_541\Debug\Cm3Start.o
                                0x301 (size before relaxing)
 .debug_str     0x000006c7      0x384 .\CortexM3\ARM_GCC_541\Debug\Design01.a(CyDmac.o)
                                0x531 (size before relaxing)
 .debug_str     0x00000a4b      0x7f9 .\CortexM3\ARM_GCC_541\Debug\Design01.a(CyLib.o)
                                0xa2e (size before relaxing)
 .debug_str     0x00001244      0x365 .\CortexM3\ARM_GCC_541\Debug\Design01.a(cyPm.o)
                                0x71a (size before relaxing)
 .debug_str     0x000015a9       0x42 .\CortexM3\ARM_GCC_541\Debug\Design01.a(Control_Reg_1.o)
                                0x1ae (size before relaxing)
 .debug_str     0x000015eb      0x503 .\CortexM3\ARM_GCC_541\Debug\Design01.a(USBUART_1.o)
                                0x7b6 (size before relaxing)
 .debug_str     0x00001aee      0x51e .\CortexM3\ARM_GCC_541\Debug\Design01.a(USBUART_1_cdc.o)
                                0x822 (size before relaxing)
 .debug_str     0x0000200c      0x2c1 .\CortexM3\ARM_GCC_541\Debug\Design01.a(USBUART_1_drv.o)
                                0x683 (size before relaxing)
 .debug_str     0x000022cd       0xb5 .\CortexM3\ARM_GCC_541\Debug\Design01.a(USBUART_1_episr.o)
                                0x377 (size before relaxing)
 .debug_str     0x00002382       0xe6 .\CortexM3\ARM_GCC_541\Debug\Design01.a(USBUART_1_pm.o)
                                0x302 (size before relaxing)
 .debug_str     0x00002468      0x27b .\CortexM3\ARM_GCC_541\Debug\Design01.a(USBUART_1_std.o)
                                0x7f8 (size before relaxing)
 .debug_str     0x000026e3       0x27 .\CortexM3\ARM_GCC_541\Debug\Design01.a(USBUART_1_vnd.o)
                                0x1da (size before relaxing)
 .debug_str     0x0000270a       0xb0 .\CortexM3\ARM_GCC_541\Debug\Design01.a(USBUART_1_Dp.o)
                                0x236 (size before relaxing)
 .debug_str     0x000027ba       0xe2 .\CortexM3\ARM_GCC_541\Debug\Design01.a(USB_isr.o)
                                0x2a9 (size before relaxing)
 .debug_str     0x0000289c       0x97 .\CortexM3\ARM_GCC_541\Debug\Design01.a(USBUART_1_ep3_dma.o)
                                0x273 (size before relaxing)
 .debug_str     0x00002933       0x5c .\CortexM3\ARM_GCC_541\Debug\Design01.a(USBUART_1_ep2_dma.o)
                                0x273 (size before relaxing)
 .debug_str     0x0000298f       0x5c .\CortexM3\ARM_GCC_541\Debug\Design01.a(USBUART_1_ep1_dma.o)
                                0x273 (size before relaxing)
 .debug_str     0x000029eb      0x118 .\CortexM3\ARM_GCC_541\Debug\Design01.a(ShiftReg_5.o)
                                0x324 (size before relaxing)
 .debug_str     0x00002b03       0xec .\CortexM3\ARM_GCC_541\Debug\Design01.a(ShiftReg_6.o)
                                0x324 (size before relaxing)
 .debug_str     0x00002bef      0x111 .\CortexM3\ARM_GCC_541\Debug\Design01.a(ShiftReg_7.o)
                                0x324 (size before relaxing)
 .debug_str     0x00002d00      0x111 .\CortexM3\ARM_GCC_541\Debug\Design01.a(ShiftReg_8.o)
                                0x324 (size before relaxing)
 .debug_str     0x00002e11       0xac .\CortexM3\ARM_GCC_541\Debug\Design01.a(Count7_1.o)
                                0x278 (size before relaxing)
 .debug_str     0x00002ebd      0x195 .\CortexM3\ARM_GCC_541\Debug\Design01.a(CyFlash.o)
                                0x388 (size before relaxing)
 .debug_str     0x00003052       0xac .\CortexM3\ARM_GCC_541\Debug\Design01.a(CySpc.o)
                                0x311 (size before relaxing)
 .debug_str     0x000030fe       0x29 .\CortexM3\ARM_GCC_541\Debug\Design01.a(cyutils.o)
                                0x199 (size before relaxing)
 .debug_str     0x00003127       0x27 .\CortexM3\ARM_GCC_541\Debug\Design01.a(USBUART_1_cls.o)
                                0x2a1 (size before relaxing)
 .debug_str     0x0000314e      0x112 .\CortexM3\ARM_GCC_541\Debug\Design01.a(USBUART_1_descr.o)
                                0x35a (size before relaxing)

.debug_loc      0x00000000     0x44a6
 *(.debug_loc)
 .debug_loc     0x00000000       0x32 .\CortexM3\ARM_GCC_541\Debug\main.o
 .debug_loc     0x00000032       0xbb .\CortexM3\ARM_GCC_541\Debug\DSP.o
 .debug_loc     0x000000ed      0x1d7 .\CortexM3\ARM_GCC_541\Debug\cyfitter_cfg.o
 .debug_loc     0x000002c4      0x144 .\CortexM3\ARM_GCC_541\Debug\Cm3Start.o
 .debug_loc     0x00000408      0xb8e .\CortexM3\ARM_GCC_541\Debug\Design01.a(CyDmac.o)
 .debug_loc     0x00000f96      0xa11 .\CortexM3\ARM_GCC_541\Debug\Design01.a(CyLib.o)
 .debug_loc     0x000019a7      0x1e4 .\CortexM3\ARM_GCC_541\Debug\Design01.a(cyPm.o)
 .debug_loc     0x00001b8b      0x52e .\CortexM3\ARM_GCC_541\Debug\Design01.a(USBUART_1.o)
 .debug_loc     0x000020b9      0x56a .\CortexM3\ARM_GCC_541\Debug\Design01.a(USBUART_1_cdc.o)
 .debug_loc     0x00002623      0x171 .\CortexM3\ARM_GCC_541\Debug\Design01.a(USBUART_1_drv.o)
 .debug_loc     0x00002794       0x50 .\CortexM3\ARM_GCC_541\Debug\Design01.a(USBUART_1_episr.o)
 .debug_loc     0x000027e4       0x26 .\CortexM3\ARM_GCC_541\Debug\Design01.a(USBUART_1_pm.o)
 .debug_loc     0x0000280a      0x945 .\CortexM3\ARM_GCC_541\Debug\Design01.a(USBUART_1_std.o)
 .debug_loc     0x0000314f       0x84 .\CortexM3\ARM_GCC_541\Debug\Design01.a(USBUART_1_Dp.o)
 .debug_loc     0x000031d3       0x56 .\CortexM3\ARM_GCC_541\Debug\Design01.a(USB_isr.o)
 .debug_loc     0x00003229       0x84 .\CortexM3\ARM_GCC_541\Debug\Design01.a(USBUART_1_ep3_dma.o)
 .debug_loc     0x000032ad       0x84 .\CortexM3\ARM_GCC_541\Debug\Design01.a(USBUART_1_ep2_dma.o)
 .debug_loc     0x00003331       0x84 .\CortexM3\ARM_GCC_541\Debug\Design01.a(USBUART_1_ep1_dma.o)
 .debug_loc     0x000033b5      0x1b8 .\CortexM3\ARM_GCC_541\Debug\Design01.a(ShiftReg_5.o)
 .debug_loc     0x0000356d      0x1b8 .\CortexM3\ARM_GCC_541\Debug\Design01.a(ShiftReg_6.o)
 .debug_loc     0x00003725      0x1b8 .\CortexM3\ARM_GCC_541\Debug\Design01.a(ShiftReg_7.o)
 .debug_loc     0x000038dd      0x1b8 .\CortexM3\ARM_GCC_541\Debug\Design01.a(ShiftReg_8.o)
 .debug_loc     0x00003a95       0x47 .\CortexM3\ARM_GCC_541\Debug\Design01.a(Count7_1.o)
 .debug_loc     0x00003adc      0x2f2 .\CortexM3\ARM_GCC_541\Debug\Design01.a(CyFlash.o)
 .debug_loc     0x00003dce      0x64d .\CortexM3\ARM_GCC_541\Debug\Design01.a(CySpc.o)
 .debug_loc     0x0000441b       0x21 .\CortexM3\ARM_GCC_541\Debug\Design01.a(cyutils.o)
 .debug_loc     0x0000443c       0x6a .\CortexM3\ARM_GCC_541\Debug\Design01.a(USBUART_1_cls.o)

.debug_macinfo
 *(.debug_macinfo)

.debug_ranges   0x00000000      0xbc0
 *(.debug_ranges)
 .debug_ranges  0x00000000       0x20 .\CortexM3\ARM_GCC_541\Debug\main.o
 .debug_ranges  0x00000020       0x48 .\CortexM3\ARM_GCC_541\Debug\DSP.o
 .debug_ranges  0x00000068       0x48 .\CortexM3\ARM_GCC_541\Debug\cyfitter_cfg.o
 .debug_ranges  0x000000b0       0x38 .\CortexM3\ARM_GCC_541\Debug\Cm3Start.o
 .debug_ranges  0x000000e8       0xc8 .\CortexM3\ARM_GCC_541\Debug\Design01.a(CyDmac.o)
 .debug_ranges  0x000001b0      0x290 .\CortexM3\ARM_GCC_541\Debug\Design01.a(CyLib.o)
 .debug_ranges  0x00000440       0x88 .\CortexM3\ARM_GCC_541\Debug\Design01.a(cyPm.o)
 .debug_ranges  0x000004c8       0x18 .\CortexM3\ARM_GCC_541\Debug\Design01.a(Control_Reg_1.o)
 .debug_ranges  0x000004e0       0xc8 .\CortexM3\ARM_GCC_541\Debug\Design01.a(USBUART_1.o)
 .debug_ranges  0x000005a8       0xd8 .\CortexM3\ARM_GCC_541\Debug\Design01.a(USBUART_1_cdc.o)
 .debug_ranges  0x00000680       0x88 .\CortexM3\ARM_GCC_541\Debug\Design01.a(USBUART_1_drv.o)
 .debug_ranges  0x00000708       0x38 .\CortexM3\ARM_GCC_541\Debug\Design01.a(USBUART_1_episr.o)
 .debug_ranges  0x00000740       0x30 .\CortexM3\ARM_GCC_541\Debug\Design01.a(USBUART_1_pm.o)
 .debug_ranges  0x00000770       0x70 .\CortexM3\ARM_GCC_541\Debug\Design01.a(USBUART_1_std.o)
 .debug_ranges  0x000007e0       0x10 .\CortexM3\ARM_GCC_541\Debug\Design01.a(USBUART_1_vnd.o)
 .debug_ranges  0x000007f0       0x38 .\CortexM3\ARM_GCC_541\Debug\Design01.a(USBUART_1_Dp.o)
 .debug_ranges  0x00000828       0x70 .\CortexM3\ARM_GCC_541\Debug\Design01.a(USB_isr.o)
 .debug_ranges  0x00000898       0x18 .\CortexM3\ARM_GCC_541\Debug\Design01.a(USBUART_1_ep3_dma.o)
 .debug_ranges  0x000008b0       0x18 .\CortexM3\ARM_GCC_541\Debug\Design01.a(USBUART_1_ep2_dma.o)
 .debug_ranges  0x000008c8       0x18 .\CortexM3\ARM_GCC_541\Debug\Design01.a(USBUART_1_ep1_dma.o)
 .debug_ranges  0x000008e0       0x68 .\CortexM3\ARM_GCC_541\Debug\Design01.a(ShiftReg_5.o)
 .debug_ranges  0x00000948       0x68 .\CortexM3\ARM_GCC_541\Debug\Design01.a(ShiftReg_6.o)
 .debug_ranges  0x000009b0       0x68 .\CortexM3\ARM_GCC_541\Debug\Design01.a(ShiftReg_7.o)
 .debug_ranges  0x00000a18       0x68 .\CortexM3\ARM_GCC_541\Debug\Design01.a(ShiftReg_8.o)
 .debug_ranges  0x00000a80       0x48 .\CortexM3\ARM_GCC_541\Debug\Design01.a(Count7_1.o)
 .debug_ranges  0x00000ac8       0x70 .\CortexM3\ARM_GCC_541\Debug\Design01.a(CyFlash.o)
 .debug_ranges  0x00000b38       0x68 .\CortexM3\ARM_GCC_541\Debug\Design01.a(CySpc.o)
 .debug_ranges  0x00000ba0       0x10 .\CortexM3\ARM_GCC_541\Debug\Design01.a(cyutils.o)
 .debug_ranges  0x00000bb0       0x10 .\CortexM3\ARM_GCC_541\Debug\Design01.a(USBUART_1_cls.o)

.comment        0x00000000       0x6e
 .comment       0x00000000       0x6e .\CortexM3\ARM_GCC_541\Debug\main.o
                                 0x6f (size before relaxing)
 .comment       0x0000006e       0x6f .\CortexM3\ARM_GCC_541\Debug\DSP.o
 .comment       0x0000006e       0x6f .\CortexM3\ARM_GCC_541\Debug\cyfitter_cfg.o
 .comment       0x0000006e       0x6f .\CortexM3\ARM_GCC_541\Debug\cymetadata.o
 .comment       0x0000006e       0x6f .\CortexM3\ARM_GCC_541\Debug\Cm3Start.o
 .comment       0x0000006e       0x6f .\CortexM3\ARM_GCC_541\Debug\Design01.a(CyDmac.o)
 .comment       0x0000006e       0x6f .\CortexM3\ARM_GCC_541\Debug\Design01.a(CyLib.o)
 .comment       0x0000006e       0x6f .\CortexM3\ARM_GCC_541\Debug\Design01.a(cyPm.o)
 .comment       0x0000006e       0x6f .\CortexM3\ARM_GCC_541\Debug\Design01.a(Control_Reg_1.o)
 .comment       0x0000006e       0x6f .\CortexM3\ARM_GCC_541\Debug\Design01.a(USBUART_1.o)
 .comment       0x0000006e       0x6f .\CortexM3\ARM_GCC_541\Debug\Design01.a(USBUART_1_cdc.o)
 .comment       0x0000006e       0x6f .\CortexM3\ARM_GCC_541\Debug\Design01.a(USBUART_1_drv.o)
 .comment       0x0000006e       0x6f .\CortexM3\ARM_GCC_541\Debug\Design01.a(USBUART_1_episr.o)
 .comment       0x0000006e       0x6f .\CortexM3\ARM_GCC_541\Debug\Design01.a(USBUART_1_pm.o)
 .comment       0x0000006e       0x6f .\CortexM3\ARM_GCC_541\Debug\Design01.a(USBUART_1_std.o)
 .comment       0x0000006e       0x6f .\CortexM3\ARM_GCC_541\Debug\Design01.a(USBUART_1_vnd.o)
 .comment       0x0000006e       0x6f .\CortexM3\ARM_GCC_541\Debug\Design01.a(USBUART_1_Dp.o)
 .comment       0x0000006e       0x6f .\CortexM3\ARM_GCC_541\Debug\Design01.a(USB_isr.o)
 .comment       0x0000006e       0x6f .\CortexM3\ARM_GCC_541\Debug\Design01.a(USBUART_1_ep3_dma.o)
 .comment       0x0000006e       0x6f .\CortexM3\ARM_GCC_541\Debug\Design01.a(USBUART_1_ep2_dma.o)
 .comment       0x0000006e       0x6f .\CortexM3\ARM_GCC_541\Debug\Design01.a(USBUART_1_ep1_dma.o)
 .comment       0x0000006e       0x6f .\CortexM3\ARM_GCC_541\Debug\Design01.a(ShiftReg_5.o)
 .comment       0x0000006e       0x6f .\CortexM3\ARM_GCC_541\Debug\Design01.a(ShiftReg_6.o)
 .comment       0x0000006e       0x6f .\CortexM3\ARM_GCC_541\Debug\Design01.a(ShiftReg_7.o)
 .comment       0x0000006e       0x6f .\CortexM3\ARM_GCC_541\Debug\Design01.a(ShiftReg_8.o)
 .comment       0x0000006e       0x6f .\CortexM3\ARM_GCC_541\Debug\Design01.a(Count7_1.o)
 .comment       0x0000006e       0x6f .\CortexM3\ARM_GCC_541\Debug\Design01.a(CyFlash.o)
 .comment       0x0000006e       0x6f .\CortexM3\ARM_GCC_541\Debug\Design01.a(CySpc.o)
 .comment       0x0000006e       0x6f .\CortexM3\ARM_GCC_541\Debug\Design01.a(cyutils.o)
 .comment       0x0000006e       0x6f .\CortexM3\ARM_GCC_541\Debug\Design01.a(USBUART_1_cls.o)
 .comment       0x0000006e       0x6f .\CortexM3\ARM_GCC_541\Debug\Design01.a(USBUART_1_descr.o)

.debug_weaknames
 *(.debug_weaknames)

.debug_funcnames
 *(.debug_funcnames)

.debug_typenames
 *(.debug_typenames)

.debug_varnames
 *(.debug_varnames)

.note.gnu.arm.ident
 *(.note.gnu.arm.ident)

.ARM.attributes
                0x00000000       0x29
 *(.ARM.attributes)
 .ARM.attributes
                0x00000000       0x1d c:/program files (x86)/cypress/psoc creator/4.2/psoc creator/import/gnu/arm/5.4.1/bin/../lib/gcc/arm-none-eabi/5.4.1/armv7-m/crti.o
 .ARM.attributes
                0x0000001d       0x2d c:/program files (x86)/cypress/psoc creator/4.2/psoc creator/import/gnu/arm/5.4.1/bin/../lib/gcc/arm-none-eabi/5.4.1/armv7-m/crtbegin.o
 .ARM.attributes
                0x0000004a       0x1b c:/program files (x86)/cypress/psoc creator/4.2/psoc creator/import/gnu/arm/5.4.1/bin/../lib/gcc/arm-none-eabi/5.4.1/../../../../arm-none-eabi/lib/armv7-m/crt0.o
 .ARM.attributes
                0x00000065       0x33 .\CortexM3\ARM_GCC_541\Debug\main.o
 .ARM.attributes
                0x00000098       0x33 .\CortexM3\ARM_GCC_541\Debug\DSP.o
 .ARM.attributes
                0x000000cb       0x33 .\CortexM3\ARM_GCC_541\Debug\cyfitter_cfg.o
 .ARM.attributes
                0x000000fe       0x33 .\CortexM3\ARM_GCC_541\Debug\cymetadata.o
 .ARM.attributes
                0x00000131       0x33 .\CortexM3\ARM_GCC_541\Debug\Cm3Start.o
 .ARM.attributes
                0x00000164       0x33 .\CortexM3\ARM_GCC_541\Debug\Design01.a(CyDmac.o)
 .ARM.attributes
                0x00000197       0x33 .\CortexM3\ARM_GCC_541\Debug\Design01.a(CyLib.o)
 .ARM.attributes
                0x000001ca       0x33 .\CortexM3\ARM_GCC_541\Debug\Design01.a(cyPm.o)
 .ARM.attributes
                0x000001fd       0x33 .\CortexM3\ARM_GCC_541\Debug\Design01.a(Control_Reg_1.o)
 .ARM.attributes
                0x00000230       0x33 .\CortexM3\ARM_GCC_541\Debug\Design01.a(USBUART_1.o)
 .ARM.attributes
                0x00000263       0x33 .\CortexM3\ARM_GCC_541\Debug\Design01.a(USBUART_1_cdc.o)
 .ARM.attributes
                0x00000296       0x33 .\CortexM3\ARM_GCC_541\Debug\Design01.a(USBUART_1_drv.o)
 .ARM.attributes
                0x000002c9       0x33 .\CortexM3\ARM_GCC_541\Debug\Design01.a(USBUART_1_episr.o)
 .ARM.attributes
                0x000002fc       0x33 .\CortexM3\ARM_GCC_541\Debug\Design01.a(USBUART_1_pm.o)
 .ARM.attributes
                0x0000032f       0x33 .\CortexM3\ARM_GCC_541\Debug\Design01.a(USBUART_1_std.o)
 .ARM.attributes
                0x00000362       0x33 .\CortexM3\ARM_GCC_541\Debug\Design01.a(USBUART_1_vnd.o)
 .ARM.attributes
                0x00000395       0x33 .\CortexM3\ARM_GCC_541\Debug\Design01.a(USBUART_1_Dp.o)
 .ARM.attributes
                0x000003c8       0x33 .\CortexM3\ARM_GCC_541\Debug\Design01.a(USB_isr.o)
 .ARM.attributes
                0x000003fb       0x33 .\CortexM3\ARM_GCC_541\Debug\Design01.a(USBUART_1_ep3_dma.o)
 .ARM.attributes
                0x0000042e       0x33 .\CortexM3\ARM_GCC_541\Debug\Design01.a(USBUART_1_ep2_dma.o)
 .ARM.attributes
                0x00000461       0x33 .\CortexM3\ARM_GCC_541\Debug\Design01.a(USBUART_1_ep1_dma.o)
 .ARM.attributes
                0x00000494       0x33 .\CortexM3\ARM_GCC_541\Debug\Design01.a(ShiftReg_5.o)
 .ARM.attributes
                0x000004c7       0x33 .\CortexM3\ARM_GCC_541\Debug\Design01.a(ShiftReg_6.o)
 .ARM.attributes
                0x000004fa       0x33 .\CortexM3\ARM_GCC_541\Debug\Design01.a(ShiftReg_7.o)
 .ARM.attributes
                0x0000052d       0x33 .\CortexM3\ARM_GCC_541\Debug\Design01.a(ShiftReg_8.o)
 .ARM.attributes
                0x00000560       0x33 .\CortexM3\ARM_GCC_541\Debug\Design01.a(Count7_1.o)
 .ARM.attributes
                0x00000593       0x21 .\CortexM3\ARM_GCC_541\Debug\Design01.a(CyBootAsmGnu.o)
 .ARM.attributes
                0x000005b4       0x33 .\CortexM3\ARM_GCC_541\Debug\Design01.a(CyFlash.o)
 .ARM.attributes
                0x000005e7       0x33 .\CortexM3\ARM_GCC_541\Debug\Design01.a(CySpc.o)
 .ARM.attributes
                0x0000061a       0x33 .\CortexM3\ARM_GCC_541\Debug\Design01.a(cyutils.o)
 .ARM.attributes
                0x0000064d       0x33 .\CortexM3\ARM_GCC_541\Debug\Design01.a(USBUART_1_cls.o)
 .ARM.attributes
                0x00000680       0x33 .\CortexM3\ARM_GCC_541\Debug\Design01.a(USBUART_1_descr.o)
 .ARM.attributes
                0x000006b3       0x2d c:/program files (x86)/cypress/psoc creator/4.2/psoc creator/import/gnu/arm/5.4.1/bin/../lib/gcc/arm-none-eabi/5.4.1/../../../../arm-none-eabi/lib/armv7-m\libg_nano.a(lib_a-errno.o)
 .ARM.attributes
                0x000006e0       0x2d c:/program files (x86)/cypress/psoc creator/4.2/psoc creator/import/gnu/arm/5.4.1/bin/../lib/gcc/arm-none-eabi/5.4.1/../../../../arm-none-eabi/lib/armv7-m\libg_nano.a(lib_a-exit.o)
 .ARM.attributes
                0x0000070d       0x2d c:/program files (x86)/cypress/psoc creator/4.2/psoc creator/import/gnu/arm/5.4.1/bin/../lib/gcc/arm-none-eabi/5.4.1/../../../../arm-none-eabi/lib/armv7-m\libg_nano.a(lib_a-impure.o)
 .ARM.attributes
                0x0000073a       0x2d c:/program files (x86)/cypress/psoc creator/4.2/psoc creator/import/gnu/arm/5.4.1/bin/../lib/gcc/arm-none-eabi/5.4.1/../../../../arm-none-eabi/lib/armv7-m\libg_nano.a(lib_a-init.o)
 .ARM.attributes
                0x00000767       0x2d c:/program files (x86)/cypress/psoc creator/4.2/psoc creator/import/gnu/arm/5.4.1/bin/../lib/gcc/arm-none-eabi/5.4.1/../../../../arm-none-eabi/lib/armv7-m\libg_nano.a(lib_a-memcpy-stub.o)
 .ARM.attributes
                0x00000794       0x2d c:/program files (x86)/cypress/psoc creator/4.2/psoc creator/import/gnu/arm/5.4.1/bin/../lib/gcc/arm-none-eabi/5.4.1/../../../../arm-none-eabi/lib/armv7-m\libg_nano.a(lib_a-memset.o)
 .ARM.attributes
                0x000007c1       0x2d c:/program files (x86)/cypress/psoc creator/4.2/psoc creator/import/gnu/arm/5.4.1/bin/../lib/gcc/arm-none-eabi/5.4.1/armv7-m/crtend.o
 .ARM.attributes
                0x000007ee       0x1d c:/program files (x86)/cypress/psoc creator/4.2/psoc creator/import/gnu/arm/5.4.1/bin/../lib/gcc/arm-none-eabi/5.4.1/armv7-m/crtn.o

/DISCARD/
 *(.note.GNU-stack)
OUTPUT(G:\DSA\PORIGE\Workspace03\Design01.cydsn\CortexM3\ARM_GCC_541\Debug\Design01.elf elf32-littlearm)
