Archive member included to satisfy reference by file (symbol)

.\CortexM3\ARM_GCC_541\Debug\Design01.a(CyDmac.o)
                              .\CortexM3\ARM_GCC_541\Debug\Cm3Start.o (CyDmacConfigure)
.\CortexM3\ARM_GCC_541\Debug\Design01.a(CyLib.o)
                              .\CortexM3\ARM_GCC_541\Debug\Cm3Start.o (CyHalt)
.\CortexM3\ARM_GCC_541\Debug\Design01.a(cyPm.o)
                              .\CortexM3\ARM_GCC_541\Debug\Design01.a(CyLib.o) (CyPmReadStatus)
.\CortexM3\ARM_GCC_541\Debug\Design01.a(Control_Reg_1.o)
                              .\CortexM3\ARM_GCC_541\Debug\main.o (Control_Reg_1_Write)
.\CortexM3\ARM_GCC_541\Debug\Design01.a(USBUART_1.o)
                              .\CortexM3\ARM_GCC_541\Debug\main.o (USBUART_1_Start)
.\CortexM3\ARM_GCC_541\Debug\Design01.a(USBUART_1_cdc.o)
                              .\CortexM3\ARM_GCC_541\Debug\main.o (USBUART_1_CDC_Init)
.\CortexM3\ARM_GCC_541\Debug\Design01.a(USBUART_1_drv.o)
                              .\CortexM3\ARM_GCC_541\Debug\Design01.a(USBUART_1.o) (USBUART_1_lastPacketSize)
.\CortexM3\ARM_GCC_541\Debug\Design01.a(USBUART_1_episr.o)
                              .\CortexM3\ARM_GCC_541\Debug\Design01.a(USBUART_1.o) (USBUART_1_EP_1_ISR)
.\CortexM3\ARM_GCC_541\Debug\Design01.a(USBUART_1_pm.o)
                              .\CortexM3\ARM_GCC_541\Debug\Design01.a(USBUART_1.o) (USBUART_1_DP_ISR)
.\CortexM3\ARM_GCC_541\Debug\Design01.a(USBUART_1_std.o)
                              .\CortexM3\ARM_GCC_541\Debug\Design01.a(USBUART_1_pm.o) (USBUART_1_ConfigReg)
.\CortexM3\ARM_GCC_541\Debug\Design01.a(USBUART_1_vnd.o)
                              .\CortexM3\ARM_GCC_541\Debug\Design01.a(USBUART_1_drv.o) (USBUART_1_HandleVendorRqst)
.\CortexM3\ARM_GCC_541\Debug\Design01.a(USBUART_1_Dp.o)
                              .\CortexM3\ARM_GCC_541\Debug\Design01.a(USBUART_1.o) (USBUART_1_Dp_ClearInterrupt)
.\CortexM3\ARM_GCC_541\Debug\Design01.a(USB_isr.o)
                              .\CortexM3\ARM_GCC_541\Debug\main.o (USB_isr_SetVector)
.\CortexM3\ARM_GCC_541\Debug\Design01.a(USBUART_1_ep3_dma.o)
                              .\CortexM3\ARM_GCC_541\Debug\Design01.a(USBUART_1.o) (USBUART_1_ep3_DmaInitialize)
.\CortexM3\ARM_GCC_541\Debug\Design01.a(USBUART_1_ep2_dma.o)
                              .\CortexM3\ARM_GCC_541\Debug\Design01.a(USBUART_1.o) (USBUART_1_ep2_DmaInitialize)
.\CortexM3\ARM_GCC_541\Debug\Design01.a(USBUART_1_ep1_dma.o)
                              .\CortexM3\ARM_GCC_541\Debug\Design01.a(USBUART_1.o) (USBUART_1_ep1_DmaInitialize)
.\CortexM3\ARM_GCC_541\Debug\Design01.a(ShiftReg_5.o)
                              .\CortexM3\ARM_GCC_541\Debug\main.o (ShiftReg_5_Init)
.\CortexM3\ARM_GCC_541\Debug\Design01.a(ShiftReg_6.o)
                              .\CortexM3\ARM_GCC_541\Debug\main.o (ShiftReg_6_Init)
.\CortexM3\ARM_GCC_541\Debug\Design01.a(ShiftReg_7.o)
                              .\CortexM3\ARM_GCC_541\Debug\main.o (ShiftReg_7_Init)
.\CortexM3\ARM_GCC_541\Debug\Design01.a(ShiftReg_8.o)
                              .\CortexM3\ARM_GCC_541\Debug\main.o (ShiftReg_8_Init)
.\CortexM3\ARM_GCC_541\Debug\Design01.a(Count7_1.o)
                              .\CortexM3\ARM_GCC_541\Debug\main.o (Count7_1_Init)
.\CortexM3\ARM_GCC_541\Debug\Design01.a(Opamp_Channel1.o)
                              .\CortexM3\ARM_GCC_541\Debug\main.o (Opamp_Channel1_Init)
.\CortexM3\ARM_GCC_541\Debug\Design01.a(PGA_Channel1.o)
                              .\CortexM3\ARM_GCC_541\Debug\main.o (PGA_Channel1_Init)
.\CortexM3\ARM_GCC_541\Debug\Design01.a(Opamp_Channel1_1.o)
                              .\CortexM3\ARM_GCC_541\Debug\main.o (Opamp_Channel1_1_Init)
.\CortexM3\ARM_GCC_541\Debug\Design01.a(CyBootAsmGnu.o)
                              .\CortexM3\ARM_GCC_541\Debug\cyfitter_cfg.o (CyDelayCycles)
.\CortexM3\ARM_GCC_541\Debug\Design01.a(CyFlash.o)
                              .\CortexM3\ARM_GCC_541\Debug\Design01.a(cyPm.o) (CyFlash_SetWaitCycles)
.\CortexM3\ARM_GCC_541\Debug\Design01.a(CySpc.o)
                              .\CortexM3\ARM_GCC_541\Debug\Design01.a(CyFlash.o) (CySpcStart)
.\CortexM3\ARM_GCC_541\Debug\Design01.a(cyutils.o)
                              .\CortexM3\ARM_GCC_541\Debug\Design01.a(ShiftReg_5.o) (CySetReg24)
.\CortexM3\ARM_GCC_541\Debug\Design01.a(USBUART_1_cls.o)
                              .\CortexM3\ARM_GCC_541\Debug\Design01.a(USBUART_1_drv.o) (USBUART_1_DispatchClassRqst)
.\CortexM3\ARM_GCC_541\Debug\Design01.a(USBUART_1_descr.o)
                              .\CortexM3\ARM_GCC_541\Debug\Design01.a(USBUART_1_std.o) (USBUART_1_idSerialNumberStringDescriptor)
c:/program files (x86)/cypress/psoc creator/4.2/psoc creator/import/gnu/arm/5.4.1/bin/../lib/gcc/arm-none-eabi/5.4.1/armv7-m\libgcc.a(_arm_muldivdf3.o)
                              .\CortexM3\ARM_GCC_541\Debug\DSP.o (__aeabi_dmul)
[...]
Memory Configuration

Name             Origin             Length             Attributes
rom              0x00000000         0x00040000         xr
ram              0x1fff8000         0x00010000         xrw
*default*        0x00000000         0xffffffff

Linker script and memory map

LOAD c:/program files (x86)/cypress/psoc creator/4.2/psoc creator/import/gnu/arm/5.4.1/bin/../lib/gcc/arm-none-eabi/5.4.1/armv7-m/crti.o
LOAD c:/program files (x86)/cypress/psoc creator/4.2/psoc creator/import/gnu/arm/5.4.1/bin/../lib/gcc/arm-none-eabi/5.4.1/armv7-m/crtbegin.o
LOAD c:/program files (x86)/cypress/psoc creator/4.2/psoc creator/import/gnu/arm/5.4.1/bin/../lib/gcc/arm-none-eabi/5.4.1/../../../../arm-none-eabi/lib/armv7-m/crt0.o
START GROUP
LOAD .\CortexM3\ARM_GCC_541\Debug\main.o
LOAD .\CortexM3\ARM_GCC_541\Debug\DSP.o
LOAD .\CortexM3\ARM_GCC_541\Debug\cyfitter_cfg.o
LOAD .\CortexM3\ARM_GCC_541\Debug\cymetadata.o
LOAD .\CortexM3\ARM_GCC_541\Debug\Cm3Start.o
LOAD .\CortexM3\ARM_GCC_541\Debug\Design01.a
LOAD C:\Program Files (x86)\Cypress\PSoC Creator\4.2\PSoC Creator\psoc\content\cycomponentlibrary\CyComponentLibrary.cylib\CortexM3\ARM_GCC_541\Debug\CyComponentLibrary.a
LOAD c:/program files (x86)/cypress/psoc creator/4.2/psoc creator/import/gnu/arm/5.4.1/bin/../lib/gcc/arm-none-eabi/5.4.1/../../../../arm-none-eabi/lib/armv7-m\libm.a
END GROUP
START GROUP
LOAD c:/program files (x86)/cypress/psoc creator/4.2/psoc creator/import/gnu/arm/5.4.1/bin/../lib/gcc/arm-none-eabi/5.4.1/armv7-m\libgcc.a
LOAD c:/program files (x86)/cypress/psoc creator/4.2/psoc creator/import/gnu/arm/5.4.1/bin/../lib/gcc/arm-none-eabi/5.4.1/../../../../arm-none-eabi/lib/armv7-m\libg_nano.a
LOAD c:/program files (x86)/cypress/psoc creator/4.2/psoc creator/import/gnu/arm/5.4.1/bin/../lib/gcc/arm-none-eabi/5.4.1/../../../../arm-none-eabi/lib/armv7-m\libc_nano.a
END GROUP
START GROUP
LOAD c:/program files (x86)/cypress/psoc creator/4.2/psoc creator/import/gnu/arm/5.4.1/bin/../lib/gcc/arm-none-eabi/5.4.1/armv7-m\libgcc.a
LOAD c:/program files (x86)/cypress/psoc creator/4.2/psoc creator/import/gnu/arm/5.4.1/bin/../lib/gcc/arm-none-eabi/5.4.1/../../../../arm-none-eabi/lib/armv7-m\libc_nano.a
END GROUP
LOAD c:/program files (x86)/cypress/psoc creator/4.2/psoc creator/import/gnu/arm/5.4.1/bin/../lib/gcc/arm-none-eabi/5.4.1/armv7-m/crtend.o
LOAD c:/program files (x86)/cypress/psoc creator/4.2/psoc creator/import/gnu/arm/5.4.1/bin/../lib/gcc/arm-none-eabi/5.4.1/armv7-m/crtn.o
START GROUP
LOAD c:/program files (x86)/cypress/psoc creator/4.2/psoc creator/import/gnu/arm/5.4.1/bin/../lib/gcc/arm-none-eabi/5.4.1/armv7-m\libgcc.a
LOAD c:/program files (x86)/cypress/psoc creator/4.2/psoc creator/import/gnu/arm/5.4.1/bin/../lib/gcc/arm-none-eabi/5.4.1/../../../../arm-none-eabi/lib/armv7-m\libc.a
LOAD c:/program files (x86)/cypress/psoc creator/4.2/psoc creator/import/gnu/arm/5.4.1/bin/../lib/gcc/arm-none-eabi/5.4.1/../../../../arm-none-eabi/lib/armv7-m\libnosys.a
END GROUP
                0x00000000                CY_APPL_ORIGIN = 0x0
                0x00000100                CY_FLASH_ROW_SIZE = 0x100
                0x00000020                CY_ECC_ROW_SIZE = 0x20
                0x00000000                CY_EE_IN_BTLDR = 0x0
                0x00000000                CY_APPL_LOADABLE = 0x0
                0x00000800                CY_EE_SIZE = 0x800
                0x00000001                CY_APPL_NUM = 0x1
                0x00000001                CY_APPL_MAX = 0x1
                0x00000040                CY_METADATA_SIZE = 0x40
                0x00000000                CY_APPL_LOADABLE = 0x0
                0x00000000                CY_CHECKSUM_EXCLUDE_SIZE = ALIGN (0x0, CY_FLASH_ROW_SIZE)
                [!provide]                PROVIDE (__cy_heap_start, _end)
                0x00000001                PROVIDE (__cy_region_num, ((__cy_regions_end - __cy_regions) / 0x10))
                0x20008000                PROVIDE (__cy_stack, (ORIGIN (ram) + LENGTH (ram)))
                [!provide]                PROVIDE (__cy_heap_end, (__cy_stack - 0x800))

.cybootloader   0x00000000        0x0
 *(.cybootloader)
                0x00000000                appl1_start = CY_APPL_ORIGIN?CY_APPL_ORIGIN:ALIGN (CY_FLASH_ROW_SIZE)
                0x0001ff00                appl2_start = (appl1_start + ALIGN ((((LENGTH (rom) - appl1_start) - (0x2 * CY_FLASH_ROW_SIZE)) / 0x2), CY_FLASH_ROW_SIZE))
                0x00000000                appl_start = (CY_APPL_NUM == 0x1)?appl1_start:appl2_start
                0x00000000                ecc_offset = ((appl_start / CY_FLASH_ROW_SIZE) * CY_ECC_ROW_SIZE)
                0x00000000                ee_offset = (CY_APPL_LOADABLE && ! (CY_EE_IN_BTLDR))?((CY_EE_SIZE / CY_APPL_MAX) * (CY_APPL_NUM - 0x1)):0x0
                0x00000800                ee_size = (CY_APPL_LOADABLE && ! (CY_EE_IN_BTLDR))?(CY_EE_SIZE / CY_APPL_MAX):CY_EE_SIZE
                [!provide]                PROVIDE (CY_ECC_OFFSET, ecc_offset)

.text           0x00000000     0x4bd4
 CREATE_OBJECT_SYMBOLS
                0x00000000                PROVIDE (__cy_interrupt_vector, RomVectors)
 *(.romvectors)
 .romvectors    0x00000000       0x10 .\CortexM3\ARM_GCC_541\Debug\Cm3Start.o
                0x00000000                RomVectors
                0x00000001                ASSERT ((. != __cy_interrupt_vector), No interrupt vector)
                0x00000001                ASSERT (CY_APPL_ORIGIN?(SIZEOF (.cybootloader) <= CY_APPL_ORIGIN):0x1, Wrong image location)
                0x00000010                PROVIDE (__cy_reset, Reset)
 *(.text.Reset)
 .text.Reset    0x00000010       0x18 .\CortexM3\ARM_GCC_541\Debug\Cm3Start.o
                0x00000010                Reset
                0x00000001                ASSERT ((. != __cy_reset), No reset code)
 *(.dma_init)
                0x00000001                ASSERT ((((appl_start + .) <= 0x10000) || 0x1), DMA Init must be within the first 64k of flash)
 *(.text .text.* .gnu.linkonce.t.*)
 .text          0x00000028       0x5c c:/program files (x86)/cypress/psoc creator/4.2/psoc creator/import/gnu/arm/5.4.1/bin/../lib/gcc/arm-none-eabi/5.4.1/armv7-m/crtbegin.o
 .text.USB_NeWk
                0x00000084       0x40 .\CortexM3\ARM_GCC_541\Debug\main.o
                0x00000084                USB_NeWk
 .text.init_usb_my
                0x000000c4       0x18 .\CortexM3\ARM_GCC_541\Debug\main.o
                0x000000c4                init_usb_my
 .text.main     0x000000dc       0x78 .\CortexM3\ARM_GCC_541\Debug\main.o
                0x000000dc                main
 .text.R_D_F    0x00000154       0x7c .\CortexM3\ARM_GCC_541\Debug\DSP.o
                0x00000154                R_D_F
 .text.Server_Function
                0x000001d0       0x24 .\CortexM3\ARM_GCC_541\Debug\DSP.o
                0x000001d0                Server_Function
 .text.CyClockStartupError
                0x000001f4        0x4 .\CortexM3\ARM_GCC_541\Debug\cyfitter_cfg.o
 .text.cfg_write_bytes32
                0x000001f8       0x34 .\CortexM3\ARM_GCC_541\Debug\cyfitter_cfg.o
 .text.CYMEMZERO
                0x0000022c        0xc .\CortexM3\ARM_GCC_541\Debug\cyfitter_cfg.o
 .text.AnalogSetDefault
                0x00000238       0xc8 .\CortexM3\ARM_GCC_541\Debug\cyfitter_cfg.o
 .text.CYCONFIGCPY
                0x00000300        0x8 .\CortexM3\ARM_GCC_541\Debug\cyfitter_cfg.o
 .text.ClockSetup
                0x00000308       0xe8 .\CortexM3\ARM_GCC_541\Debug\cyfitter_cfg.o
 .text.cyfitter_cfg
                0x000003f0      0x12c .\CortexM3\ARM_GCC_541\Debug\cyfitter_cfg.o
                0x000003f0                cyfitter_cfg
 .text.IntDefaultHandler
                0x0000051c       0x10 .\CortexM3\ARM_GCC_541\Debug\Cm3Start.o
                0x0000051c                IntDefaultHandler
 .text._sbrk    0x0000052c       0x30 .\CortexM3\ARM_GCC_541\Debug\Cm3Start.o
                0x0000052c                _sbrk
 .text.Start_c  0x0000055c       0x4c .\CortexM3\ARM_GCC_541\Debug\Cm3Start.o
                0x0000055c                Start_c
 .text.initialize_psoc
                0x000005a8       0x6c .\CortexM3\ARM_GCC_541\Debug\Cm3Start.o
                0x000005a8                initialize_psoc
 .text.CyDmacConfigure
                0x00000614       0x34 .\CortexM3\ARM_GCC_541\Debug\Design01.a(CyDmac.o)
                0x00000614                CyDmacConfigure
 .text.CyDmaChEnable
                0x00000648       0x38 .\CortexM3\ARM_GCC_541\Debug\Design01.a(CyDmac.o)
                0x00000648                CyDmaChEnable
 .text.CyDmaChDisable
                0x00000680       0x24 .\CortexM3\ARM_GCC_541\Debug\Design01.a(CyDmac.o)
                0x00000680                CyDmaChDisable
 .text.CyDmaChPriority
                0x000006a4       0x24 .\CortexM3\ARM_GCC_541\Debug\Design01.a(CyDmac.o)
                0x000006a4                CyDmaChPriority
 .text.CyDmaChSetExtendedAddress
                0x000006c8       0x34 .\CortexM3\ARM_GCC_541\Debug\Design01.a(CyDmac.o)
                0x000006c8                CyDmaChSetExtendedAddress
 .text.CyDmaChSetInitialTd
                0x000006fc       0x18 .\CortexM3\ARM_GCC_541\Debug\Design01.a(CyDmac.o)
                0x000006fc                CyDmaChSetInitialTd
 .text.CyDmaChSetConfiguration
                0x00000714       0x44 .\CortexM3\ARM_GCC_541\Debug\Design01.a(CyDmac.o)
                0x00000714                CyDmaChSetConfiguration
 .text.CyDmaTdAllocate
                0x00000758       0x34 .\CortexM3\ARM_GCC_541\Debug\Design01.a(CyDmac.o)
                0x00000758                CyDmaTdAllocate
 .text.CyDmaTdSetConfiguration
                0x0000078c       0x28 .\CortexM3\ARM_GCC_541\Debug\Design01.a(CyDmac.o)
                0x0000078c                CyDmaTdSetConfiguration
 .text.CyDmaTdSetAddress
                0x000007b4       0x1c .\CortexM3\ARM_GCC_541\Debug\Design01.a(CyDmac.o)
                0x000007b4                CyDmaTdSetAddress
 .text.CyHalt   0x000007d0        0x4 .\CortexM3\ARM_GCC_541\Debug\Design01.a(CyLib.o)
                0x000007d0                CyHalt
 .text.CyDelayUs
                0x000007d4       0x14 .\CortexM3\ARM_GCC_541\Debug\Design01.a(CyLib.o)
                0x000007d4                CyDelayUs
 .text.CyIntSetVector
                0x000007e8       0x28 .\CortexM3\ARM_GCC_541\Debug\Design01.a(CyLib.o)
                0x000007e8                CyIntSetVector
 .text.CyIntSetPriority
                0x00000810       0x30 .\CortexM3\ARM_GCC_541\Debug\Design01.a(CyLib.o)
                0x00000810                CyIntSetPriority
 .text.CyGetUniqueId
                0x00000840       0x70 .\CortexM3\ARM_GCC_541\Debug\Design01.a(CyLib.o)
                0x00000840                CyGetUniqueId
 .text.Control_Reg_1_Write
                0x000008b0        0xc .\CortexM3\ARM_GCC_541\Debug\Design01.a(Control_Reg_1.o)
                0x000008b0                Control_Reg_1_Write
 .text.USBUART_1_Init
                0x000008bc      0x168 .\CortexM3\ARM_GCC_541\Debug\Design01.a(USBUART_1.o)
                0x000008bc                USBUART_1_Init
 .text.USBUART_1_InitComponent
                0x00000a24       0xd0 .\CortexM3\ARM_GCC_541\Debug\Design01.a(USBUART_1.o)
                0x00000a24                USBUART_1_InitComponent
 .text.USBUART_1_Start
                0x00000af4       0x24 .\CortexM3\ARM_GCC_541\Debug\Design01.a(USBUART_1.o)
                0x00000af4                USBUART_1_Start
 .text.USBUART_1_ReInitComponent
                0x00000b18       0x4c .\CortexM3\ARM_GCC_541\Debug\Design01.a(USBUART_1.o)
                0x00000b18                USBUART_1_ReInitComponent
 .text.USBUART_1_GetConfiguration
                0x00000b64        0xc .\CortexM3\ARM_GCC_541\Debug\Design01.a(USBUART_1.o)
                0x00000b64                USBUART_1_GetConfiguration
 .text.USBUART_1_GetEPState
                0x00000b70       0x14 .\CortexM3\ARM_GCC_541\Debug\Design01.a(USBUART_1.o)
                0x00000b70                USBUART_1_GetEPState
 .text.USBUART_1_GetEPCount
                0x00000b84       0x28 .\CortexM3\ARM_GCC_541\Debug\Design01.a(USBUART_1.o)
                0x00000b84                USBUART_1_GetEPCount
 .text.USBUART_1_InitEP_DMA
                0x00000bac       0x78 .\CortexM3\ARM_GCC_541\Debug\Design01.a(USBUART_1.o)
                0x00000bac                USBUART_1_InitEP_DMA
 .text.USBUART_1_LoadInEP
                0x00000c24      0x104 .\CortexM3\ARM_GCC_541\Debug\Design01.a(USBUART_1.o)
                0x00000c24                USBUART_1_LoadInEP
 .text.USBUART_1_ReadOutEP
                0x00000d28       0xb0 .\CortexM3\ARM_GCC_541\Debug\Design01.a(USBUART_1.o)
                0x00000d28                USBUART_1_ReadOutEP
 .text.USBUART_1_EnableOutEP
                0x00000dd8       0x2c .\CortexM3\ARM_GCC_541\Debug\Design01.a(USBUART_1.o)
                0x00000dd8                USBUART_1_EnableOutEP
 .text.USBUART_1_GetInterfaceComPort
                0x00000e04       0x38 .\CortexM3\ARM_GCC_541\Debug\Design01.a(USBUART_1_cdc.o)
                0x00000e04                USBUART_1_GetInterfaceComPort
 .text.USBUART_1_DispatchCDCClassRqst
                0x00000e3c       0x98 .\CortexM3\ARM_GCC_541\Debug\Design01.a(USBUART_1_cdc.o)
                0x00000e3c                USBUART_1_DispatchCDCClassRqst
 .text.USBUART_1_CDC_Init
                0x00000ed4       0x98 .\CortexM3\ARM_GCC_541\Debug\Design01.a(USBUART_1_cdc.o)
                0x00000ed4                USBUART_1_CDC_Init
 .text.USBUART_1_PutData
                0x00000f6c       0x50 .\CortexM3\ARM_GCC_541\Debug\Design01.a(USBUART_1_cdc.o)
                0x00000f6c                USBUART_1_PutData
 .text.USBUART_1_DataIsReady
                0x00000fbc       0x18 .\CortexM3\ARM_GCC_541\Debug\Design01.a(USBUART_1_cdc.o)
                0x00000fbc                USBUART_1_DataIsReady
 .text.USBUART_1_CDCIsReady
                0x00000fd4       0x18 .\CortexM3\ARM_GCC_541\Debug\Design01.a(USBUART_1_cdc.o)
                0x00000fd4                USBUART_1_CDCIsReady
 .text.USBUART_1_GetAll
                0x00000fec       0x44 .\CortexM3\ARM_GCC_541\Debug\Design01.a(USBUART_1_cdc.o)
                0x00000fec                USBUART_1_GetAll
 .text.USBUART_1_Cdc_EpInit
                0x00001030       0x50 .\CortexM3\ARM_GCC_541\Debug\Design01.a(USBUART_1_cdc.o)
                0x00001030                USBUART_1_Cdc_EpInit
 .text.USBUART_1_LoadEP0
                0x00001080       0x98 .\CortexM3\ARM_GCC_541\Debug\Design01.a(USBUART_1_drv.o)
                0x00001080                USBUART_1_LoadEP0
 .text.USBUART_1_InitZeroLengthControlTransfer
                0x00001118       0x34 .\CortexM3\ARM_GCC_541\Debug\Design01.a(USBUART_1_drv.o)
                0x00001118                USBUART_1_InitZeroLengthControlTransfer
 .text.USBUART_1_ControlReadDataStage
                0x0000114c        0x8 .\CortexM3\ARM_GCC_541\Debug\Design01.a(USBUART_1_drv.o)
                0x0000114c                USBUART_1_ControlReadDataStage
 .text.USBUART_1_ControlWriteDataStage
                0x00001154       0x84 .\CortexM3\ARM_GCC_541\Debug\Design01.a(USBUART_1_drv.o)
                0x00001154                USBUART_1_ControlWriteDataStage
 .text.USBUART_1_InitNoDataControlTransfer
                0x000011d8       0x2c .\CortexM3\ARM_GCC_541\Debug\Design01.a(USBUART_1_drv.o)
                0x000011d8                USBUART_1_InitNoDataControlTransfer
 .text.USBUART_1_UpdateStatusBlock
                0x00001204       0x24 .\CortexM3\ARM_GCC_541\Debug\Design01.a(USBUART_1_drv.o)
                0x00001204                USBUART_1_UpdateStatusBlock
 .text.USBUART_1_HandleSetup
                0x00001228       0x5c .\CortexM3\ARM_GCC_541\Debug\Design01.a(USBUART_1_drv.o)
                0x00001228                USBUART_1_HandleSetup
 .text.USBUART_1_ControlReadStatusStage
                0x00001284       0x38 .\CortexM3\ARM_GCC_541\Debug\Design01.a(USBUART_1_drv.o)
                0x00001284                USBUART_1_ControlReadStatusStage
 .text.USBUART_1_HandleOUT
                0x000012bc       0x38 .\CortexM3\ARM_GCC_541\Debug\Design01.a(USBUART_1_drv.o)
                0x000012bc                USBUART_1_HandleOUT
 .text.USBUART_1_ControlWriteStatusStage
                0x000012f4       0x20 .\CortexM3\ARM_GCC_541\Debug\Design01.a(USBUART_1_drv.o)
                0x000012f4                USBUART_1_ControlWriteStatusStage
 .text.USBUART_1_NoDataControlStatusStage
                0x00001314       0x40 .\CortexM3\ARM_GCC_541\Debug\Design01.a(USBUART_1_drv.o)
                0x00001314                USBUART_1_NoDataControlStatusStage
 .text.USBUART_1_HandleIN
                0x00001354       0x2c .\CortexM3\ARM_GCC_541\Debug\Design01.a(USBUART_1_drv.o)
                0x00001354                USBUART_1_HandleIN
 .text.USBUART_1_EP_0_ISR
                0x00001380       0xb8 .\CortexM3\ARM_GCC_541\Debug\Design01.a(USBUART_1_drv.o)
                0x00001380                USBUART_1_EP_0_ISR
 .text.USBUART_1_InitializeStatusBlock
                0x00001438       0x24 .\CortexM3\ARM_GCC_541\Debug\Design01.a(USBUART_1_drv.o)
                0x00001438                USBUART_1_InitializeStatusBlock
 .text.USBUART_1_InitControlRead
                0x0000145c       0x50 .\CortexM3\ARM_GCC_541\Debug\Design01.a(USBUART_1_drv.o)
                0x0000145c                USBUART_1_InitControlRead
 .text.USBUART_1_InitControlWrite
                0x000014ac       0x48 .\CortexM3\ARM_GCC_541\Debug\Design01.a(USBUART_1_drv.o)
                0x000014ac                USBUART_1_InitControlWrite
 .text.USBUART_1_EP_1_ISR
                0x000014f4       0x30 .\CortexM3\ARM_GCC_541\Debug\Design01.a(USBUART_1_episr.o)
                0x000014f4                USBUART_1_EP_1_ISR
 .text.USBUART_1_EP_2_ISR
                0x00001524       0x34 .\CortexM3\ARM_GCC_541\Debug\Design01.a(USBUART_1_episr.o)
                0x00001524                USBUART_1_EP_2_ISR
 .text.USBUART_1_EP_3_ISR
                0x00001558       0x3c .\CortexM3\ARM_GCC_541\Debug\Design01.a(USBUART_1_episr.o)
                0x00001558                USBUART_1_EP_3_ISR
 .text.USBUART_1_SOF_ISR
                0x00001594        0x4 .\CortexM3\ARM_GCC_541\Debug\Design01.a(USBUART_1_episr.o)
                0x00001594                USBUART_1_SOF_ISR
 .text.USBUART_1_BUS_RESET_ISR
                0x00001598        0x8 .\CortexM3\ARM_GCC_541\Debug\Design01.a(USBUART_1_episr.o)
                0x00001598                USBUART_1_BUS_RESET_ISR
 .text.USBUART_1_ARB_ISR
                0x000015a0       0xa4 .\CortexM3\ARM_GCC_541\Debug\Design01.a(USBUART_1_episr.o)
                0x000015a0                USBUART_1_ARB_ISR
 .text.USBUART_1_DP_ISR
                0x00001644        0x8 .\CortexM3\ARM_GCC_541\Debug\Design01.a(USBUART_1_pm.o)
                0x00001644                USBUART_1_DP_ISR
 .text.USBUART_1_ReadDieID
                0x0000164c       0x6c .\CortexM3\ARM_GCC_541\Debug\Design01.a(USBUART_1_std.o)
                0x0000164c                USBUART_1_ReadDieID
 .text.USBUART_1_ConfigReg
                0x000016b8       0xa8 .\CortexM3\ARM_GCC_541\Debug\Design01.a(USBUART_1_std.o)
                0x000016b8                USBUART_1_ConfigReg
 .text.USBUART_1_GetConfigTablePtr
                0x00001760       0x28 .\CortexM3\ARM_GCC_541\Debug\Design01.a(USBUART_1_std.o)
                0x00001760                USBUART_1_GetConfigTablePtr
 .text.USBUART_1_ConfigAltChanged
                0x00001788      0x11c .\CortexM3\ARM_GCC_541\Debug\Design01.a(USBUART_1_std.o)
                0x00001788                USBUART_1_ConfigAltChanged
 .text.USBUART_1_GetDeviceTablePtr
                0x000018a4       0x18 .\CortexM3\ARM_GCC_541\Debug\Design01.a(USBUART_1_std.o)
                0x000018a4                USBUART_1_GetDeviceTablePtr
 .text.USBUART_1_GetInterfaceClassTablePtr
                0x000018bc       0x28 .\CortexM3\ARM_GCC_541\Debug\Design01.a(USBUART_1_std.o)
                0x000018bc                USBUART_1_GetInterfaceClassTablePtr
 .text.USBUART_1_Config
                0x000018e4      0x1ec .\CortexM3\ARM_GCC_541\Debug\Design01.a(USBUART_1_std.o)
                0x000018e4                USBUART_1_Config
 .text.USBUART_1_SetEndpointHalt
                0x00001ad0       0x64 .\CortexM3\ARM_GCC_541\Debug\Design01.a(USBUART_1_std.o)
                0x00001ad0                USBUART_1_SetEndpointHalt
 .text.USBUART_1_ClearEndpointHalt
                0x00001b34       0xac .\CortexM3\ARM_GCC_541\Debug\Design01.a(USBUART_1_std.o)
                0x00001b34                USBUART_1_ClearEndpointHalt
 .text.USBUART_1_ValidateAlternateSetting
                0x00001be0       0x4c .\CortexM3\ARM_GCC_541\Debug\Design01.a(USBUART_1_std.o)
                0x00001be0                USBUART_1_ValidateAlternateSetting
 .text.USBUART_1_HandleStandardRqst
                0x00001c2c      0x354 .\CortexM3\ARM_GCC_541\Debug\Design01.a(USBUART_1_std.o)
                0x00001c2c                USBUART_1_HandleStandardRqst
 .text.USBUART_1_HandleVendorRqst
                0x00001f80       0x18 .\CortexM3\ARM_GCC_541\Debug\Design01.a(USBUART_1_vnd.o)
                0x00001f80                USBUART_1_HandleVendorRqst
 .text.USBUART_1_Dp_ClearInterrupt
                0x00001f98       0x10 .\CortexM3\ARM_GCC_541\Debug\Design01.a(USBUART_1_Dp.o)
                0x00001f98                USBUART_1_Dp_ClearInterrupt
 .text.USB_isr_Interrupt
                0x00001fa8        0x4 .\CortexM3\ARM_GCC_541\Debug\Design01.a(USB_isr.o)
                0x00001fa8                USB_isr_Interrupt
 .text.USB_isr_SetVector
                0x00001fac       0x10 .\CortexM3\ARM_GCC_541\Debug\Design01.a(USB_isr.o)
                0x00001fac                USB_isr_SetVector
 .text.USB_isr_SetPriority
                0x00001fbc       0x10 .\CortexM3\ARM_GCC_541\Debug\Design01.a(USB_isr.o)
                0x00001fbc                USB_isr_SetPriority
 .text.USB_isr_Enable
                0x00001fcc       0x10 .\CortexM3\ARM_GCC_541\Debug\Design01.a(USB_isr.o)
                0x00001fcc                USB_isr_Enable
 .text.USB_isr_Disable
                0x00001fdc       0x10 .\CortexM3\ARM_GCC_541\Debug\Design01.a(USB_isr.o)
                0x00001fdc                USB_isr_Disable
 .text.USB_isr_Start
                0x00001fec       0x1c .\CortexM3\ARM_GCC_541\Debug\Design01.a(USB_isr.o)
                0x00001fec                USB_isr_Start
 .text.USBUART_1_ep3_DmaInitialize
                0x00002008       0x3c .\CortexM3\ARM_GCC_541\Debug\Design01.a(USBUART_1_ep3_dma.o)
                0x00002008                USBUART_1_ep3_DmaInitialize
 .text.USBUART_1_ep2_DmaInitialize
                0x00002044       0x3c .\CortexM3\ARM_GCC_541\Debug\Design01.a(USBUART_1_ep2_dma.o)
                0x00002044                USBUART_1_ep2_DmaInitialize
 .text.USBUART_1_ep1_DmaInitialize
                0x00002080       0x3c .\CortexM3\ARM_GCC_541\Debug\Design01.a(USBUART_1_ep1_dma.o)
                0x00002080                USBUART_1_ep1_DmaInitialize
 .text.ShiftReg_5_EnableInt
                0x000020bc       0x1c .\CortexM3\ARM_GCC_541\Debug\Design01.a(ShiftReg_5.o)
                0x000020bc                ShiftReg_5_EnableInt
 .text.ShiftReg_5_Enable
                0x000020d8       0x18 .\CortexM3\ARM_GCC_541\Debug\Design01.a(ShiftReg_5.o)
                0x000020d8                ShiftReg_5_Enable
 .text.ShiftReg_5_GetFIFOStatus
                0x000020f0       0x48 .\CortexM3\ARM_GCC_541\Debug\Design01.a(ShiftReg_5.o)
                0x000020f0                ShiftReg_5_GetFIFOStatus
 .text.ShiftReg_5_SetIntMode
                0x00002138       0x1c .\CortexM3\ARM_GCC_541\Debug\Design01.a(ShiftReg_5.o)
                0x00002138                ShiftReg_5_SetIntMode
 .text.ShiftReg_5_Init
                0x00002154        0xc .\CortexM3\ARM_GCC_541\Debug\Design01.a(ShiftReg_5.o)
                0x00002154                ShiftReg_5_Init
 .text.ShiftReg_5_Start
                0x00002160       0x1c .\CortexM3\ARM_GCC_541\Debug\Design01.a(ShiftReg_5.o)
                0x00002160                ShiftReg_5_Start
 .text.ShiftReg_5_WriteData
                0x0000217c       0x20 .\CortexM3\ARM_GCC_541\Debug\Design01.a(ShiftReg_5.o)
                0x0000217c                ShiftReg_5_WriteData
 .text.ShiftReg_6_EnableInt
                0x0000219c       0x1c .\CortexM3\ARM_GCC_541\Debug\Design01.a(ShiftReg_6.o)
                0x0000219c                ShiftReg_6_EnableInt
 .text.ShiftReg_6_Enable
                0x000021b8       0x18 .\CortexM3\ARM_GCC_541\Debug\Design01.a(ShiftReg_6.o)
                0x000021b8                ShiftReg_6_Enable
 .text.ShiftReg_6_GetFIFOStatus
                0x000021d0       0x48 .\CortexM3\ARM_GCC_541\Debug\Design01.a(ShiftReg_6.o)
                0x000021d0                ShiftReg_6_GetFIFOStatus
 .text.ShiftReg_6_SetIntMode
                0x00002218       0x1c .\CortexM3\ARM_GCC_541\Debug\Design01.a(ShiftReg_6.o)
                0x00002218                ShiftReg_6_SetIntMode
 .text.ShiftReg_6_Init
                0x00002234        0xc .\CortexM3\ARM_GCC_541\Debug\Design01.a(ShiftReg_6.o)
                0x00002234                ShiftReg_6_Init
 .text.ShiftReg_6_Start
                0x00002240       0x1c .\CortexM3\ARM_GCC_541\Debug\Design01.a(ShiftReg_6.o)
                0x00002240                ShiftReg_6_Start
 .text.ShiftReg_6_WriteData
                0x0000225c       0x20 .\CortexM3\ARM_GCC_541\Debug\Design01.a(ShiftReg_6.o)
                0x0000225c                ShiftReg_6_WriteData
 .text.ShiftReg_7_EnableInt
                0x0000227c       0x1c .\CortexM3\ARM_GCC_541\Debug\Design01.a(ShiftReg_7.o)
                0x0000227c                ShiftReg_7_EnableInt
 .text.ShiftReg_7_Enable
                0x00002298       0x18 .\CortexM3\ARM_GCC_541\Debug\Design01.a(ShiftReg_7.o)
                0x00002298                ShiftReg_7_Enable
 .text.ShiftReg_7_SetIntMode
                0x000022b0       0x1c .\CortexM3\ARM_GCC_541\Debug\Design01.a(ShiftReg_7.o)
                0x000022b0                ShiftReg_7_SetIntMode
 .text.ShiftReg_7_Init
                0x000022cc        0xc .\CortexM3\ARM_GCC_541\Debug\Design01.a(ShiftReg_7.o)
                0x000022cc                ShiftReg_7_Init
 .text.ShiftReg_7_Start
                0x000022d8       0x1c .\CortexM3\ARM_GCC_541\Debug\Design01.a(ShiftReg_7.o)
                0x000022d8                ShiftReg_7_Start
 .text.ShiftReg_8_EnableInt
                0x000022f4       0x1c .\CortexM3\ARM_GCC_541\Debug\Design01.a(ShiftReg_8.o)
                0x000022f4                ShiftReg_8_EnableInt
 .text.ShiftReg_8_Enable
                0x00002310       0x18 .\CortexM3\ARM_GCC_541\Debug\Design01.a(ShiftReg_8.o)
                0x00002310                ShiftReg_8_Enable
 .text.ShiftReg_8_SetIntMode
                0x00002328       0x1c .\CortexM3\ARM_GCC_541\Debug\Design01.a(ShiftReg_8.o)
                0x00002328                ShiftReg_8_SetIntMode
 .text.ShiftReg_8_Init
                0x00002344        0xc .\CortexM3\ARM_GCC_541\Debug\Design01.a(ShiftReg_8.o)
                0x00002344                ShiftReg_8_Init
 .text.ShiftReg_8_Start
                0x00002350       0x1c .\CortexM3\ARM_GCC_541\Debug\Design01.a(ShiftReg_8.o)
                0x00002350                ShiftReg_8_Start
 .text.Count7_1_Init
                0x0000236c        0xc .\CortexM3\ARM_GCC_541\Debug\Design01.a(Count7_1.o)
                0x0000236c                Count7_1_Init
 .text.Count7_1_Enable
                0x00002378       0x1c .\CortexM3\ARM_GCC_541\Debug\Design01.a(Count7_1.o)
                0x00002378                Count7_1_Enable
 .text.Count7_1_Start
                0x00002394       0x1c .\CortexM3\ARM_GCC_541\Debug\Design01.a(Count7_1.o)
                0x00002394                Count7_1_Start
 .text.Opamp_Channel1_Enable
                0x000023b0       0x28 .\CortexM3\ARM_GCC_541\Debug\Design01.a(Opamp_Channel1.o)
                0x000023b0                Opamp_Channel1_Enable
 .text.Opamp_Channel1_SetPower
                0x000023d8       0x1c .\CortexM3\ARM_GCC_541\Debug\Design01.a(Opamp_Channel1.o)
                0x000023d8                Opamp_Channel1_SetPower
 .text.Opamp_Channel1_Init
                0x000023f4        0xc .\CortexM3\ARM_GCC_541\Debug\Design01.a(Opamp_Channel1.o)
                0x000023f4                Opamp_Channel1_Init
 .text.Opamp_Channel1_Start
                0x00002400       0x1c .\CortexM3\ARM_GCC_541\Debug\Design01.a(Opamp_Channel1.o)
                0x00002400                Opamp_Channel1_Start
 .text.PGA_Channel1_Enable
                0x0000241c       0x28 .\CortexM3\ARM_GCC_541\Debug\Design01.a(PGA_Channel1.o)
                0x0000241c                PGA_Channel1_Enable
 .text.PGA_Channel1_SetPower
                0x00002444       0x18 .\CortexM3\ARM_GCC_541\Debug\Design01.a(PGA_Channel1.o)
                0x00002444                PGA_Channel1_SetPower
 .text.PGA_Channel1_SetGain
                0x0000245c       0x78 .\CortexM3\ARM_GCC_541\Debug\Design01.a(PGA_Channel1.o)
                0x0000245c                PGA_Channel1_SetGain
 .text.PGA_Channel1_Init
                0x000024d4       0x28 .\CortexM3\ARM_GCC_541\Debug\Design01.a(PGA_Channel1.o)
                0x000024d4                PGA_Channel1_Init
 .text.PGA_Channel1_Start
                0x000024fc       0x1c .\CortexM3\ARM_GCC_541\Debug\Design01.a(PGA_Channel1.o)
                0x000024fc                PGA_Channel1_Start
 .text.Opamp_Channel1_1_Enable
                0x00002518       0x28 .\CortexM3\ARM_GCC_541\Debug\Design01.a(Opamp_Channel1_1.o)
                0x00002518                Opamp_Channel1_1_Enable
 .text.Opamp_Channel1_1_SetPower
                0x00002540       0x1c .\CortexM3\ARM_GCC_541\Debug\Design01.a(Opamp_Channel1_1.o)
                0x00002540                Opamp_Channel1_1_SetPower
 .text.Opamp_Channel1_1_Init
                0x0000255c        0xc .\CortexM3\ARM_GCC_541\Debug\Design01.a(Opamp_Channel1_1.o)
                0x0000255c                Opamp_Channel1_1_Init
 .text.Opamp_Channel1_1_Start
                0x00002568       0x1c .\CortexM3\ARM_GCC_541\Debug\Design01.a(Opamp_Channel1_1.o)
                0x00002568                Opamp_Channel1_1_Start
 *fill*         0x00002584        0x4 
 .text          0x00002588       0x20 .\CortexM3\ARM_GCC_541\Debug\Design01.a(CyBootAsmGnu.o)
                0x00002588                CyDelayCycles
                0x00002598                CyEnterCriticalSection
                0x000025a0                CyExitCriticalSection
 .text.CySetReg24
                0x000025a8       0x14 .\CortexM3\ARM_GCC_541\Debug\Design01.a(cyutils.o)
                0x000025a8                CySetReg24
 .text.USBUART_1_DispatchClassRqst
                0x000025bc       0x60 .\CortexM3\ARM_GCC_541\Debug\Design01.a(USBUART_1_cls.o)
                0x000025bc                USBUART_1_DispatchClassRqst
 .text          0x0000261c      0x424 c:/program files (x86)/cypress/psoc creator/4.2/psoc creator/import/gnu/arm/5.4.1/bin/../lib/gcc/arm-none-eabi/5.4.1/armv7-m\libgcc.a(_arm_muldivdf3.o)
                0x0000261c                __aeabi_dmul
                0x0000261c                __muldf3
                0x00002870                __divdf3
                0x00002870                __aeabi_ddiv
 .text          0x00002a40       0x48 c:/program files (x86)/cypress/psoc creator/4.2/psoc creator/import/gnu/arm/5.4.1/bin/../lib/gcc/arm-none-eabi/5.4.1/armv7-m\libgcc.a(_fixunsdfdi.o)
                0x00002a40                __fixunsdfdi
                0x00002a40                __aeabi_d2ulz
 .text          0x00002a88      0x370 c:/program files (x86)/cypress/psoc creator/4.2/psoc creator/import/gnu/arm/5.4.1/bin/../lib/gcc/arm-none-eabi/5.4.1/armv7-m\libgcc.a(_arm_addsubdf3.o)
                0x00002a88                __aeabi_drsub
                0x00002a90                __aeabi_dsub
                0x00002a90                __subdf3
                0x00002a94                __aeabi_dadd
                0x00002a94                __adddf3
                0x00002d0c                __floatunsidf
                0x00002d0c                __aeabi_ui2d
                0x00002d2c                __floatsidf
                0x00002d2c                __aeabi_i2d
                0x00002d50                __aeabi_f2d
                0x00002d50                __extendsfdf2
                0x00002d8c                __floatundidf
                0x00002d8c                __aeabi_ul2d
                0x00002d9c                __floatdidf
                0x00002d9c                __aeabi_l2d
 .text          0x00002df8       0x40 c:/program files (x86)/cypress/psoc creator/4.2/psoc creator/import/gnu/arm/5.4.1/bin/../lib/gcc/arm-none-eabi/5.4.1/armv7-m\libgcc.a(_arm_fixunsdfsi.o)
                0x00002df8                __aeabi_d2uiz
                0x00002df8                __fixunsdfsi
 .text.atof     0x00002e38        0x6 c:/program files (x86)/cypress/psoc creator/4.2/psoc creator/import/gnu/arm/5.4.1/bin/../lib/gcc/arm-none-eabi/5.4.1/../../../../arm-none-eabi/lib/armv7-m\libg_nano.a(lib_a-atof.o)
                0x00002e38                atof
 *fill*         0x00002e3e        0x2 
 .text.__errno  0x00002e40        0xc c:/program files (x86)/cypress/psoc creator/4.2/psoc creator/import/gnu/arm/5.4.1/bin/../lib/gcc/arm-none-eabi/5.4.1/../../../../arm-none-eabi/lib/armv7-m\libg_nano.a(lib_a-errno.o)
                0x00002e40                __errno
 .text.__libc_init_array
                0x00002e4c       0x4c c:/program files (x86)/cypress/psoc creator/4.2/psoc creator/import/gnu/arm/5.4.1/bin/../lib/gcc/arm-none-eabi/5.4.1/../../../../arm-none-eabi/lib/armv7-m\libg_nano.a(lib_a-init.o)
                0x00002e4c                __libc_init_array
 .text.memcpy   0x00002e98       0x16 c:/program files (x86)/cypress/psoc creator/4.2/psoc creator/import/gnu/arm/5.4.1/bin/../lib/gcc/arm-none-eabi/5.4.1/../../../../arm-none-eabi/lib/armv7-m\libg_nano.a(lib_a-memcpy-stub.o)
                0x00002e98                memcpy
 .text.memset   0x00002eae       0x10 c:/program files (x86)/cypress/psoc creator/4.2/psoc creator/import/gnu/arm/5.4.1/bin/../lib/gcc/arm-none-eabi/5.4.1/../../../../arm-none-eabi/lib/armv7-m\libg_nano.a(lib_a-memset.o)
                0x00002eae                memset
 .text.strncmp  0x00002ebe       0x2a c:/program files (x86)/cypress/psoc creator/4.2/psoc creator/import/gnu/arm/5.4.1/bin/../lib/gcc/arm-none-eabi/5.4.1/../../../../arm-none-eabi/lib/armv7-m\libg_nano.a(lib_a-strncmp.o)
                0x00002ebe                strncmp
 .text.sulp     0x00002ee8       0x42 c:/program files (x86)/cypress/psoc creator/4.2/psoc creator/import/gnu/arm/5.4.1/bin/../lib/gcc/arm-none-eabi/5.4.1/../../../../arm-none-eabi/lib/armv7-m\libg_nano.a(lib_a-strtod.o)
 *fill*         0x00002f2a        0x6 
 .text._strtod_r
                0x00002f30      0xc00 c:/program files (x86)/cypress/psoc creator/4.2/psoc creator/import/gnu/arm/5.4.1/bin/../lib/gcc/arm-none-eabi/5.4.1/../../../../arm-none-eabi/lib/armv7-m\libg_nano.a(lib_a-strtod.o)
                0x00002f30                _strtod_r
 .text.strtod   0x00003b30       0x10 c:/program files (x86)/cypress/psoc creator/4.2/psoc creator/import/gnu/arm/5.4.1/bin/../lib/gcc/arm-none-eabi/5.4.1/../../../../arm-none-eabi/lib/armv7-m\libg_nano.a(lib_a-strtod.o)
                0x00003b30                strtod
 .text.rshift   0x00003b40       0x6c c:/program files (x86)/cypress/psoc creator/4.2/psoc creator/import/gnu/arm/5.4.1/bin/../lib/gcc/arm-none-eabi/5.4.1/../../../../arm-none-eabi/lib/armv7-m\libg_nano.a(lib_a-gdtoa-gethex.o)
 .text.__hexdig_fun
                0x00003bac       0x2a c:/program files (x86)/cypress/psoc creator/4.2/psoc creator/import/gnu/arm/5.4.1/bin/../lib/gcc/arm-none-eabi/5.4.1/../../../../arm-none-eabi/lib/armv7-m\libg_nano.a(lib_a-gdtoa-gethex.o)
                0x00003bac                __hexdig_fun
 .text.__gethex
                0x00003bd6      0x43e c:/program files (x86)/cypress/psoc creator/4.2/psoc creator/import/gnu/arm/5.4.1/bin/../lib/gcc/arm-none-eabi/5.4.1/../../../../arm-none-eabi/lib/armv7-m\libg_nano.a(lib_a-gdtoa-gethex.o)
                0x00003bd6                __gethex
 .text.L_shift  0x00004014       0x24 c:/program files (x86)/cypress/psoc creator/4.2/psoc creator/import/gnu/arm/5.4.1/bin/../lib/gcc/arm-none-eabi/5.4.1/../../../../arm-none-eabi/lib/armv7-m\libg_nano.a(lib_a-gdtoa-hexnan.o)
 .text.__match  0x00004038       0x26 c:/program files (x86)/cypress/psoc creator/4.2/psoc creator/import/gnu/arm/5.4.1/bin/../lib/gcc/arm-none-eabi/5.4.1/../../../../arm-none-eabi/lib/armv7-m\libg_nano.a(lib_a-gdtoa-hexnan.o)
                0x00004038                __match
 .text.__hexnan
                0x0000405e      0x11c c:/program files (x86)/cypress/psoc creator/4.2/psoc creator/import/gnu/arm/5.4.1/bin/../lib/gcc/arm-none-eabi/5.4.1/../../../../arm-none-eabi/lib/armv7-m\libg_nano.a(lib_a-gdtoa-hexnan.o)
                0x0000405e                __hexnan
 *fill*         0x0000417a        0x2 
 .text._localeconv_r
                0x0000417c        0x8 c:/program files (x86)/cypress/psoc creator/4.2/psoc creator/import/gnu/arm/5.4.1/bin/../lib/gcc/arm-none-eabi/5.4.1/../../../../arm-none-eabi/lib/armv7-m\libg_nano.a(lib_a-locale.o)
                0x0000417c                _localeconv_r
 .text._Balloc  0x00004184       0x6a c:/program files (x86)/cypress/psoc creator/4.2/psoc creator/import/gnu/arm/5.4.1/bin/../lib/gcc/arm-none-eabi/5.4.1/../../../../arm-none-eabi/lib/armv7-m\libg_nano.a(lib_a-mprec.o)
                0x00004184                _Balloc
 .text._Bfree   0x000041ee       0x2e c:/program files (x86)/cypress/psoc creator/4.2/psoc creator/import/gnu/arm/5.4.1/bin/../lib/gcc/arm-none-eabi/5.4.1/../../../../arm-none-eabi/lib/armv7-m\libg_nano.a(lib_a-mprec.o)
                0x000041ee                _Bfree
 .text.__multadd
                0x0000421c       0x76 c:/program files (x86)/cypress/psoc creator/4.2/psoc creator/import/gnu/arm/5.4.1/bin/../lib/gcc/arm-none-eabi/5.4.1/../../../../arm-none-eabi/lib/armv7-m\libg_nano.a(lib_a-mprec.o)
                0x0000421c                __multadd
 .text.__s2b    0x00004292       0x7c c:/program files (x86)/cypress/psoc creator/4.2/psoc creator/import/gnu/arm/5.4.1/bin/../lib/gcc/arm-none-eabi/5.4.1/../../../../arm-none-eabi/lib/armv7-m\libg_nano.a(lib_a-mprec.o)
                0x00004292                __s2b
 .text.__hi0bits
                0x0000430e       0x40 c:/program files (x86)/cypress/psoc creator/4.2/psoc creator/import/gnu/arm/5.4.1/bin/../lib/gcc/arm-none-eabi/5.4.1/../../../../arm-none-eabi/lib/armv7-m\libg_nano.a(lib_a-mprec.o)
                0x0000430e                __hi0bits
 .text.__lo0bits
                0x0000434e       0x5a c:/program files (x86)/cypress/psoc creator/4.2/psoc creator/import/gnu/arm/5.4.1/bin/../lib/gcc/arm-none-eabi/5.4.1/../../../../arm-none-eabi/lib/armv7-m\libg_nano.a(lib_a-mprec.o)
                0x0000434e                __lo0bits
 .text.__i2b    0x000043a8       0x12 c:/program files (x86)/cypress/psoc creator/4.2/psoc creator/import/gnu/arm/5.4.1/bin/../lib/gcc/arm-none-eabi/5.4.1/../../../../arm-none-eabi/lib/armv7-m\libg_nano.a(lib_a-mprec.o)
                0x000043a8                __i2b
 .text.__multiply
                0x000043ba      0x120 c:/program files (x86)/cypress/psoc creator/4.2/psoc creator/import/gnu/arm/5.4.1/bin/../lib/gcc/arm-none-eabi/5.4.1/../../../../arm-none-eabi/lib/armv7-m\libg_nano.a(lib_a-mprec.o)
                0x000043ba                __multiply
 *fill*         0x000044da        0x2 
 .text.__pow5mult
                0x000044dc       0x9c c:/program files (x86)/cypress/psoc creator/4.2/psoc creator/import/gnu/arm/5.4.1/bin/../lib/gcc/arm-none-eabi/5.4.1/../../../../arm-none-eabi/lib/armv7-m\libg_nano.a(lib_a-mprec.o)
                0x000044dc                __pow5mult
 .text.__lshift
                0x00004578       0xa2 c:/program files (x86)/cypress/psoc creator/4.2/psoc creator/import/gnu/arm/5.4.1/bin/../lib/gcc/arm-none-eabi/5.4.1/../../../../arm-none-eabi/lib/armv7-m\libg_nano.a(lib_a-mprec.o)
                0x00004578                __lshift
 .text.__mcmp   0x0000461a       0x38 c:/program files (x86)/cypress/psoc creator/4.2/psoc creator/import/gnu/arm/5.4.1/bin/../lib/gcc/arm-none-eabi/5.4.1/../../../../arm-none-eabi/lib/armv7-m\libg_nano.a(lib_a-mprec.o)
                0x0000461a                __mcmp
 .text.__mdiff  0x00004652       0xbe c:/program files (x86)/cypress/psoc creator/4.2/psoc creator/import/gnu/arm/5.4.1/bin/../lib/gcc/arm-none-eabi/5.4.1/../../../../arm-none-eabi/lib/armv7-m\libg_nano.a(lib_a-mprec.o)
                0x00004652                __mdiff
 .text.__ulp    0x00004710       0x48 c:/program files (x86)/cypress/psoc creator/4.2/psoc creator/import/gnu/arm/5.4.1/bin/../lib/gcc/arm-none-eabi/5.4.1/../../../../arm-none-eabi/lib/armv7-m\libg_nano.a(lib_a-mprec.o)
                0x00004710                __ulp
 .text.__b2d    0x00004758       0x9a c:/program files (x86)/cypress/psoc creator/4.2/psoc creator/import/gnu/arm/5.4.1/bin/../lib/gcc/arm-none-eabi/5.4.1/../../../../arm-none-eabi/lib/armv7-m\libg_nano.a(lib_a-mprec.o)
                0x00004758                __b2d
 .text.__d2b    0x000047f2       0x9c c:/program files (x86)/cypress/psoc creator/4.2/psoc creator/import/gnu/arm/5.4.1/bin/../lib/gcc/arm-none-eabi/5.4.1/../../../../arm-none-eabi/lib/armv7-m\libg_nano.a(lib_a-mprec.o)
                0x000047f2                __d2b
 .text.__ratio  0x0000488e       0x50 c:/program files (x86)/cypress/psoc creator/4.2/psoc creator/import/gnu/arm/5.4.1/bin/../lib/gcc/arm-none-eabi/5.4.1/../../../../arm-none-eabi/lib/armv7-m\libg_nano.a(lib_a-mprec.o)
                0x0000488e                __ratio
 .text.__copybits
                0x000048de       0x34 c:/program files (x86)/cypress/psoc creator/4.2/psoc creator/import/gnu/arm/5.4.1/bin/../lib/gcc/arm-none-eabi/5.4.1/../../../../arm-none-eabi/lib/armv7-m\libg_nano.a(lib_a-mprec.o)
                0x000048de                __copybits
 .text.__any_on
                0x00004912       0x44 c:/program files (x86)/cypress/psoc creator/4.2/psoc creator/import/gnu/arm/5.4.1/bin/../lib/gcc/arm-none-eabi/5.4.1/../../../../arm-none-eabi/lib/armv7-m\libg_nano.a(lib_a-mprec.o)
                0x00004912                __any_on
 .text._calloc_r
                0x00004956       0x1c c:/program files (x86)/cypress/psoc creator/4.2/psoc creator/import/gnu/arm/5.4.1/bin/../lib/gcc/arm-none-eabi/5.4.1/../../../../arm-none-eabi/lib/armv7-m\libg_nano.a(lib_a-nano-callocr.o)
                0x00004956                _calloc_r
 *fill*         0x00004972        0x2 
 .text._malloc_r
                0x00004974       0xbc c:/program files (x86)/cypress/psoc creator/4.2/psoc creator/import/gnu/arm/5.4.1/bin/../lib/gcc/arm-none-eabi/5.4.1/../../../../arm-none-eabi/lib/armv7-m\libg_nano.a(lib_a-nano-mallocr.o)
                0x00004974                _malloc_r
 .text._sbrk_r  0x00004a30       0x20 c:/program files (x86)/cypress/psoc creator/4.2/psoc creator/import/gnu/arm/5.4.1/bin/../lib/gcc/arm-none-eabi/5.4.1/../../../../arm-none-eabi/lib/armv7-m\libg_nano.a(lib_a-sbrkr.o)
                0x00004a30                _sbrk_r
 .text          0x00004a50       0x10 c:/program files (x86)/cypress/psoc creator/4.2/psoc creator/import/gnu/arm/5.4.1/bin/../lib/gcc/arm-none-eabi/5.4.1/../../../../arm-none-eabi/lib/armv7-m\libg_nano.a(lib_a-strlen.o)
                0x00004a50                strlen
 .text.malloc   0x00004a60       0x10 c:/program files (x86)/cypress/psoc creator/4.2/psoc creator/import/gnu/arm/5.4.1/bin/../lib/gcc/arm-none-eabi/5.4.1/../../../../arm-none-eabi/lib/armv7-m\libg_nano.a(lib_a-malloc.o)
                0x00004a60                malloc
 .text.__malloc_lock
                0x00004a70        0x2 c:/program files (x86)/cypress/psoc creator/4.2/psoc creator/import/gnu/arm/5.4.1/bin/../lib/gcc/arm-none-eabi/5.4.1/../../../../arm-none-eabi/lib/armv7-m\libg_nano.a(lib_a-mlock.o)
                0x00004a70                __malloc_lock
 .text.__malloc_unlock
                0x00004a72        0x2 c:/program files (x86)/cypress/psoc creator/4.2/psoc creator/import/gnu/arm/5.4.1/bin/../lib/gcc/arm-none-eabi/5.4.1/../../../../arm-none-eabi/lib/armv7-m\libg_nano.a(lib_a-mlock.o)
                0x00004a72                __malloc_unlock
 .text          0x00004a74      0x110 c:/program files (x86)/cypress/psoc creator/4.2/psoc creator/import/gnu/arm/5.4.1/bin/../lib/gcc/arm-none-eabi/5.4.1/armv7-m\libgcc.a(_arm_cmpdf2.o)
                0x00004a74                __gtdf2
                0x00004a74                __gedf2
                0x00004a7c                __ltdf2
                0x00004a7c                __ledf2
                0x00004a84                __nedf2
                0x00004a84                __eqdf2
                0x00004a84                __cmpdf2
                0x00004b00                __aeabi_cdrcmple
                0x00004b10                __aeabi_cdcmpeq
                0x00004b10                __aeabi_cdcmple
                0x00004b20                __aeabi_dcmpeq
                0x00004b34                __aeabi_dcmplt
                0x00004b48                __aeabi_dcmple
                0x00004b5c                __aeabi_dcmpge
                0x00004b70                __aeabi_dcmpgt
 .text          0x00004b84       0x50 c:/program files (x86)/cypress/psoc creator/4.2/psoc creator/import/gnu/arm/5.4.1/bin/../lib/gcc/arm-none-eabi/5.4.1/armv7-m\libgcc.a(_arm_fixdfsi.o)
                0x00004b84                __aeabi_d2iz
                0x00004b84                __fixdfsi
 *(.plt)
 *(.gnu.warning)
 *(.glue_7t)
 .glue_7t       0x00004bd4        0x0 linker stubs
 *(.glue_7)
 .glue_7        0x00004bd4        0x0 linker stubs
 *(.vfp11_veneer)
 .vfp11_veneer  0x00004bd4        0x0 linker stubs
 *(.bootloader)
 *(.ARM.extab* .gnu.linkonce.armextab.*)
 *(.gcc_except_table)

.v4_bx          0x00004bd4        0x0
 .v4_bx         0x00004bd4        0x0 linker stubs

.iplt           0x00004bd4        0x0
 .iplt          0x00004bd4        0x0 c:/program files (x86)/cypress/psoc creator/4.2/psoc creator/import/gnu/arm/5.4.1/bin/../lib/gcc/arm-none-eabi/5.4.1/armv7-m/crtbegin.o

.eh_frame_hdr
 *(.eh_frame_hdr)

.eh_frame       0x00004bd4        0x4
 *(.eh_frame)
 .eh_frame      0x00004bd4        0x0 c:/program files (x86)/cypress/psoc creator/4.2/psoc creator/import/gnu/arm/5.4.1/bin/../lib/gcc/arm-none-eabi/5.4.1/armv7-m/crtbegin.o
 .eh_frame      0x00004bd4        0x4 c:/program files (x86)/cypress/psoc creator/4.2/psoc creator/import/gnu/arm/5.4.1/bin/../lib/gcc/arm-none-eabi/5.4.1/armv7-m/crtend.o
                [!provide]                PROVIDE (__exidx_start, .)

.ARM.exidx
 *(.ARM.exidx* .gnu.linkonce.armexidx.*)
                0x00004bd8                __exidx_end = .

.rodata         0x00004bd8      0x368
 *(.rodata .rodata.* .gnu.linkonce.r.*)
 .rodata.str1.4
                0x00004bd8        0x6 .\CortexM3\ARM_GCC_541\Debug\main.o
 *fill*         0x00004bde        0x2 
 .rodata.str1.4
                0x00004be0        0x7 .\CortexM3\ARM_GCC_541\Debug\DSP.o
 *fill*         0x00004be7        0x1 
 .rodata        0x00004be8       0x2a .\CortexM3\ARM_GCC_541\Debug\cyfitter_cfg.o
 *fill*         0x00004c12        0x2 
 .rodata.str1.4
                0x00004c14       0x14 .\CortexM3\ARM_GCC_541\Debug\Design01.a(USBUART_1_std.o)
                                 0x11 (size before relaxing)
 .rodata        0x00004c28       0x15 .\CortexM3\ARM_GCC_541\Debug\Design01.a(PGA_Channel1.o)
 *fill*         0x00004c3d        0x3 
 .rodata        0x00004c40      0x15e .\CortexM3\ARM_GCC_541\Debug\Design01.a(USBUART_1_descr.o)
                0x00004c40                USBUART_1_TABLE
                0x00004c48                USBUART_1_DEVICE0_TABLE
                0x00004c60                USBUART_1_DEVICE0_CONFIGURATION0_TABLE
                0x00004c88                USBUART_1_DEVICE0_CONFIGURATION0_INTERFACE_CLASS
                0x00004c8c                USBUART_1_DEVICE0_CONFIGURATION0_EP_SETTINGS_TABLE
                0x00004ca4                USBUART_1_SN_STRING_DESCRIPTOR
                0x00004ca8                USBUART_1_STRING_DESCRIPTORS
                0x00004d48                USBUART_1_DEVICE0_CONFIGURATION0_DESCR
                0x00004d8c                USBUART_1_DEVICE0_DESCR
 .rodata.str1.1
                0x00004d9e        0x2 c:/program files (x86)/cypress/psoc creator/4.2/psoc creator/import/gnu/arm/5.4.1/bin/../lib/gcc/arm-none-eabi/5.4.1/../../../../arm-none-eabi/lib/armv7-m\libg_nano.a(lib_a-impure.o)
 .rodata.fpinan.5401
                0x00004da0       0x14 c:/program files (x86)/cypress/psoc creator/4.2/psoc creator/import/gnu/arm/5.4.1/bin/../lib/gcc/arm-none-eabi/5.4.1/../../../../arm-none-eabi/lib/armv7-m\libg_nano.a(lib_a-strtod.o)
 .rodata.str1.1
                0x00004db4        0xc c:/program files (x86)/cypress/psoc creator/4.2/psoc creator/import/gnu/arm/5.4.1/bin/../lib/gcc/arm-none-eabi/5.4.1/../../../../arm-none-eabi/lib/armv7-m\libg_nano.a(lib_a-strtod.o)
 .rodata.fpi.5365
                0x00004dc0       0x14 c:/program files (x86)/cypress/psoc creator/4.2/psoc creator/import/gnu/arm/5.4.1/bin/../lib/gcc/arm-none-eabi/5.4.1/../../../../arm-none-eabi/lib/armv7-m\libg_nano.a(lib_a-strtod.o)
 *fill*         0x00004dd4        0x4 
 .rodata.tinytens
                0x00004dd8       0x28 c:/program files (x86)/cypress/psoc creator/4.2/psoc creator/import/gnu/arm/5.4.1/bin/../lib/gcc/arm-none-eabi/5.4.1/../../../../arm-none-eabi/lib/armv7-m\libg_nano.a(lib_a-strtod.o)
 .rodata.str1.1
                0x00004e00        0x8 c:/program files (x86)/cypress/psoc creator/4.2/psoc creator/import/gnu/arm/5.4.1/bin/../lib/gcc/arm-none-eabi/5.4.1/../../../../arm-none-eabi/lib/armv7-m\libg_nano.a(lib_a-locale.o)
                                  0xb (size before relaxing)
 .rodata.__mprec_tens
                0x00004e08       0xc8 c:/program files (x86)/cypress/psoc creator/4.2/psoc creator/import/gnu/arm/5.4.1/bin/../lib/gcc/arm-none-eabi/5.4.1/../../../../arm-none-eabi/lib/armv7-m\libg_nano.a(lib_a-mprec.o)
                0x00004e08                __mprec_tens
 .rodata.p05.5408
                0x00004ed0        0xc c:/program files (x86)/cypress/psoc creator/4.2/psoc creator/import/gnu/arm/5.4.1/bin/../lib/gcc/arm-none-eabi/5.4.1/../../../../arm-none-eabi/lib/armv7-m\libg_nano.a(lib_a-mprec.o)
 *fill*         0x00004edc        0x4 
 .rodata.__mprec_bigtens
                0x00004ee0       0x28 c:/program files (x86)/cypress/psoc creator/4.2/psoc creator/import/gnu/arm/5.4.1/bin/../lib/gcc/arm-none-eabi/5.4.1/../../../../arm-none-eabi/lib/armv7-m\libg_nano.a(lib_a-mprec.o)
                0x00004ee0                __mprec_bigtens
                0x00004f08                . = ALIGN (0x4)
 *(.init)
 .init          0x00004f08        0x4 c:/program files (x86)/cypress/psoc creator/4.2/psoc creator/import/gnu/arm/5.4.1/bin/../lib/gcc/arm-none-eabi/5.4.1/armv7-m/crti.o
                0x00004f08                _init
 .init          0x00004f0c        0x8 c:/program files (x86)/cypress/psoc creator/4.2/psoc creator/import/gnu/arm/5.4.1/bin/../lib/gcc/arm-none-eabi/5.4.1/armv7-m/crtn.o
                0x00004f14                . = ALIGN (0x4)
                0x00004f14                __preinit_array_start = .
 *(.preinit_array)
                0x00004f14                __preinit_array_end = .
                0x00004f14                . = ALIGN (0x4)
                0x00004f14                __init_array_start = .
 *(SORT(.init_array.*))
 *(.init_array)
 .init_array    0x00004f14        0x4 c:/program files (x86)/cypress/psoc creator/4.2/psoc creator/import/gnu/arm/5.4.1/bin/../lib/gcc/arm-none-eabi/5.4.1/armv7-m/crtbegin.o
 .init_array    0x00004f18        0x4 .\CortexM3\ARM_GCC_541\Debug\Cm3Start.o
                0x00004f1c                __init_array_end = .
                0x00004f1c                . = ALIGN (0x4)
 *(.fini)
 .fini          0x00004f1c        0x4 c:/program files (x86)/cypress/psoc creator/4.2/psoc creator/import/gnu/arm/5.4.1/bin/../lib/gcc/arm-none-eabi/5.4.1/armv7-m/crti.o
                0x00004f1c                _fini
 .fini          0x00004f20        0x8 c:/program files (x86)/cypress/psoc creator/4.2/psoc creator/import/gnu/arm/5.4.1/bin/../lib/gcc/arm-none-eabi/5.4.1/armv7-m/crtn.o
                0x00004f28                . = ALIGN (0x4)
                0x00004f28                __fini_array_start = .
 *(.fini_array)
 .fini_array    0x00004f28        0x4 c:/program files (x86)/cypress/psoc creator/4.2/psoc creator/import/gnu/arm/5.4.1/bin/../lib/gcc/arm-none-eabi/5.4.1/armv7-m/crtbegin.o
 *(SORT(.fini_array.*))
                0x00004f2c                __fini_array_end = .
                0x00004f2c                . = ALIGN (0x4)
 *crtbegin.o(.ctors)
 *(EXCLUDE_FILE(*crtend.o) .ctors)
 *(SORT(.ctors.*))
 *crtend.o(.ctors)
                0x00004f2c                . = ALIGN (0x4)
 *crtbegin.o(.dtors)
 *(EXCLUDE_FILE(*crtend.o) .dtors)
 *(SORT(.dtors.*))
 *crtend.o(.dtors)
                0x00004f2c                . = ALIGN (0x4)
                0x00004f2c                __cy_regions = .
                0x00004f2c        0x4 LONG 0x4f40 __cy_region_init_ram
                0x00004f30        0x4 LONG 0x1fff80c8 __cy_region_start_data
                0x00004f34        0x4 LONG 0xe8 __cy_region_init_size_ram
                0x00004f38        0x4 LONG 0xb98 __cy_region_zero_size_ram
                0x00004f3c                __cy_regions_end = .
                0x00004f40                . = ALIGN (0x8)
 *fill*         0x00004f3c        0x4 
                0x00004f40                _etext = .

.cy_checksum_exclude
                0x00004f40        0x0
 *(.cy_checksum_exclude)

.ramvectors     0x1fff8000       0xc0
                0x1fff8000                __cy_region_start_ram = .
 *(.ramvectors)
 .ramvectors    0x1fff8000       0xc0 .\CortexM3\ARM_GCC_541\Debug\Cm3Start.o
                0x1fff8000                CyRamVectors

.noinit         0x1fff80c0        0x1
 *(.noinit)
 .noinit        0x1fff80c0        0x1 .\CortexM3\ARM_GCC_541\Debug\Design01.a(CyLib.o)
                0x1fff80c0                CyResetStatus

.data           0x1fff80c8       0xe8 load address 0x00004f40
                0x1fff80c8                __cy_region_start_data = .
 *(.jcr)
 .jcr           0x1fff80c8        0x0 c:/program files (x86)/cypress/psoc creator/4.2/psoc creator/import/gnu/arm/5.4.1/bin/../lib/gcc/arm-none-eabi/5.4.1/armv7-m/crtbegin.o
 .jcr           0x1fff80c8        0x4 c:/program files (x86)/cypress/psoc creator/4.2/psoc creator/import/gnu/arm/5.4.1/bin/../lib/gcc/arm-none-eabi/5.4.1/armv7-m/crtend.o
 *(.got.plt)
 *(.got)
 *(.shdata)
 *(.data .data.* .gnu.linkonce.d.*)
 *fill*         0x1fff80cc        0x4 
 .data          0x1fff80d0        0x8 .\CortexM3\ARM_GCC_541\Debug\DSP.o
                0x1fff80d0                Const_F
 .data          0x1fff80d8        0x4 .\CortexM3\ARM_GCC_541\Debug\Cm3Start.o
 .data          0x1fff80dc        0x8 .\CortexM3\ARM_GCC_541\Debug\Design01.a(CyDmac.o)
 .data          0x1fff80e4       0x10 .\CortexM3\ARM_GCC_541\Debug\Design01.a(CyLib.o)
                0x1fff80e4                cydelay_32k_ms
                0x1fff80e8                cydelay_freq_khz
                0x1fff80ec                cydelay_freq_mhz
                0x1fff80f0                cydelay_freq_hz
 .data          0x1fff80f4       0x1a .\CortexM3\ARM_GCC_541\Debug\Design01.a(USBUART_1_cdc.o)
                0x1fff80f4                USBUART_1_linesCoding
 .data          0x1fff810e        0x1 .\CortexM3\ARM_GCC_541\Debug\Design01.a(USBUART_1_ep3_dma.o)
                0x1fff810e                USBUART_1_ep3_DmaHandle
 .data          0x1fff810f        0x1 .\CortexM3\ARM_GCC_541\Debug\Design01.a(USBUART_1_ep2_dma.o)
                0x1fff810f                USBUART_1_ep2_DmaHandle
 .data          0x1fff8110        0x1 .\CortexM3\ARM_GCC_541\Debug\Design01.a(USBUART_1_ep1_dma.o)
                0x1fff8110                USBUART_1_ep1_DmaHandle
 *fill*         0x1fff8111        0x3 
 .data.impure_data
                0x1fff8114       0x60 c:/program files (x86)/cypress/psoc creator/4.2/psoc creator/import/gnu/arm/5.4.1/bin/../lib/gcc/arm-none-eabi/5.4.1/../../../../arm-none-eabi/lib/armv7-m\libg_nano.a(lib_a-impure.o)
 .data._impure_ptr
                0x1fff8174        0x4 c:/program files (x86)/cypress/psoc creator/4.2/psoc creator/import/gnu/arm/5.4.1/bin/../lib/gcc/arm-none-eabi/5.4.1/../../../../arm-none-eabi/lib/armv7-m\libg_nano.a(lib_a-impure.o)
                0x1fff8174                _impure_ptr
 .data.lconv    0x1fff8178       0x38 c:/program files (x86)/cypress/psoc creator/4.2/psoc creator/import/gnu/arm/5.4.1/bin/../lib/gcc/arm-none-eabi/5.4.1/../../../../arm-none-eabi/lib/armv7-m\libg_nano.a(lib_a-locale.o)
                0x1fff81b0                . = ALIGN (0x8)
 *(.ram)
                0x1fff81b0                _edata = .

.igot.plt       0x1fff81b0        0x0 load address 0x00005028
 .igot.plt      0x1fff81b0        0x0 c:/program files (x86)/cypress/psoc creator/4.2/psoc creator/import/gnu/arm/5.4.1/bin/../lib/gcc/arm-none-eabi/5.4.1/armv7-m/crtbegin.o

.bss            0x1fff81b0      0xb98 load address 0x00005028
                0x1fff81b0                PROVIDE (__bss_start__, .)
 *(.shbss)
 *(.bss .bss.* .gnu.linkonce.b.*)
 .bss           0x1fff81b0       0x1c c:/program files (x86)/cypress/psoc creator/4.2/psoc creator/import/gnu/arm/5.4.1/bin/../lib/gcc/arm-none-eabi/5.4.1/armv7-m/crtbegin.o
 *fill*         0x1fff81cc        0x4 
 .bss           0x1fff81d0       0x20 .\CortexM3\ARM_GCC_541\Debug\DSP.o
                0x1fff81d0                FD
 .bss           0x1fff81f0        0x1 .\CortexM3\ARM_GCC_541\Debug\Design01.a(USBUART_1.o)
                0x1fff81f0                USBUART_1_initVar
 .bss           0x1fff81f1        0x1 .\CortexM3\ARM_GCC_541\Debug\Design01.a(USBUART_1_cdc.o)
 *fill*         0x1fff81f2        0x2 
 .bss           0x1fff81f4        0x2 .\CortexM3\ARM_GCC_541\Debug\Design01.a(USBUART_1_std.o)
 .bss           0x1fff81f6        0x1 .\CortexM3\ARM_GCC_541\Debug\Design01.a(ShiftReg_5.o)
                0x1fff81f6                ShiftReg_5_initVar
 .bss           0x1fff81f7        0x1 .\CortexM3\ARM_GCC_541\Debug\Design01.a(ShiftReg_6.o)
                0x1fff81f7                ShiftReg_6_initVar
 .bss           0x1fff81f8        0x1 .\CortexM3\ARM_GCC_541\Debug\Design01.a(ShiftReg_7.o)
                0x1fff81f8                ShiftReg_7_initVar
 .bss           0x1fff81f9        0x1 .\CortexM3\ARM_GCC_541\Debug\Design01.a(ShiftReg_8.o)
                0x1fff81f9                ShiftReg_8_initVar
 .bss           0x1fff81fa        0x1 .\CortexM3\ARM_GCC_541\Debug\Design01.a(Count7_1.o)
                0x1fff81fa                Count7_1_initVar
 .bss           0x1fff81fb        0x1 .\CortexM3\ARM_GCC_541\Debug\Design01.a(Opamp_Channel1.o)
                0x1fff81fb                Opamp_Channel1_initVar
 .bss           0x1fff81fc        0x1 .\CortexM3\ARM_GCC_541\Debug\Design01.a(PGA_Channel1.o)
                0x1fff81fc                PGA_Channel1_initVar
 .bss           0x1fff81fd        0x1 .\CortexM3\ARM_GCC_541\Debug\Design01.a(Opamp_Channel1_1.o)
                0x1fff81fd                Opamp_Channel1_1_initVar
 *fill*         0x1fff81fe        0x2 
 .bss.__malloc_sbrk_start
                0x1fff8200        0x4 c:/program files (x86)/cypress/psoc creator/4.2/psoc creator/import/gnu/arm/5.4.1/bin/../lib/gcc/arm-none-eabi/5.4.1/../../../../arm-none-eabi/lib/armv7-m\libg_nano.a(lib_a-nano-mallocr.o)
                0x1fff8200                __malloc_sbrk_start
 .bss.__malloc_free_list
                0x1fff8204        0x4 c:/program files (x86)/cypress/psoc creator/4.2/psoc creator/import/gnu/arm/5.4.1/bin/../lib/gcc/arm-none-eabi/5.4.1/../../../../arm-none-eabi/lib/armv7-m\libg_nano.a(lib_a-nano-mallocr.o)
                0x1fff8204                __malloc_free_list
 *(COMMON)
 COMMON         0x1fff8208      0xa4c .\CortexM3\ARM_GCC_541\Debug\main.o
                0x1fff8208                BIX_Y
                0x1fff8228                BIX_X
                0x1fff8248                buffer_out1
                0x1fff8748                NeWk
                0x1fff8758                buffer
                0x1fff87d8                Nk
                0x1fff87e8                count
                0x1fff87ec                SZ
                0x1fff8bd4                buffer_out
 COMMON         0x1fff8c54       0x15 .\CortexM3\ARM_GCC_541\Debug\Design01.a(USBUART_1.o)
                0x1fff8c54                USBUART_1_DmaChan
                0x1fff8c60                USBUART_1_DmaTd
 *fill*         0x1fff8c69        0x3 
 COMMON         0x1fff8c6c       0x18 .\CortexM3\ARM_GCC_541\Debug\Design01.a(USBUART_1_cdc.o)
                0x1fff8c6c                USBUART_1_cdcDataInEp
                0x1fff8c70                USBUART_1_cdcDataOutEp
                0x1fff8c74                USBUART_1_cdcCommInInterruptEp
                0x1fff8c78                USBUART_1_serialStateBitmap
                0x1fff8c7c                USBUART_1_linesChanged
                0x1fff8c80                USBUART_1_linesControlBitmap
 COMMON         0x1fff8c84       0x97 .\CortexM3\ARM_GCC_541\Debug\Design01.a(USBUART_1_drv.o)
                0x1fff8c84                USBUART_1_interfaceSettingLast
                0x1fff8c86                USBUART_1_ep0Mode
                0x1fff8c87                USBUART_1_lastPacketSize
                0x1fff8c88                USBUART_1_configurationChanged
                0x1fff8c89                USBUART_1_configuration
                0x1fff8c8a                USBUART_1_interfaceNumber
                0x1fff8c8b                USBUART_1_deviceStatus
                0x1fff8c8c                USBUART_1_ep0Toggle
                0x1fff8c90                USBUART_1_interfaceClass
                0x1fff8c94                USBUART_1_interfaceSetting
                0x1fff8c98                USBUART_1_currentTD
                0x1fff8ca4                USBUART_1_ep0Count
                0x1fff8ca8                USBUART_1_EP
                0x1fff8d14                USBUART_1_transferByteCount
                0x1fff8d16                USBUART_1_transferState
                0x1fff8d17                USBUART_1_device
                0x1fff8d18                USBUART_1_interfaceStatus
                0x1fff8d1a                USBUART_1_deviceAddress
 *fill*         0x1fff8d1b        0x1 
 COMMON         0x1fff8d1c       0x22 .\CortexM3\ARM_GCC_541\Debug\Design01.a(USBUART_1_descr.o)
                0x1fff8d1c                USBUART_1_idSerialNumberStringDescriptor
 *fill*         0x1fff8d3e        0x2 
 COMMON         0x1fff8d40        0x4 c:/program files (x86)/cypress/psoc creator/4.2/psoc creator/import/gnu/arm/5.4.1/bin/../lib/gcc/arm-none-eabi/5.4.1/../../../../arm-none-eabi/lib/armv7-m\libg_nano.a(lib_a-reent.o)
                0x1fff8d40                errno
                0x1fff8d48                . = ALIGN (0x8)
 *fill*         0x1fff8d44        0x4 
 *(.ram.b)
                0x1fff8d48                _end = .
                0x1fff8d48                __end = .
                0x1fff8d48                PROVIDE (end, .)
                0x1fff8d48                PROVIDE (__bss_end__, .)
                0x00004f40                __cy_region_init_ram = LOADADDR (.data)
                0x000000e8                __cy_region_init_size_ram = (_edata - ADDR (.data))
                0x00000b98                __cy_region_zero_size_ram = (_end - _edata)

.heap           0x1fff8d48       0x80 load address 0x00005028
                0x1fff8d48                . = _end
                0x1fff8dc8                . = (. + 0x80)
 *fill*         0x1fff8d48       0x80 
                0x1fff8dc8                __cy_heap_limit = .

.stack          0x20007800      0x800
                0x20007800                __cy_stack_limit = .
                0x20008000                . = (. + 0x800)
 *fill*         0x20007800      0x800 
                0x00000001                ASSERT ((__cy_stack_limit >= __cy_heap_limit), region RAM overflowed with stack)
                0x00000000                cy_checksum_exclude_size = (CY_APPL_LOADABLE == 0x1)?SIZEOF (.cy_checksum_exclude):0x0
                0x00000001                ASSERT ((cy_checksum_exclude_size <= CY_CHECKSUM_EXCLUDE_SIZE), CY_BOOT: Section .cy_checksum_exclude size exceedes specified limit.)

.cyloadermeta
 *(.cyloadermeta)

.cyloadablemeta
 *(.cyloadablemeta)

.cyconfigecc    0x80000000      0x714
 *(.cyconfigecc)
 .cyconfigecc   0x80000000      0x714 .\CortexM3\ARM_GCC_541\Debug\cymetadata.o
                0x80000000                cy_meta_configecc

.cycustnvl      0x90000000        0x4
 *(.cycustnvl)
 .cycustnvl     0x90000000        0x4 .\CortexM3\ARM_GCC_541\Debug\cymetadata.o
                0x90000000                cy_meta_custnvl

.cywolatch      0x90100000        0x4
 *(.cywolatch)
 .cywolatch     0x90100000        0x4 .\CortexM3\ARM_GCC_541\Debug\cymetadata.o
                0x90100000                cy_meta_wonvl

.cyeeprom       0x90200000        0x0
 *(.cyeeprom)
                0x00000001                ASSERT ((. <= ((0x90200000 + ee_offset) + ee_size)), .cyeeprom data will not fit in EEPROM)

.cyflashprotect
                0x90400000      0x100
 *(.cyflashprotect)
 .cyflashprotect
                0x90400000      0x100 .\CortexM3\ARM_GCC_541\Debug\cymetadata.o
                0x90400000                cy_meta_flashprotect

.cymeta         0x90500000        0xc
 *(.cymeta)
 .cymeta        0x90500000        0xc .\CortexM3\ARM_GCC_541\Debug\cymetadata.o
                0x90500000                cy_metadata

.rel.dyn        0x00005028        0x0 load address 0x9050000c
 .rel.iplt      0x00005028        0x0 c:/program files (x86)/cypress/psoc creator/4.2/psoc creator/import/gnu/arm/5.4.1/bin/../lib/gcc/arm-none-eabi/5.4.1/armv7-m/crtbegin.o

.stab
 *(.stab)

.stabstr
 *(.stabstr)

.debug
 *(.debug)

.line
 *(.line)

.debug_srcinfo
 *(.debug_srcinfo)

.debug_sfnames
 *(.debug_sfnames)

.debug_aranges  0x00000000      0xea0
 *(.debug_aranges)
 .debug_aranges
                0x00000000       0x30 .\CortexM3\ARM_GCC_541\Debug\main.o
 .debug_aranges
                0x00000030       0x50 .\CortexM3\ARM_GCC_541\Debug\DSP.o
 .debug_aranges
                0x00000080       0x58 .\CortexM3\ARM_GCC_541\Debug\cyfitter_cfg.o
 .debug_aranges
                0x000000d8       0x18 .\CortexM3\ARM_GCC_541\Debug\cymetadata.o
 .debug_aranges
                0x000000f0       0x48 .\CortexM3\ARM_GCC_541\Debug\Cm3Start.o
 .debug_aranges
                0x00000138       0xd8 .\CortexM3\ARM_GCC_541\Debug\Design01.a(CyDmac.o)
 .debug_aranges
                0x00000210      0x2a0 .\CortexM3\ARM_GCC_541\Debug\Design01.a(CyLib.o)
 .debug_aranges
                0x000004b0       0x98 .\CortexM3\ARM_GCC_541\Debug\Design01.a(cyPm.o)
 .debug_aranges
                0x00000548       0x28 .\CortexM3\ARM_GCC_541\Debug\Design01.a(Control_Reg_1.o)
 .debug_aranges
                0x00000570       0xd8 .\CortexM3\ARM_GCC_541\Debug\Design01.a(USBUART_1.o)
 .debug_aranges
                0x00000648       0xe8 .\CortexM3\ARM_GCC_541\Debug\Design01.a(USBUART_1_cdc.o)
 .debug_aranges
                0x00000730       0x98 .\CortexM3\ARM_GCC_541\Debug\Design01.a(USBUART_1_drv.o)
 .debug_aranges
                0x000007c8       0x48 .\CortexM3\ARM_GCC_541\Debug\Design01.a(USBUART_1_episr.o)
 .debug_aranges
                0x00000810       0x40 .\CortexM3\ARM_GCC_541\Debug\Design01.a(USBUART_1_pm.o)
 .debug_aranges
                0x00000850       0x80 .\CortexM3\ARM_GCC_541\Debug\Design01.a(USBUART_1_std.o)
 .debug_aranges
                0x000008d0       0x20 .\CortexM3\ARM_GCC_541\Debug\Design01.a(USBUART_1_vnd.o)
 .debug_aranges
                0x000008f0       0x48 .\CortexM3\ARM_GCC_541\Debug\Design01.a(USBUART_1_Dp.o)
 .debug_aranges
                0x00000938       0x80 .\CortexM3\ARM_GCC_541\Debug\Design01.a(USB_isr.o)
 .debug_aranges
                0x000009b8       0x28 .\CortexM3\ARM_GCC_541\Debug\Design01.a(USBUART_1_ep3_dma.o)
 .debug_aranges
                0x000009e0       0x28 .\CortexM3\ARM_GCC_541\Debug\Design01.a(USBUART_1_ep2_dma.o)
 .debug_aranges
                0x00000a08       0x28 .\CortexM3\ARM_GCC_541\Debug\Design01.a(USBUART_1_ep1_dma.o)
 .debug_aranges
                0x00000a30       0x78 .\CortexM3\ARM_GCC_541\Debug\Design01.a(ShiftReg_5.o)
 .debug_aranges
                0x00000aa8       0x78 .\CortexM3\ARM_GCC_541\Debug\Design01.a(ShiftReg_6.o)
 .debug_aranges
                0x00000b20       0x78 .\CortexM3\ARM_GCC_541\Debug\Design01.a(ShiftReg_7.o)
 .debug_aranges
                0x00000b98       0x78 .\CortexM3\ARM_GCC_541\Debug\Design01.a(ShiftReg_8.o)
 .debug_aranges
                0x00000c10       0x58 .\CortexM3\ARM_GCC_541\Debug\Design01.a(Count7_1.o)
 .debug_aranges
                0x00000c68       0x40 .\CortexM3\ARM_GCC_541\Debug\Design01.a(Opamp_Channel1.o)
 .debug_aranges
                0x00000ca8       0x48 .\CortexM3\ARM_GCC_541\Debug\Design01.a(PGA_Channel1.o)
 .debug_aranges
                0x00000cf0       0x40 .\CortexM3\ARM_GCC_541\Debug\Design01.a(Opamp_Channel1_1.o)
 .debug_aranges
                0x00000d30       0x20 .\CortexM3\ARM_GCC_541\Debug\Design01.a(CyBootAsmGnu.o)
 .debug_aranges
                0x00000d50       0x80 .\CortexM3\ARM_GCC_541\Debug\Design01.a(CyFlash.o)
 .debug_aranges
                0x00000dd0       0x78 .\CortexM3\ARM_GCC_541\Debug\Design01.a(CySpc.o)
 .debug_aranges
                0x00000e48       0x20 .\CortexM3\ARM_GCC_541\Debug\Design01.a(cyutils.o)
 .debug_aranges
                0x00000e68       0x20 .\CortexM3\ARM_GCC_541\Debug\Design01.a(USBUART_1_cls.o)
 .debug_aranges
                0x00000e88       0x18 .\CortexM3\ARM_GCC_541\Debug\Design01.a(USBUART_1_descr.o)

.debug_pubnames
 *(.debug_pubnames)

.debug_info     0x00000000     0x99df
 *(.debug_info .gnu.linkonce.wi.*)
 .debug_info    0x00000000      0x500 .\CortexM3\ARM_GCC_541\Debug\main.o
 .debug_info    0x00000500      0x44b .\CortexM3\ARM_GCC_541\Debug\DSP.o
 .debug_info    0x0000094b      0x5c6 .\CortexM3\ARM_GCC_541\Debug\cyfitter_cfg.o
 .debug_info    0x00000f11      0x139 .\CortexM3\ARM_GCC_541\Debug\cymetadata.o
 .debug_info    0x0000104a      0x3cf .\CortexM3\ARM_GCC_541\Debug\Cm3Start.o
 .debug_info    0x00001419      0x94e .\CortexM3\ARM_GCC_541\Debug\Design01.a(CyDmac.o)
 .debug_info    0x00001d67     0x1374 .\CortexM3\ARM_GCC_541\Debug\Design01.a(CyLib.o)
 .debug_info    0x000030db      0xa2a .\CortexM3\ARM_GCC_541\Debug\Design01.a(cyPm.o)
 .debug_info    0x00003b05       0xd6 .\CortexM3\ARM_GCC_541\Debug\Design01.a(Control_Reg_1.o)
 .debug_info    0x00003bdb      0xc25 .\CortexM3\ARM_GCC_541\Debug\Design01.a(USBUART_1.o)
 .debug_info    0x00004800      0xb83 .\CortexM3\ARM_GCC_541\Debug\Design01.a(USBUART_1_cdc.o)
 .debug_info    0x00005383      0x655 .\CortexM3\ARM_GCC_541\Debug\Design01.a(USBUART_1_drv.o)
 .debug_info    0x000059d8      0x369 .\CortexM3\ARM_GCC_541\Debug\Design01.a(USBUART_1_episr.o)
 .debug_info    0x00005d41      0x303 .\CortexM3\ARM_GCC_541\Debug\Design01.a(USBUART_1_pm.o)
 .debug_info    0x00006044      0xb26 .\CortexM3\ARM_GCC_541\Debug\Design01.a(USBUART_1_std.o)
 .debug_info    0x00006b6a       0xed .\CortexM3\ARM_GCC_541\Debug\Design01.a(USBUART_1_vnd.o)
 .debug_info    0x00006c57      0x174 .\CortexM3\ARM_GCC_541\Debug\Design01.a(USBUART_1_Dp.o)
 .debug_info    0x00006dcb      0x2d2 .\CortexM3\ARM_GCC_541\Debug\Design01.a(USB_isr.o)
 .debug_info    0x0000709d      0x1a8 .\CortexM3\ARM_GCC_541\Debug\Design01.a(USBUART_1_ep3_dma.o)
 .debug_info    0x00007245      0x1a7 .\CortexM3\ARM_GCC_541\Debug\Design01.a(USBUART_1_ep2_dma.o)
 .debug_info    0x000073ec      0x1aa .\CortexM3\ARM_GCC_541\Debug\Design01.a(USBUART_1_ep1_dma.o)
 .debug_info    0x00007596      0x358 .\CortexM3\ARM_GCC_541\Debug\Design01.a(ShiftReg_5.o)
 .debug_info    0x000078ee      0x358 .\CortexM3\ARM_GCC_541\Debug\Design01.a(ShiftReg_6.o)
 .debug_info    0x00007c46      0x358 .\CortexM3\ARM_GCC_541\Debug\Design01.a(ShiftReg_7.o)
 .debug_info    0x00007f9e      0x358 .\CortexM3\ARM_GCC_541\Debug\Design01.a(ShiftReg_8.o)
 .debug_info    0x000082f6      0x1ec .\CortexM3\ARM_GCC_541\Debug\Design01.a(Count7_1.o)
 .debug_info    0x000084e2      0x151 .\CortexM3\ARM_GCC_541\Debug\Design01.a(Opamp_Channel1.o)
 .debug_info    0x00008633      0x1d4 .\CortexM3\ARM_GCC_541\Debug\Design01.a(PGA_Channel1.o)
 .debug_info    0x00008807      0x151 .\CortexM3\ARM_GCC_541\Debug\Design01.a(Opamp_Channel1_1.o)
 .debug_info    0x00008958       0x77 .\CortexM3\ARM_GCC_541\Debug\Design01.a(CyBootAsmGnu.o)
 .debug_info    0x000089cf      0x5b8 .\CortexM3\ARM_GCC_541\Debug\Design01.a(CyFlash.o)
 .debug_info    0x00008f87      0x4e9 .\CortexM3\ARM_GCC_541\Debug\Design01.a(CySpc.o)
 .debug_info    0x00009470       0xee .\CortexM3\ARM_GCC_541\Debug\Design01.a(cyutils.o)
 .debug_info    0x0000955e      0x1de .\CortexM3\ARM_GCC_541\Debug\Design01.a(USBUART_1_cls.o)
 .debug_info    0x0000973c      0x2a3 .\CortexM3\ARM_GCC_541\Debug\Design01.a(USBUART_1_descr.o)

.debug_abbrev   0x00000000     0x2b24
 *(.debug_abbrev)
 .debug_abbrev  0x00000000      0x14a .\CortexM3\ARM_GCC_541\Debug\main.o
 .debug_abbrev  0x0000014a      0x1d2 .\CortexM3\ARM_GCC_541\Debug\DSP.o
 .debug_abbrev  0x0000031c      0x1fe .\CortexM3\ARM_GCC_541\Debug\cyfitter_cfg.o
 .debug_abbrev  0x0000051a       0x77 .\CortexM3\ARM_GCC_541\Debug\cymetadata.o
 .debug_abbrev  0x00000591      0x1e8 .\CortexM3\ARM_GCC_541\Debug\Cm3Start.o
 .debug_abbrev  0x00000779      0x1b2 .\CortexM3\ARM_GCC_541\Debug\Design01.a(CyDmac.o)
 .debug_abbrev  0x0000092b      0x254 .\CortexM3\ARM_GCC_541\Debug\Design01.a(CyLib.o)
 .debug_abbrev  0x00000b7f      0x1ab .\CortexM3\ARM_GCC_541\Debug\Design01.a(cyPm.o)
 .debug_abbrev  0x00000d2a       0x81 .\CortexM3\ARM_GCC_541\Debug\Design01.a(Control_Reg_1.o)
 .debug_abbrev  0x00000dab      0x212 .\CortexM3\ARM_GCC_541\Debug\Design01.a(USBUART_1.o)
 .debug_abbrev  0x00000fbd      0x245 .\CortexM3\ARM_GCC_541\Debug\Design01.a(USBUART_1_cdc.o)
 .debug_abbrev  0x00001202      0x189 .\CortexM3\ARM_GCC_541\Debug\Design01.a(USBUART_1_drv.o)
 .debug_abbrev  0x0000138b      0x139 .\CortexM3\ARM_GCC_541\Debug\Design01.a(USBUART_1_episr.o)
 .debug_abbrev  0x000014c4      0x119 .\CortexM3\ARM_GCC_541\Debug\Design01.a(USBUART_1_pm.o)
 .debug_abbrev  0x000015dd      0x20a .\CortexM3\ARM_GCC_541\Debug\Design01.a(USBUART_1_std.o)
 .debug_abbrev  0x000017e7       0x9b .\CortexM3\ARM_GCC_541\Debug\Design01.a(USBUART_1_vnd.o)
 .debug_abbrev  0x00001882       0x90 .\CortexM3\ARM_GCC_541\Debug\Design01.a(USBUART_1_Dp.o)
 .debug_abbrev  0x00001912      0x173 .\CortexM3\ARM_GCC_541\Debug\Design01.a(USB_isr.o)
 .debug_abbrev  0x00001a85       0xcd .\CortexM3\ARM_GCC_541\Debug\Design01.a(USBUART_1_ep3_dma.o)
 .debug_abbrev  0x00001b52       0xcd .\CortexM3\ARM_GCC_541\Debug\Design01.a(USBUART_1_ep2_dma.o)
 .debug_abbrev  0x00001c1f       0xcd .\CortexM3\ARM_GCC_541\Debug\Design01.a(USBUART_1_ep1_dma.o)
 .debug_abbrev  0x00001cec      0x162 .\CortexM3\ARM_GCC_541\Debug\Design01.a(ShiftReg_5.o)
 .debug_abbrev  0x00001e4e      0x162 .\CortexM3\ARM_GCC_541\Debug\Design01.a(ShiftReg_6.o)
 .debug_abbrev  0x00001fb0      0x162 .\CortexM3\ARM_GCC_541\Debug\Design01.a(ShiftReg_7.o)
 .debug_abbrev  0x00002112      0x162 .\CortexM3\ARM_GCC_541\Debug\Design01.a(ShiftReg_8.o)
 .debug_abbrev  0x00002274       0xe4 .\CortexM3\ARM_GCC_541\Debug\Design01.a(Count7_1.o)
 .debug_abbrev  0x00002358       0xb2 .\CortexM3\ARM_GCC_541\Debug\Design01.a(Opamp_Channel1.o)
 .debug_abbrev  0x0000240a      0x105 .\CortexM3\ARM_GCC_541\Debug\Design01.a(PGA_Channel1.o)
 .debug_abbrev  0x0000250f       0xb2 .\CortexM3\ARM_GCC_541\Debug\Design01.a(Opamp_Channel1_1.o)
 .debug_abbrev  0x000025c1       0x14 .\CortexM3\ARM_GCC_541\Debug\Design01.a(CyBootAsmGnu.o)
 .debug_abbrev  0x000025d5      0x198 .\CortexM3\ARM_GCC_541\Debug\Design01.a(CyFlash.o)
 .debug_abbrev  0x0000276d      0x194 .\CortexM3\ARM_GCC_541\Debug\Design01.a(CySpc.o)
 .debug_abbrev  0x00002901       0x8e .\CortexM3\ARM_GCC_541\Debug\Design01.a(cyutils.o)
 .debug_abbrev  0x0000298f       0xe1 .\CortexM3\ARM_GCC_541\Debug\Design01.a(USBUART_1_cls.o)
 .debug_abbrev  0x00002a70       0xb4 .\CortexM3\ARM_GCC_541\Debug\Design01.a(USBUART_1_descr.o)

.debug_line     0x00000000     0x3ad7
 *(.debug_line)
 .debug_line    0x00000000      0x282 .\CortexM3\ARM_GCC_541\Debug\main.o
 .debug_line    0x00000282      0x2cf .\CortexM3\ARM_GCC_541\Debug\DSP.o
 .debug_line    0x00000551      0x1f9 .\CortexM3\ARM_GCC_541\Debug\cyfitter_cfg.o
 .debug_line    0x0000074a      0x141 .\CortexM3\ARM_GCC_541\Debug\cymetadata.o
 .debug_line    0x0000088b      0x241 .\CortexM3\ARM_GCC_541\Debug\Cm3Start.o
 .debug_line    0x00000acc      0x2e4 .\CortexM3\ARM_GCC_541\Debug\Design01.a(CyDmac.o)
 .debug_line    0x00000db0      0x816 .\CortexM3\ARM_GCC_541\Debug\Design01.a(CyLib.o)
 .debug_line    0x000015c6      0x367 .\CortexM3\ARM_GCC_541\Debug\Design01.a(cyPm.o)
 .debug_line    0x0000192d       0x75 .\CortexM3\ARM_GCC_541\Debug\Design01.a(Control_Reg_1.o)
 .debug_line    0x000019a2      0x389 .\CortexM3\ARM_GCC_541\Debug\Design01.a(USBUART_1.o)
 .debug_line    0x00001d2b      0x304 .\CortexM3\ARM_GCC_541\Debug\Design01.a(USBUART_1_cdc.o)
 .debug_line    0x0000202f      0x227 .\CortexM3\ARM_GCC_541\Debug\Design01.a(USBUART_1_drv.o)
 .debug_line    0x00002256      0x120 .\CortexM3\ARM_GCC_541\Debug\Design01.a(USBUART_1_episr.o)
 .debug_line    0x00002376      0x117 .\CortexM3\ARM_GCC_541\Debug\Design01.a(USBUART_1_pm.o)
 .debug_line    0x0000248d      0x3e9 .\CortexM3\ARM_GCC_541\Debug\Design01.a(USBUART_1_std.o)
 .debug_line    0x00002876       0x77 .\CortexM3\ARM_GCC_541\Debug\Design01.a(USBUART_1_vnd.o)
 .debug_line    0x000028ed       0xbd .\CortexM3\ARM_GCC_541\Debug\Design01.a(USBUART_1_Dp.o)
 .debug_line    0x000029aa      0x134 .\CortexM3\ARM_GCC_541\Debug\Design01.a(USB_isr.o)
 .debug_line    0x00002ade       0x8a .\CortexM3\ARM_GCC_541\Debug\Design01.a(USBUART_1_ep3_dma.o)
 .debug_line    0x00002b68       0x8a .\CortexM3\ARM_GCC_541\Debug\Design01.a(USBUART_1_ep2_dma.o)
 .debug_line    0x00002bf2       0x8a .\CortexM3\ARM_GCC_541\Debug\Design01.a(USBUART_1_ep1_dma.o)
 .debug_line    0x00002c7c      0x154 .\CortexM3\ARM_GCC_541\Debug\Design01.a(ShiftReg_5.o)
 .debug_line    0x00002dd0      0x154 .\CortexM3\ARM_GCC_541\Debug\Design01.a(ShiftReg_6.o)
 .debug_line    0x00002f24      0x154 .\CortexM3\ARM_GCC_541\Debug\Design01.a(ShiftReg_7.o)
 .debug_line    0x00003078      0x154 .\CortexM3\ARM_GCC_541\Debug\Design01.a(ShiftReg_8.o)
 .debug_line    0x000031cc       0xea .\CortexM3\ARM_GCC_541\Debug\Design01.a(Count7_1.o)
 .debug_line    0x000032b6       0xb1 .\CortexM3\ARM_GCC_541\Debug\Design01.a(Opamp_Channel1.o)
 .debug_line    0x00003367       0xd2 .\CortexM3\ARM_GCC_541\Debug\Design01.a(PGA_Channel1.o)
 .debug_line    0x00003439       0xb3 .\CortexM3\ARM_GCC_541\Debug\Design01.a(Opamp_Channel1_1.o)
 .debug_line    0x000034ec       0x66 .\CortexM3\ARM_GCC_541\Debug\Design01.a(CyBootAsmGnu.o)
 .debug_line    0x00003552      0x1e9 .\CortexM3\ARM_GCC_541\Debug\Design01.a(CyFlash.o)
 .debug_line    0x0000373b      0x23c .\CortexM3\ARM_GCC_541\Debug\Design01.a(CySpc.o)
 .debug_line    0x00003977       0x60 .\CortexM3\ARM_GCC_541\Debug\Design01.a(cyutils.o)
 .debug_line    0x000039d7       0x9b .\CortexM3\ARM_GCC_541\Debug\Design01.a(USBUART_1_cls.o)
 .debug_line    0x00003a72       0x65 .\CortexM3\ARM_GCC_541\Debug\Design01.a(USBUART_1_descr.o)

.debug_frame    0x00000000     0x2b80
 *(.debug_frame)
 .debug_frame   0x00000000       0x64 .\CortexM3\ARM_GCC_541\Debug\main.o
 .debug_frame   0x00000064       0xf8 .\CortexM3\ARM_GCC_541\Debug\DSP.o
 .debug_frame   0x0000015c       0xfc .\CortexM3\ARM_GCC_541\Debug\cyfitter_cfg.o
 .debug_frame   0x00000258       0xb8 .\CortexM3\ARM_GCC_541\Debug\Cm3Start.o
 .debug_frame   0x00000310      0x1f8 .\CortexM3\ARM_GCC_541\Debug\Design01.a(CyDmac.o)
 .debug_frame   0x00000508      0x738 .\CortexM3\ARM_GCC_541\Debug\Design01.a(CyLib.o)
 .debug_frame   0x00000c40      0x1f8 .\CortexM3\ARM_GCC_541\Debug\Design01.a(cyPm.o)
 .debug_frame   0x00000e38       0x30 .\CortexM3\ARM_GCC_541\Debug\Design01.a(Control_Reg_1.o)
 .debug_frame   0x00000e68      0x230 .\CortexM3\ARM_GCC_541\Debug\Design01.a(USBUART_1.o)
 .debug_frame   0x00001098      0x288 .\CortexM3\ARM_GCC_541\Debug\Design01.a(USBUART_1_cdc.o)
 .debug_frame   0x00001320      0x194 .\CortexM3\ARM_GCC_541\Debug\Design01.a(USBUART_1_drv.o)
 .debug_frame   0x000014b4       0x94 .\CortexM3\ARM_GCC_541\Debug\Design01.a(USBUART_1_episr.o)
 .debug_frame   0x00001548       0xa0 .\CortexM3\ARM_GCC_541\Debug\Design01.a(USBUART_1_pm.o)
 .debug_frame   0x000015e8      0x184 .\CortexM3\ARM_GCC_541\Debug\Design01.a(USBUART_1_std.o)
 .debug_frame   0x0000176c       0x20 .\CortexM3\ARM_GCC_541\Debug\Design01.a(USBUART_1_vnd.o)
 .debug_frame   0x0000178c       0x70 .\CortexM3\ARM_GCC_541\Debug\Design01.a(USBUART_1_Dp.o)
 .debug_frame   0x000017fc      0x104 .\CortexM3\ARM_GCC_541\Debug\Design01.a(USB_isr.o)
 .debug_frame   0x00001900       0x54 .\CortexM3\ARM_GCC_541\Debug\Design01.a(USBUART_1_ep3_dma.o)
 .debug_frame   0x00001954       0x54 .\CortexM3\ARM_GCC_541\Debug\Design01.a(USBUART_1_ep2_dma.o)
 .debug_frame   0x000019a8       0x54 .\CortexM3\ARM_GCC_541\Debug\Design01.a(USBUART_1_ep1_dma.o)
 .debug_frame   0x000019fc      0x13c .\CortexM3\ARM_GCC_541\Debug\Design01.a(ShiftReg_5.o)
 .debug_frame   0x00001b38      0x13c .\CortexM3\ARM_GCC_541\Debug\Design01.a(ShiftReg_6.o)
 .debug_frame   0x00001c74      0x13c .\CortexM3\ARM_GCC_541\Debug\Design01.a(ShiftReg_7.o)
 .debug_frame   0x00001db0      0x13c .\CortexM3\ARM_GCC_541\Debug\Design01.a(ShiftReg_8.o)
 .debug_frame   0x00001eec       0xb4 .\CortexM3\ARM_GCC_541\Debug\Design01.a(Count7_1.o)
 .debug_frame   0x00001fa0       0x78 .\CortexM3\ARM_GCC_541\Debug\Design01.a(Opamp_Channel1.o)
 .debug_frame   0x00002018       0x9c .\CortexM3\ARM_GCC_541\Debug\Design01.a(PGA_Channel1.o)
 .debug_frame   0x000020b4       0x78 .\CortexM3\ARM_GCC_541\Debug\Design01.a(Opamp_Channel1_1.o)
 .debug_frame   0x0000212c      0x174 .\CortexM3\ARM_GCC_541\Debug\Design01.a(CyFlash.o)
 .debug_frame   0x000022a0      0x160 .\CortexM3\ARM_GCC_541\Debug\Design01.a(CySpc.o)
 .debug_frame   0x00002400       0x20 .\CortexM3\ARM_GCC_541\Debug\Design01.a(cyutils.o)
 .debug_frame   0x00002420       0x2c .\CortexM3\ARM_GCC_541\Debug\Design01.a(USBUART_1_cls.o)
 .debug_frame   0x0000244c       0x2c c:/program files (x86)/cypress/psoc creator/4.2/psoc creator/import/gnu/arm/5.4.1/bin/../lib/gcc/arm-none-eabi/5.4.1/armv7-m\libgcc.a(_fixunsdfdi.o)
 .debug_frame   0x00002478       0x20 c:/program files (x86)/cypress/psoc creator/4.2/psoc creator/import/gnu/arm/5.4.1/bin/../lib/gcc/arm-none-eabi/5.4.1/../../../../arm-none-eabi/lib/armv7-m\libg_nano.a(lib_a-atof.o)
 .debug_frame   0x00002498       0x20 c:/program files (x86)/cypress/psoc creator/4.2/psoc creator/import/gnu/arm/5.4.1/bin/../lib/gcc/arm-none-eabi/5.4.1/../../../../arm-none-eabi/lib/armv7-m\libg_nano.a(lib_a-errno.o)
 .debug_frame   0x000024b8       0x28 c:/program files (x86)/cypress/psoc creator/4.2/psoc creator/import/gnu/arm/5.4.1/bin/../lib/gcc/arm-none-eabi/5.4.1/../../../../arm-none-eabi/lib/armv7-m\libg_nano.a(lib_a-exit.o)
 .debug_frame   0x000024e0       0x2c c:/program files (x86)/cypress/psoc creator/4.2/psoc creator/import/gnu/arm/5.4.1/bin/../lib/gcc/arm-none-eabi/5.4.1/../../../../arm-none-eabi/lib/armv7-m\libg_nano.a(lib_a-init.o)
 .debug_frame   0x0000250c       0x28 c:/program files (x86)/cypress/psoc creator/4.2/psoc creator/import/gnu/arm/5.4.1/bin/../lib/gcc/arm-none-eabi/5.4.1/../../../../arm-none-eabi/lib/armv7-m\libg_nano.a(lib_a-memcpy-stub.o)
 .debug_frame   0x00002534       0x20 c:/program files (x86)/cypress/psoc creator/4.2/psoc creator/import/gnu/arm/5.4.1/bin/../lib/gcc/arm-none-eabi/5.4.1/../../../../arm-none-eabi/lib/armv7-m\libg_nano.a(lib_a-memset.o)
 .debug_frame   0x00002554       0x2c c:/program files (x86)/cypress/psoc creator/4.2/psoc creator/import/gnu/arm/5.4.1/bin/../lib/gcc/arm-none-eabi/5.4.1/../../../../arm-none-eabi/lib/armv7-m\libg_nano.a(lib_a-strncmp.o)
 .debug_frame   0x00002580       0x98 c:/program files (x86)/cypress/psoc creator/4.2/psoc creator/import/gnu/arm/5.4.1/bin/../lib/gcc/arm-none-eabi/5.4.1/../../../../arm-none-eabi/lib/armv7-m\libg_nano.a(lib_a-strtod.o)
 .debug_frame   0x00002618       0x70 c:/program files (x86)/cypress/psoc creator/4.2/psoc creator/import/gnu/arm/5.4.1/bin/../lib/gcc/arm-none-eabi/5.4.1/../../../../arm-none-eabi/lib/armv7-m\libg_nano.a(lib_a-gdtoa-gethex.o)
 .debug_frame   0x00002688       0x74 c:/program files (x86)/cypress/psoc creator/4.2/psoc creator/import/gnu/arm/5.4.1/bin/../lib/gcc/arm-none-eabi/5.4.1/../../../../arm-none-eabi/lib/armv7-m\libg_nano.a(lib_a-gdtoa-hexnan.o)
 .debug_frame   0x000026fc       0x98 c:/program files (x86)/cypress/psoc creator/4.2/psoc creator/import/gnu/arm/5.4.1/bin/../lib/gcc/arm-none-eabi/5.4.1/../../../../arm-none-eabi/lib/armv7-m\libg_nano.a(lib_a-locale.o)
 .debug_frame   0x00002794      0x234 c:/program files (x86)/cypress/psoc creator/4.2/psoc creator/import/gnu/arm/5.4.1/bin/../lib/gcc/arm-none-eabi/5.4.1/../../../../arm-none-eabi/lib/armv7-m\libg_nano.a(lib_a-mprec.o)
 .debug_frame   0x000029c8       0x2c c:/program files (x86)/cypress/psoc creator/4.2/psoc creator/import/gnu/arm/5.4.1/bin/../lib/gcc/arm-none-eabi/5.4.1/../../../../arm-none-eabi/lib/armv7-m\libg_nano.a(lib_a-nano-callocr.o)
 .debug_frame   0x000029f4       0x2c c:/program files (x86)/cypress/psoc creator/4.2/psoc creator/import/gnu/arm/5.4.1/bin/../lib/gcc/arm-none-eabi/5.4.1/../../../../arm-none-eabi/lib/armv7-m\libg_nano.a(lib_a-nano-mallocr.o)
 .debug_frame   0x00002a20       0x2c c:/program files (x86)/cypress/psoc creator/4.2/psoc creator/import/gnu/arm/5.4.1/bin/../lib/gcc/arm-none-eabi/5.4.1/../../../../arm-none-eabi/lib/armv7-m\libg_nano.a(lib_a-sbrkr.o)
 .debug_frame   0x00002a4c       0x20 c:/program files (x86)/cypress/psoc creator/4.2/psoc creator/import/gnu/arm/5.4.1/bin/../lib/gcc/arm-none-eabi/5.4.1/../../../../arm-none-eabi/lib/armv7-m\libg_nano.a(lib_a-sf_nan.o)
 .debug_frame   0x00002a6c       0x20 c:/program files (x86)/cypress/psoc creator/4.2/psoc creator/import/gnu/arm/5.4.1/bin/../lib/gcc/arm-none-eabi/5.4.1/../../../../arm-none-eabi/lib/armv7-m\libg_nano.a(lib_a-strcmp.o)
 .debug_frame   0x00002a8c       0x30 c:/program files (x86)/cypress/psoc creator/4.2/psoc creator/import/gnu/arm/5.4.1/bin/../lib/gcc/arm-none-eabi/5.4.1/../../../../arm-none-eabi/lib/armv7-m\libg_nano.a(lib_a-malloc.o)
 .debug_frame   0x00002abc       0x30 c:/program files (x86)/cypress/psoc creator/4.2/psoc creator/import/gnu/arm/5.4.1/bin/../lib/gcc/arm-none-eabi/5.4.1/../../../../arm-none-eabi/lib/armv7-m\libg_nano.a(lib_a-mlock.o)
 .debug_frame   0x00002aec       0x38 c:/program files (x86)/cypress/psoc creator/4.2/psoc creator/import/gnu/arm/5.4.1/bin/../lib/gcc/arm-none-eabi/5.4.1/../../../../arm-none-eabi/lib/armv7-m\libg_nano.a(lib_a-nano-freer.o)
 .debug_frame   0x00002b24       0x5c c:/program files (x86)/cypress/psoc creator/4.2/psoc creator/import/gnu/arm/5.4.1/bin/../lib/gcc/arm-none-eabi/5.4.1/../../../../arm-none-eabi/lib/armv7-m\libg_nano.a(lib_a-reent.o)

.debug_str      0x00000000     0x34f1
 *(.debug_str)
 .debug_str     0x00000000      0x3b0 .\CortexM3\ARM_GCC_541\Debug\main.o
                                0x403 (size before relaxing)
 .debug_str     0x000003b0       0x6b .\CortexM3\ARM_GCC_541\Debug\DSP.o
                                0x283 (size before relaxing)
 .debug_str     0x0000041b      0x17e .\CortexM3\ARM_GCC_541\Debug\cyfitter_cfg.o
                                0x300 (size before relaxing)
 .debug_str     0x00000599       0x7f .\CortexM3\ARM_GCC_541\Debug\cymetadata.o
                                0x1cb (size before relaxing)
 .debug_str     0x00000618      0x154 .\CortexM3\ARM_GCC_541\Debug\Cm3Start.o
                                0x301 (size before relaxing)
 .debug_str     0x0000076c      0x384 .\CortexM3\ARM_GCC_541\Debug\Design01.a(CyDmac.o)
                                0x531 (size before relaxing)
 .debug_str     0x00000af0      0x7ef .\CortexM3\ARM_GCC_541\Debug\Design01.a(CyLib.o)
                                0xa2e (size before relaxing)
 .debug_str     0x000012df      0x365 .\CortexM3\ARM_GCC_541\Debug\Design01.a(cyPm.o)
                                0x71a (size before relaxing)
 .debug_str     0x00001644       0x42 .\CortexM3\ARM_GCC_541\Debug\Design01.a(Control_Reg_1.o)
                                0x1ae (size before relaxing)
 .debug_str     0x00001686      0x503 .\CortexM3\ARM_GCC_541\Debug\Design01.a(USBUART_1.o)
                                0x7b6 (size before relaxing)
 .debug_str     0x00001b89      0x51e .\CortexM3\ARM_GCC_541\Debug\Design01.a(USBUART_1_cdc.o)
                                0x822 (size before relaxing)
 .debug_str     0x000020a7      0x2c1 .\CortexM3\ARM_GCC_541\Debug\Design01.a(USBUART_1_drv.o)
                                0x683 (size before relaxing)
 .debug_str     0x00002368       0xb5 .\CortexM3\ARM_GCC_541\Debug\Design01.a(USBUART_1_episr.o)
                                0x377 (size before relaxing)
 .debug_str     0x0000241d       0xe6 .\CortexM3\ARM_GCC_541\Debug\Design01.a(USBUART_1_pm.o)
                                0x302 (size before relaxing)
 .debug_str     0x00002503      0x27b .\CortexM3\ARM_GCC_541\Debug\Design01.a(USBUART_1_std.o)
                                0x7f8 (size before relaxing)
 .debug_str     0x0000277e       0x27 .\CortexM3\ARM_GCC_541\Debug\Design01.a(USBUART_1_vnd.o)
                                0x1da (size before relaxing)
 .debug_str     0x000027a5       0xb0 .\CortexM3\ARM_GCC_541\Debug\Design01.a(USBUART_1_Dp.o)
                                0x236 (size before relaxing)
 .debug_str     0x00002855       0xe2 .\CortexM3\ARM_GCC_541\Debug\Design01.a(USB_isr.o)
                                0x2a9 (size before relaxing)
 .debug_str     0x00002937       0x97 .\CortexM3\ARM_GCC_541\Debug\Design01.a(USBUART_1_ep3_dma.o)
                                0x273 (size before relaxing)
 .debug_str     0x000029ce       0x5c .\CortexM3\ARM_GCC_541\Debug\Design01.a(USBUART_1_ep2_dma.o)
                                0x273 (size before relaxing)
 .debug_str     0x00002a2a       0x5c .\CortexM3\ARM_GCC_541\Debug\Design01.a(USBUART_1_ep1_dma.o)
                                0x273 (size before relaxing)
 .debug_str     0x00002a86      0x128 .\CortexM3\ARM_GCC_541\Debug\Design01.a(ShiftReg_5.o)
                                0x324 (size before relaxing)
 .debug_str     0x00002bae       0xfc .\CortexM3\ARM_GCC_541\Debug\Design01.a(ShiftReg_6.o)
                                0x324 (size before relaxing)
 .debug_str     0x00002caa      0x111 .\CortexM3\ARM_GCC_541\Debug\Design01.a(ShiftReg_7.o)
                                0x324 (size before relaxing)
 .debug_str     0x00002dbb      0x111 .\CortexM3\ARM_GCC_541\Debug\Design01.a(ShiftReg_8.o)
                                0x324 (size before relaxing)
 .debug_str     0x00002ecc       0xac .\CortexM3\ARM_GCC_541\Debug\Design01.a(Count7_1.o)
                                0x278 (size before relaxing)
 .debug_str     0x00002f78       0x87 .\CortexM3\ARM_GCC_541\Debug\Design01.a(Opamp_Channel1.o)
                                0x21d (size before relaxing)
 .debug_str     0x00002fff       0xc4 .\CortexM3\ARM_GCC_541\Debug\Design01.a(PGA_Channel1.o)
                                0x25c (size before relaxing)
 .debug_str     0x000030c3       0x8b .\CortexM3\ARM_GCC_541\Debug\Design01.a(Opamp_Channel1_1.o)
                                0x22b (size before relaxing)
 .debug_str     0x0000314e      0x195 .\CortexM3\ARM_GCC_541\Debug\Design01.a(CyFlash.o)
                                0x388 (size before relaxing)
 .debug_str     0x000032e3       0xac .\CortexM3\ARM_GCC_541\Debug\Design01.a(CySpc.o)
                                0x311 (size before relaxing)
 .debug_str     0x0000338f       0x29 .\CortexM3\ARM_GCC_541\Debug\Design01.a(cyutils.o)
                                0x199 (size before relaxing)
 .debug_str     0x000033b8       0x27 .\CortexM3\ARM_GCC_541\Debug\Design01.a(USBUART_1_cls.o)
                                0x2a1 (size before relaxing)
 .debug_str     0x000033df      0x112 .\CortexM3\ARM_GCC_541\Debug\Design01.a(USBUART_1_descr.o)
                                0x35a (size before relaxing)

.debug_loc      0x00000000     0x45ee
 *(.debug_loc)
 .debug_loc     0x00000000      0x16d .\CortexM3\ARM_GCC_541\Debug\DSP.o
 .debug_loc     0x0000016d      0x1fd .\CortexM3\ARM_GCC_541\Debug\cyfitter_cfg.o
 .debug_loc     0x0000036a      0x144 .\CortexM3\ARM_GCC_541\Debug\Cm3Start.o
 .debug_loc     0x000004ae      0xb8e .\CortexM3\ARM_GCC_541\Debug\Design01.a(CyDmac.o)
 .debug_loc     0x0000103c      0xa11 .\CortexM3\ARM_GCC_541\Debug\Design01.a(CyLib.o)
 .debug_loc     0x00001a4d      0x1e4 .\CortexM3\ARM_GCC_541\Debug\Design01.a(cyPm.o)
 .debug_loc     0x00001c31      0x52e .\CortexM3\ARM_GCC_541\Debug\Design01.a(USBUART_1.o)
 .debug_loc     0x0000215f      0x56a .\CortexM3\ARM_GCC_541\Debug\Design01.a(USBUART_1_cdc.o)
 .debug_loc     0x000026c9      0x171 .\CortexM3\ARM_GCC_541\Debug\Design01.a(USBUART_1_drv.o)
 .debug_loc     0x0000283a       0x50 .\CortexM3\ARM_GCC_541\Debug\Design01.a(USBUART_1_episr.o)
 .debug_loc     0x0000288a       0x26 .\CortexM3\ARM_GCC_541\Debug\Design01.a(USBUART_1_pm.o)
 .debug_loc     0x000028b0      0x945 .\CortexM3\ARM_GCC_541\Debug\Design01.a(USBUART_1_std.o)
 .debug_loc     0x000031f5       0x84 .\CortexM3\ARM_GCC_541\Debug\Design01.a(USBUART_1_Dp.o)
 .debug_loc     0x00003279       0x56 .\CortexM3\ARM_GCC_541\Debug\Design01.a(USB_isr.o)
 .debug_loc     0x000032cf       0x84 .\CortexM3\ARM_GCC_541\Debug\Design01.a(USBUART_1_ep3_dma.o)
 .debug_loc     0x00003353       0x84 .\CortexM3\ARM_GCC_541\Debug\Design01.a(USBUART_1_ep2_dma.o)
 .debug_loc     0x000033d7       0x84 .\CortexM3\ARM_GCC_541\Debug\Design01.a(USBUART_1_ep1_dma.o)
 .debug_loc     0x0000345b      0x1b8 .\CortexM3\ARM_GCC_541\Debug\Design01.a(ShiftReg_5.o)
 .debug_loc     0x00003613      0x1b8 .\CortexM3\ARM_GCC_541\Debug\Design01.a(ShiftReg_6.o)